******************************************************************************
               TMS320C6x Linker PC v8.3.3                      
******************************************************************************
>> Linked Sun Oct 31 16:21:49 2021

OUTPUT FILE NAME:   <area_scanner_68xx_dss_isk.xe674>
ENTRY POINT SYMBOL: "_c_int00"  address: 007fda60


MEMORY CONFIGURATION

         name            origin    length      used     unused   attr    fill
----------------------  --------  ---------  --------  --------  ----  --------
PAGE 0:
  L2SRAM_UMAP1          007e0000   00020000  00020000  00000000  RWIX
  L2SRAM_UMAP0          00800000   00020000  0001fc94  0000036c  RWIX
  L1PSRAM               00e00000   00004000  00000000  00004000  RWIX
  L1DSRAM               00f00000   00004000  00004000  00000000  RWIX
  L3SRAM                20000000   000bff00  000bff00  00000000  RWIX
  L3SRAM_CODE           200bff00   00000100  00000000  00000100  RWIX
  HWA_RAM               21030000   00010000  00000000  00010000  RWIX
  HSRAM                 21080000   00008000  00008000  00000000  RWIX

PAGE 1:
  L3SRAM                20000000   000bff00  00000000  000bff00  RWIX


SEGMENT ALLOCATION MAP

run origin  load origin   length   init length attrs members
----------  ----------- ---------- ----------- ----- -------
007e0000    007e0000    00022aa0   00022aa0    r-x
  007e0000    007e0000    00000200   00000200    r-x .vecs
  007e0200    007e0200    0001fe00   0001fe00    r-x .text.1
  00800000    00800000    00002aa0   00002aa0    r-x .text.2
00802aa0    00802aa0    00016000   00000000    rw-
  00802aa0    00802aa0    0000e000   00000000    rw- .dpc_l2Heap
  00810aa0    00810aa0    00008000   00000000    rw- systemHeap
00818aa0    00818aa0    00003518   00003518    r--
  00818aa0    00818aa0    00003518   00003518    r-- .const
0081bfb8    0081bfb8    00002348   00000000    rw-
  0081bfb8    0081bfb8    00002344   00000000    rw- .far
  0081e2fc    0081e2fc    00000004   00000000    rw- .bss
0081e300    0081e300    000018c8   00000fa4    rw-
  0081e300    0081e300    00000fa4   00000fa4    rw- .fardata
  0081f2a8    0081f2a8    00000800   00000000    rw- .stack
  0081faa8    0081faa8    00000120   00000000    rw- .cio
0081fbc8    0081fbc8    000000c4   000000c4    r--
  0081fbc8    0081fbc8    000000c4   000000c4    r-- .switch
0081fc8c    0081fc8c    0000000c   0000000c    rw-
  0081fc8c    0081fc8c    0000000c   0000000c    rw- .neardata
00f00000    00f00000    00004000   00000000    rw-
  00f00000    00f00000    00004000   00000000    rw- .dpc_l1Heap
20000000    20000000    000bff00   00000000    rw-
  20000000    20000000    000bff00   00000000    rw- .l3ram
21080000    21080000    00008000   00000000    rw-
  21080000    21080000    00008000   00000000    rw- .demoSharedMem


SECTION ALLOCATION MAP

 output                                  attributes/
section   page    origin      length       input sections
--------  ----  ----------  ----------   ----------------
.vecs      0    007e0000    00000200     
                  007e0000    00000200     mmw_dss_pe674.oe674 (.vecs)

.text.1    0    007e0200    0001fe00     
                  007e0200    00001660     libstaticdetproc_dsp_isk_xwr68xx.ae674 : staticdetprocdsp.oe674 (.text:DPU_StaticDetProcDSP_process)
                  007e1860    00000ba0     sysbios.ae674 : BIOS.obj (.text:xdc_runtime_System_doPrint__I)
                  007e2400    00000960     libaoaproc_dsp_xwr68xx.ae674 : aoaprocdsp.oe674 (.text:AoAProcDSP_processMultipleVirtualAntennas)
                  007e2d60    00000820     objectdetection.oe674 (.text:DPC_ObjDetDSP_preStartConfig)
                  007e3580    000007e0     objectdetection.oe674 (.text:DPC_ObjectDetection_ioctl)
                  007e3d60    00000780     sysbios.ae674 : BIOS.obj (.text:ti_sysbios_family_c64p_Exception_handler__I)
                  007e44e0    00000740     objectdetection.oe674 (.text:DPC_ObjDetDSP_rangeBiasRxChPhaseMeasure)
                  007e4c20    000006a0     libmmwavealg_xwr68xx.ae674 : mmwavelib_cfarca_sogo.oe674 (.text:mmwavelib_cfarCadB_SOGO_wNoise)
                  007e52c0    000006a0     sysbios.ae674 : BIOS.obj (.text:ti_sysbios_knl_Semaphore_pend__E)
                  007e5960    00000680                   : BIOS.obj (.text:ti_sysbios_heaps_HeapMem_allocUnprotected__E)
                  007e5fe0    00000660     libstaticdetproc_dsp_isk_xwr68xx.ae674 : staticdetprocdsp.oe674 (.text:DPU_StaticDetProcDSP_detection)
                  007e6640    00000660     sysbios.ae674 : BIOS.obj (.text:ti_sysbios_heaps_HeapMem_freeUnprotected__E)
                  007e6ca0    000005e0     rts6740_elf.lib : divd.c.obj (.text:__c6xabi_divd)
                  007e7280    000005c0     libdopplerproc_dsp_xwr68xx.ae674 : dopplerprocdsp.oe674 (.text:DPU_DopplerProcDSP_process)
                  007e7840    000005a0     sysbios.ae674 : BIOS.obj (.text:ti_sysbios_knl_Task_Instance_finalize__E)
                  007e7de0    00000580     libmmwavealg_xwr68xx.ae674 : mmwavelib_peakpruning.oe674 (.text:mmwavelib_cfarPeakQualifiedInOrderPruning)
                  007e8360    00000560     libaoaproc_dsp_xwr68xx.ae674 : aoaprocdsp.oe674 (.text:DPU_AoAProcDSP_config)
                  007e88c0    00000520     dss_main.oe674 (.text:MmwDemo_DPC_ObjectDetection_dpmTask)
                  007e8de0    000004e0     libmmwavealg_xwr68xx.ae674 : mmwavelib_windowcoef_gen.oe674 (.text:mmwavelib_windowCoef_gen)
                  007e92c0    000004a0     objectdetection.oe674 (.text:DPC_ObjDetDSP_AoAconfig)
                  007e9760    000004a0     objectdetection.oe674 (.text:DPC_ObjDetDSP_staticDetConfig)
                  007e9c00    000004a0     libdopplerproc_dsp_xwr68xx.ae674 : dopplerprocdsp.oe674 (.text:DPU_DopplerProcDSP_config)
                  007ea0a0    00000460     libmmwavealg_xwr68xx.ae674 : mmwavelib_cfarca.oe674 (.text:mmwavelib_cfarCadBwrap_wNoise)
                  007ea500    00000440     libcfarcaproc_dsp_xwr68xx.ae674 : cfarcaprocdsp.oe674 (.text:CFARCADSP_processRangeDomain)
                  007ea940    00000440     sysbios.ae674 : BIOS.obj (.text:ti_sysbios_knl_Task_Instance_init__E)
                  007ead80    00000420     libmailbox_xwr68xx.ae674 : mailbox.oe674 (.text:Mailbox_open)
                  007eb1a0    00000400     libaoaproc_dsp_xwr68xx.ae674 : aoaprocdsp.oe674 (.text:AoAProcDSP_RangeAzimuthHeatmap)
                  007eb5a0    000003e0     libmmwavealg_xwr68xx.ae674 : mmwavelib_peakpruning.oe674 (.text:mmwavelib_cfarPeakPruning)
                  007eb980    000003e0     sysbios.ae674 : BIOS.obj (.text:ti_sysbios_knl_Task_sleep__E)
                  007ebd60    000003e0                   : BIOS.obj (.text:ti_sysbios_utils_Load_updateThreadContexts__E)
                  007ec140    000003a0     libcfarcaproc_dsp_xwr68xx.ae674 : cfarcaprocdsp.oe674 (.text:DPU_CFARCAProcDSP_process)
                  007ec4e0    00000380     dsplib.ae64P : DSP_fft32x32_sa.oe64P (.text:psa)
                  007ec860    00000360     libdpm_xwr68xx.ae674 : dpm_core.oe674 (.text:DPM_init)
                  007ecbc0    00000360                          : dpm_msg.oe674 (.text:DPM_msgRecv)
                  007ecf20    00000340     libcfarcaproc_dsp_xwr68xx.ae674 : cfarcaprocdsp.oe674 (.text:CFARCADSP_processDopplerDomain)
                  007ed260    00000320     libaoaproc_dsp_xwr68xx.ae674 : aoaprocdsp.oe674 (.text:AoAProcDSP_XYZestimation)
                  007ed580    00000320     rts6740_elf.lib : cos.c.obj (.text:cos)
                  007ed8a0    00000300     sysbios.ae674 : BIOS.obj (.text:xdc_runtime_LoggerBuf_write8__E)
                  007edba0    000002e0     rts6740_elf.lib : sin.c.obj (.text:sin)
                  007ede80    000002e0     sysbios.ae674 : BIOS.obj (.text:ti_sysbios_heaps_HeapMem_Instance_init__E)
                  007ee160    000002e0                   : BIOS.obj (.text:xdc_runtime_Core_createObject__I)
                  007ee440    000002c0     libaoaproc_dsp_xwr68xx.ae674 : aoaprocdsp.oe674 (.text:AoAProcDSP_dopplerCompensation)
                  007ee700    000002c0     objectdetection.oe674 (.text:DPC_ObjDetDSP_dopplerConfig)
                  007ee9c0    000002c0     libedma_xwr68xx.ae674 : edma.oe674 (.text:EDMA_configChannel)
                  007eec80    000002c0                           : edma.oe674 (.text:EDMA_configErrorMonitoring)
                  007eef40    000002c0     sysbios.ae674 : BIOS.obj (.text:ti_sysbios_knl_Task_postInit__I)
                  007ef200    000002c0                   : BIOS.obj (.text:ti_sysbios_timers_rti_Timer_Module_startup__E)
                  007ef4c0    000002a0     objectdetection.oe674 (.text:DPC_ObjectDetection_execute)
                  007ef760    000002a0     libaoaproc_dsp_xwr68xx.ae674 : aoaprocdsp.oe674 (.text:DPU_AoAProcDSP_control)
                  007efa00    000002a0     libedma_xwr68xx.ae674 : edma.oe674 (.text:EDMA_open)
                  007efca0    000002a0     sysbios.ae674 : BIOS.obj (.text:ti_sysbios_family_c64p_EventCombiner_dispatch__E)
                  007eff40    000002a0                   : BIOS.obj (.text:ti_sysbios_timers_rti_Timer_getFreq__E)
                  007f01e0    00000280     libcfarcaproc_dsp_xwr68xx.ae674 : cfarcaprocdsp.oe674 (.text:DPU_CFARCAProcDSP_config)
                  007f0460    00000280     rts6740_elf.lib : divf.c.obj (.text:__c6xabi_divf)
                  007f06e0    00000280     sysbios.ae674 : BIOS.obj (.text:ti_sysbios_family_c64p_Cache_Module_startup__E)
                  007f0960    00000280                   : BIOS.obj (.text:xdc_runtime_Startup_startMods__I)
                  007f0be0    00000260     libstaticdetproc_dsp_isk_xwr68xx.ae674 : staticdetprocdsp.oe674 (.text:DPU_StaticDetProcDSP_config)
                  007f0e40    00000260     dss_main.oe674 (.text:MmwDemo_dssInitTask)
                  007f10a0    00000260     rts6740_elf.lib : imath64.c.obj (.text:__c6xabi_divull)
                  007f1300    00000260     sysbios.ae674 : BIOS.obj (.text:ti_sysbios_gates_GateMutex_enter__E)
                  007f1560    00000240     libcfarcaproc_dsp_xwr68xx.ae674 : cfarcaprocdsp.oe674 (.text:DPU_CFARCAProcDSP_control)
                  007f17a0    00000240     sysbios.ae674 : BIOS.obj (.text:ti_sysbios_family_c64p_Exception_internalHandler__I)
                  007f19e0    00000240                   : BIOS.obj (.text:xdc_runtime_Error_policyDefault__E)
                  007f1c20    00000240     mmw_dss_pe674.oe674 (.text:xdc_runtime_System_printfExtend__I)
                  007f1e60    00000220     libedma_xwr68xx.ae674 : edma.oe674 (.text:EDMA_transferComplete_isr)
                  007f2080    00000220     libmailbox_xwr68xx.ae674 : mailbox.oe674 (.text:Mailbox_write)
                  007f22a0    00000220     sysbios.ae674 : BIOS.obj (.text:ti_sysbios_family_c64p_EventCombiner_dispatchPlug__E)
                  007f24c0    00000220                   : BIOS.obj (.text:ti_sysbios_family_c64p_EventCombiner_enableEvent__E)
                  007f26e0    00000220                   : BIOS.obj (.text:xdc_runtime_LoggerBuf_write4__E)
                  007f2900    00000200     objectdetection.oe674 (.text:DPC_ObjDetDSP_CFARCAconfig)
                  007f2b00    00000200     libdpm_xwr68xx.ae674 : dpm_msg.oe674 (.text:DPM_msgResultHandler)
                  007f2d00    00000200     libaoaproc_dsp_xwr68xx.ae674 : aoaprocdsp.oe674 (.text:DPU_AoAProcDSP_process)
                  007f2f00    00000200     sysbios.ae674 : c64p_Hwi_disp_always.obj (.text:_ti_sysbios_family_c64p_Hwi_dispatchAlways)
                  007f3100    00000200     rts6740_elf.lib : atan.c.obj (.text:atan)
                  007f3300    00000200     libmmwavealg_xwr68xx.ae674 : mmwavelib_log2abs.oe674 (.text:mmwavelib_log2Abs32)
                  007f3500    00000200     sysbios.ae674 : BIOS.obj (.text:ti_sysbios_family_c64p_EventCombiner_disableEvent__E)
                  007f3700    00000200                   : BIOS.obj (.text:ti_sysbios_utils_Load_idleFxn__E)
                  007f3900    00000200                   : BIOS.obj (.text:xdc_runtime_Core_constructObject__I)
                  007f3b00    000001e0     objectdetection.oe674 (.text:DPC_ObjectDetection_init)
                  007f3ce0    000001e0     libstaticdetproc_dsp_isk_xwr68xx.ae674 : staticdetprocdsp.oe674 (.text:DPU_StaticDetProcDSP_steeringVecGen)
                  007f3ec0    000001e0     libedma_xwr68xx.ae674 : edma.oe674 (.text:EDMA_init)
                  007f40a0    000001e0     libmmwavealg_xwr68xx.ae674 : mmwavelib_ffttwiddle_gen.oe674 (.text:mmwavelib_gen_twiddle_smallfft_32x32)
                  007f4280    000001e0     sysbios.ae674 : BIOS.obj (.text:ti_sysbios_knl_Semaphore_post__E)
                  007f4460    000001c0     libdpedma_hwa_xwr68xx.ae674 : dpedma.oe674 (.text:DPEDMA_configSyncAB)
                  007f4620    000001c0                                 : dpedma.oe674 (.text:DPEDMA_configSyncA_singleFrame)
                  007f47e0    000001c0     libmailbox_xwr68xx.ae674 : mailbox.oe674 (.text:Mailbox_read)
                  007f49a0    000001c0     libsoc_xwr68xx.ae674 : soc.oe674 (.text:SOC_deregisterSysIntListener)
                  007f4b60    000001c0     rts6740_elf.lib : atan2.c.obj (.text:atan2)
                  007f4d20    000001c0                     : fputc.c.obj (.text:fputc)
                  007f4ee0    000001c0                     : frexp.c.obj (.text:frexp)
                  007f50a0    000001c0     libmmwavealg_xwr68xx.ae674 : mmwavelib_secondpeak.oe674 (.text:mmwavelib_secondPeakSearch)
                  007f5260    000001c0     rts6740_elf.lib : setvbuf.c.obj (.text:setvbuf)
                  007f5420    000001c0     sysbios.ae674 : BIOS.obj (.text:ti_sysbios_knl_Swi_restoreHwi__E)
                  007f55e0    000001c0                   : BIOS.obj (.text:ti_sysbios_knl_Task_checkStacks__E)
                  007f57a0    000001c0                   : BIOS.obj (.text:xdc_runtime_Text_putSite__E)
                  007f5960    000001a0     libedma_xwr68xx.ae674 : edma.oe674 (.text:EDMA_paramConfig_assist)
                  007f5b00    000001a0     rts6740_elf.lib : hostrename.c.obj (.text:HOSTrename)
                  007f5ca0    000001a0                     : asin.c.obj (.text:asin)
                  007f5e40    000001a0     sysbios.ae674 : BIOS.obj (.text:ti_sysbios_family_c64p_Cache_getL2InitSize__I)
                  007f5fe0    000001a0                   : BIOS.obj (.text:ti_sysbios_heaps_HeapBuf_Module_startup__E)
                  007f6180    000001a0                   : BIOS.obj (.text:ti_sysbios_knl_Swi_runLoop__I)
                  007f6320    000001a0                   : BIOS.obj (.text:ti_sysbios_knl_Task_exit__E)
                  007f64c0    000001a0                   : BIOS.obj (.text:ti_sysbios_timers_rti_Timer_startup__E)
                  007f6660    00000180     libdpm_xwr68xx.ae674 : dpm_core.oe674 (.text:DPM_deinit)
                  007f67e0    00000180                          : dpm_core.oe674 (.text:DPM_ioctl)
                  007f6960    00000180     dss_main.oe674 (.text:MmwDemo_sensorStopEpilog)
                  007f6ae0    00000180     sysbios.ae674 : c64p_Exception_asm.obj (.text)
                  007f6c60    00000180                   : BIOS.obj (.text:ti_sysbios_knl_Task_schedule__I)
                  007f6de0    00000180                   : BIOS.obj (.text:ti_sysbios_utils_Load_startup__E)
                  007f6f60    00000160     libdpm_xwr68xx.ae674 : dpm_msg.oe674 (.text:DPM_msgResponseHandler)
                  007f70c0    00000160     libedma_xwr68xx.ae674 : edma.oe674 (.text:EDMA_getErrorStatusInfo)
                  007f7220    00000160     libmailbox_xwr68xx.ae674 : mailbox.oe674 (.text:Mailbox_close)
                  007f7380    00000160     libsoc_xwr68xx.ae674 : soc.oe674 (.text:SOC_registerSysIntListener)
                  007f74e0    00000160                          : soc_xwr68xx.oe674 (.text:SOC_ungateClock)
                  007f7640    00000160     rts6740_elf.lib : sqrt.c.obj (.text:sqrt)
                  007f77a0    00000160     sysbios.ae674 : BIOS.obj (.text:ti_sysbios_family_c64p_Cache_getL1DInitSize__I)
                  007f7900    00000160                   : BIOS.obj (.text:ti_sysbios_family_c64p_Cache_getL1PInitSize__I)
                  007f7a60    00000160                   : BIOS.obj (.text:ti_sysbios_family_c64p_Hwi_Module_startup__E)
                  007f7bc0    00000160                   : BIOS.obj (.text:xdc_runtime_Core_deleteObject__I)
                  007f7d20    00000160                   : BIOS.obj (.text:xdc_runtime_LoggerBuf_getFilterLevel__E)
                  007f7e80    00000160                   : BIOS.obj (.text:xdc_runtime_LoggerBuf_setFilterLevel__E)
                  007f7fe0    00000140     libaoaproc_dsp_xwr68xx.ae674 : aoaprocdsp.oe674 (.text:AoAProcDSP_ConvertFov)
                  007f8120    00000140     objectdetection.oe674 (.text:DPC_ObjDetDSP_reconfigSubFrame)
                  007f8260    00000140     libedma_xwr68xx.ae674 : edma_low_level.oe674 (.text:EDMA3Init)
                  007f83a0    00000140                           : edma.oe674 (.text:EDMA_clearErrors)
                  007f84e0    00000140     libsoc_xwr68xx.ae674 : soc.oe674 (.text:SOC_init)
                  007f8620    00000140     sysbios.ae674 : BIOS.obj (.text:ti_sysbios_knl_Semaphore_Instance_init__E)
                  007f8760    00000140                   : BIOS.obj (.text:ti_sysbios_knl_Task_Module_startup__E)
                  007f88a0    00000140                   : BIOS.obj (.text:ti_sysbios_knl_Task_startCore__E)
                  007f89e0    00000140                   : BIOS.obj (.text:ti_sysbios_timers_rti_Timer_initDevice__I)
                  007f8b20    00000140                   : BIOS.obj (.text:ti_sysbios_utils_Load_addTask__E)
                  007f8c60    00000140                   : BIOS.obj (.text:ti_sysbios_utils_Load_updateLoads__E)
                  007f8da0    00000140                   : BIOS.obj (.text:xdc_runtime_Memory_alloc__E)
                  007f8ee0    00000140                   : BIOS.obj (.text:xdc_runtime_Text_putLab__E)
                  007f9020    00000140                   : BIOS.obj (.text:xdc_runtime_Text_putMod__E)
                  007f9160    00000140                   : BIOS.obj (.text:xdc_runtime_Text_visitRope2__I)
                  007f92a0    00000120     objectdetection.oe674 (.text:DPC_ObjDetDSP_GetRxChPhaseComp)
                  007f93c0    00000120     libdpm_xwr68xx.ae674 : dpm_msg.oe674 (.text:DPM_msgDPCCfgHandler)
                  007f94e0    00000120     libedma_xwr68xx.ae674 : edma.oe674 (.text:EDMA_configParamSet)
                  007f9600    00000120     dss_main.oe674 (.text:MmwDemo_DPC_ObjectDetection_reportFxn)
                  007f9720    00000120     boot.ae674 : autoinit.oe674 (.text:_auto_init_elf)
                  007f9840    00000120     rts6740_elf.lib : getdevice.c.obj (.text:getdevice)
                  007f9960    00000120     mathlib.ae674 : cossp.oe674 (.text:optasm)
                  007f9a80    00000120                   : sinsp.oe674 (.text:optasm)
                  007f9ba0    00000120     sysbios.ae674 : BIOS.obj (.text:ti_sysbios_knl_Clock_workFunc__E)
                  007f9cc0    00000120                   : BIOS.obj (.text:ti_sysbios_timers_rti_Timer_setPeriodMicroSecs__E)
                  007f9de0    00000120                   : BIOS.obj (.text:ti_sysbios_utils_Load_taskCreateHook__E)
                  007f9f00    00000120                   : BIOS.obj (.text:ti_sysbios_utils_Load_taskDeleteHook__E)
                  007fa020    00000100     libmailbox_xwr68xx.ae674 : mailbox.oe674 (.text:Mailbox_readFlush)
                  007fa120    00000100     libsoc_xwr68xx.ae674 : soc_xwr68xx_dss.oe674 (.text:SOC_deviceInit)
                  007fa220    00000100                          : soc_xwr68xx.oe674 (.text:SOC_translateAddress)
                  007fa320    00000100     rts6740_elf.lib : fclose.c.obj (.text:__TI_closefile)
                  007fa420    00000100                     : fflush.c.obj (.text:fflush)
                  007fa520    00000100                     : fseek.c.obj (.text:fseek)
                  007fa620    00000100     dss_main.oe674 (.text:main)
                  007fa720    00000100     libmmwavealg_xwr68xx.ae674 : mmwavelib_dftsinglebin.oe674 (.text:mmwavelib_dftSinCosTabelGen)
                  007fa820    00000100     sysbios.ae674 : BIOS.obj (.text:xdc_runtime_Error_print__E)
                  007fa920    00000100                   : BIOS.obj (.text:xdc_runtime_Startup_exec__E)
                  007faa20    000000e0     objectdetection.oe674 (.text:DPC_ObjectDetection_deinit)
                  007fab00    000000e0     libdpm_xwr68xx.ae674 : dpm_core.oe674 (.text:DPM_execute)
                  007fabe0    000000e0                          : dpm_pipe.oe674 (.text:DPM_pipeSend)
                  007facc0    000000e0     libedma_xwr68xx.ae674 : edma.oe674 (.text:EDMA_isTransferComplete)
                  007fada0    000000e0                           : edma.oe674 (.text:EDMA_transferController_error_isr)
                  007fae80    000000e0     rts6740_elf.lib : hostlseek.c.obj (.text:HOSTlseek)
                  007faf60    000000e0                     : hostopen.c.obj (.text:HOSTopen)
                  007fb040    000000e0                     : hostwrite.c.obj (.text:HOSTwrite)
                  007fb120    000000e0     libmailbox_xwr68xx.ae674 : mailbox.oe674 (.text:Mailbox_boxFullISRMssDss)
                  007fb200    000000e0                              : mailbox.oe674 (.text:Mailbox_init)
                  007fb2e0    000000e0     rts6740_elf.lib : _io_perm.c.obj (.text:__TI_wrt_ok)
                  007fb3c0    000000e0                     : divi.asm.obj (.text:__divi)
                  007fb4a0    000000e0                     : close.c.obj (.text:close)
                  007fb580    000000e0                     : exit.c.obj (.text:exit)
                  007fb660    000000e0                     : memset.c.obj (.text:memset)
                  007fb740    000000e0     sysbios.ae674 : BIOS.obj (.text:ti_sysbios_utils_Load_updateCurrentThreadTime__E)
                  007fb820    000000c0     libaoaproc_dsp_xwr68xx.ae674 : aoaprocdsp.oe674 (.text:AoAProcDSP_computeHeatMapVal)
                  007fb8e0    000000c0     libcfarcaproc_dsp_xwr68xx.ae674 : cfarcaprocdsp.oe674 (.text:CFARCADSP_saveConfiguration)
                  007fb9a0    000000c0     libdpm_xwr68xx.ae674 : dpm_mailbox.oe674 (.text:DPM_mboxRemoteMailboxCallbackFxn)
                  007fba60    000000c0                          : dpm_core.oe674 (.text:DPM_sendResult)
                  007fbb20    000000c0     libdopplerproc_dsp_xwr68xx.ae674 : dopplerprocdsp.oe674 (.text:DPU_DopplerProcDSP_log2AbsAccum)
                  007fbbe0    000000c0     libedma_xwr68xx.ae674 : edma.oe674 (.text:EDMA_error_isr)
                  007fbca0    000000c0                           : edma.oe674 (.text:EDMA_startDmaTransfer)
                  007fbd60    000000c0     rts6740_elf.lib : hostread.c.obj (.text:HOSTread)
                  007fbe20    000000c0                     : hostunlink.c.obj (.text:HOSTunlink)
                  007fbee0    000000c0     libmailbox_xwr68xx.ae674 : mailbox.oe674 (.text:Mailbox_boxFullISRProcessing)
                  007fbfa0    000000c0     dss_main.oe674 (.text:MmwDemo_edmaOpen)
                  007fc060    000000c0     objectdetection.oe674 (.text:_DPC_Objdet_Assert)
                  007fc120    000000c0     rts6740_elf.lib : fflush.c.obj (.text:__TI_doflush)
                  007fc1e0    000000c0                     : divu.asm.obj (.text:__divu)
                  007fc2a0    000000c0     libmmwavealg_xwr68xx.ae674 : mmwavelib_maxpow.oe674 (.text:mmwavelib_maxpow)
                  007fc360    000000c0                                : mmwavelib_maxpow.oe674 (.text:mmwavelib_powerAndMax)
                  007fc420    000000c0     rts6740_elf.lib : modf.c.obj (.text:modf)
                  007fc4e0    000000c0     sysbios.ae674 : BIOS.obj (.text:ti_sysbios_family_c64p_Hwi_dispatchCore__I)
                  007fc5a0    000000c0                   : BIOS.obj (.text:ti_sysbios_heaps_HeapMem_alloc__E)
                  007fc660    000000c0                   : BIOS.obj (.text:ti_sysbios_heaps_HeapMem_getStats__E)
                  007fc720    000000c0                   : BIOS.obj (.text:ti_sysbios_knl_Swi_schedule__I)
                  007fc7e0    000000c0                   : BIOS.obj (.text:ti_sysbios_knl_Task_allBlockedFunction__I)
                  007fc8a0    000000c0     mmw_dss_pe674.oe674 (.text:ti_sysbios_knl_Task_create)
                  007fc960    000000c0     sysbios.ae674 : BIOS.obj (.text:ti_sysbios_knl_Task_stat__E)
                  007fca20    000000c0                   : BIOS.obj (.text:ti_sysbios_utils_Load_taskSwitchHook__E)
                  007fcae0    000000c0     rts6740_elf.lib : tls.c.obj (.text:tls:init:__TI_tls_init)
                  007fcba0    000000c0     sysbios.ae674 : BIOS.obj (.text:xdc_runtime_Assert_raise__I)
                  007fcc60    000000c0                   : BIOS.obj (.text:xdc_runtime_LoggerBuf_Instance_init__E)
                  007fcd20    000000c0     mmw_dss_pe674.oe674 (.text:xdc_runtime_LoggerBuf_Object__create__S)
                  007fcde0    000000a0     libcfarcaproc_dsp_xwr68xx.ae674 : cfarcaprocdsp.oe674 (.text:CFARCADSP_configEDMARangeDomain)
                  007fce80    000000a0                                     : cfarcaprocdsp.oe674 (.text:CFARCADSP_fovConvertDoppler)
                  007fcf20    000000a0     objectdetection.oe674 (.text:DPC_ObjDetDSP_GenDopplerWindow)
                  007fcfc0    000000a0     objectdetection.oe674 (.text:DPC_ObjectDetection_frameStart)
                  007fd060    000000a0     objectdetection.oe674 (.text:DPC_ObjectDetection_start)
                  007fd100    000000a0     libdpedma_hwa_xwr68xx.ae674 : dpedma.oe674 (.text:DPEDMA_setup_shadow_link)
                  007fd1a0    000000a0     libdpm_xwr68xx.ae674 : dpm_mailbox.oe674 (.text:DPM_mboxInit)
                  007fd240    000000a0                          : dpm_msg.oe674 (.text:DPM_msgStartHandler)
                  007fd2e0    000000a0                          : dpm_msg.oe674 (.text:DPM_msgStopHandler)
                  007fd380    000000a0                          : dpm_core.oe674 (.text:DPM_notifyExecute)
                  007fd420    000000a0                          : dpm_pipe.oe674 (.text:DPM_pipeRecv)
                  007fd4c0    000000a0     libedma_xwr68xx.ae674 : edma_low_level.oe674 (.text:EDMA3EnableChInShadowReg)
                  007fd560    000000a0                           : edma.oe674 (.text:EDMA_disableChannel)
                  007fd600    000000a0                           : edma.oe674 (.text:EDMA_enableChannel)
                  007fd6a0    000000a0     rts6740_elf.lib : hostclose.c.obj (.text:HOSTclose)
                  007fd740    000000a0     libmailbox_xwr68xx.ae674 : mailbox.oe674 (.text:Mailbox_boxEmptyISRProcessing)
                  007fd7e0    000000a0     libsoc_xwr68xx.ae674 : soc.oe674 (.text:SOC_SystemISR)
                  007fd880    000000a0     rts6740_elf.lib : fopen.c.obj (.text:__TI_cleanup)
                  007fd920    000000a0                     : round.c.obj (.text:__c6xabi_nround)
                  007fd9c0    000000a0                     : remu.asm.obj (.text:__remu)
                  007fda60    000000a0     boot.ae674 : boot.oe674 (.text:_c_int00)
                  007fdb00    000000a0     rts6740_elf.lib : getdevice.c.obj (.text:finddevice)
                  007fdba0    000000a0                     : memcpy64.asm.obj (.text:memcpy)
                  007fdc40    000000a0     libmmwavealg_xwr68xx.ae674 : mmwavelib_vecsum.oe674 (.text:mmwavelib_vecsum)
                  007fdce0    000000a0                                : mmwavelib_windowing.oe674 (.text:mmwavelib_windowing16x32_IQswap)
                  007fdd80    000000a0     mathlib.ae674 : sqrtsp.oe674 (.text:optasm)
                  007fde20    000000a0     sysbios.ae674 : BIOS.obj (.text:ti_sysbios_family_c64p_Exception_Module_startup__E)
                  007fdec0    000000a0                   : BIOS.obj (.text:ti_sysbios_family_c64p_Hwi_dispatchC__I)
                  007fdf60    000000a0                   : BIOS.obj (.text:ti_sysbios_family_c64p_Hwi_getStackInfo__E)
                  007fe000    000000a0                   : BIOS.obj (.text:ti_sysbios_hal_Hwi_checkStack)
                  007fe0a0    000000a0                   : BIOS.obj (.text:ti_sysbios_knl_Semaphore_pendTimeout__I)
                  007fe140    000000a0                   : BIOS.obj (.text:xdc_runtime_Core_assignLabel__I)
                  007fe1e0    000000a0                   : BIOS.obj (.text:xdc_runtime_Core_assignParams__I)
                  007fe280    000000a0                   : BIOS.obj (.text:xdc_runtime_LoggerBuf_Module_startup__E)
                  007fe320    000000a0                   : BIOS.obj (.text:xdc_runtime_System_atexit__E)
                  007fe3c0    000000a0                   : BIOS.obj (.text:xdc_runtime_System_exit__E)
                  007fe460    000000a0                   : BIOS.obj (.text:xdc_runtime_Text_printVisFxn__I)
                  007fe500    000000a0                   : BIOS.obj (.text:xdc_runtime_Text_xprintf__I)
                  007fe5a0    00000080     libaoaproc_dsp_xwr68xx.ae674 : aoaprocdsp.oe674 (.text:AoAProcDSP_waitInData)
                  007fe620    00000080     libcfarcaproc_dsp_xwr68xx.ae674 : cfarcaprocdsp.oe674 (.text:CFARCADSP_fovConvertRange)
                  007fe6a0    00000080     objectdetection.oe674 (.text:DPC_ObjectDetection_stop)
                  007fe720    00000080     libdpm_xwr68xx.ae674 : dpm_mailbox.oe674 (.text:DPM_mboxSendResult)
                  007fe7a0    00000080                          : dpm_pipe.oe674 (.text:DPM_pipeDeinit)
                  007fe820    00000080                          : dpm_pipe.oe674 (.text:DPM_pipeInit)
                  007fe8a0    00000080                          : dpm_core.oe674 (.text:DPM_synch)
                  007fe920    00000080     libcfarcaproc_dsp_xwr68xx.ae674 : cfarcaprocdsp.oe674 (.text:DPU_CFARCAProcDSP_init)
                  007fe9a0    00000080     libdopplerproc_dsp_xwr68xx.ae674 : dopplerprocdsp.oe674 (.text:DPU_DopplerProcDSP_control)
                  007fea20    00000080                                      : dopplerprocdsp.oe674 (.text:DPU_DopplerProcDSP_init)
                  007feaa0    00000080     libstaticdetproc_dsp_isk_xwr68xx.ae674 : staticdetprocdsp.oe674 (.text:DPU_StaticDetProcDSP_init)
                  007feb20    00000080     libedma_xwr68xx.ae674 : edma_low_level.oe674 (.text:EDMA3MapChToEvtQ)
                  007feba0    00000080                           : edma.oe674 (.text:EDMA_getTransferControllerErrorStatusInfo)
                  007fec20    00000080                           : edma.oe674 (.text:EDMA_linkParamSets)
                  007feca0    00000080     libosal_xwr68xx.ae674 : SemaphoreP_tirtos.oe674 (.text:SemaphoreP_create)
                  007fed20    00000080     rts6740_elf.lib : trgmsg.c.obj (.text:__TI_readmsg)
                  007feda0    00000080                     : llshift.c.obj (.text:__c6xabi_llshl)
                  007fee20    00000080     sysbios.ae674 : c62_TaskSupport_asm.obj (.text:_ti_sysbios_family_c62_TaskSupport_swap__E)
                  007feea0    00000080     mmw_dss_pe674.oe674 (.text:ti_sysbios_BIOS_atExitFunc__I)
                  007fef20    00000080     mmw_dss_pe674.oe674 (.text:ti_sysbios_BIOS_registerRTSLock__I)
                  007fefa0    00000080     mmw_dss_pe674.oe674 (.text:ti_sysbios_gates_GateHwi_Object__create__S)
                  007ff020    00000080     mmw_dss_pe674.oe674 (.text:ti_sysbios_gates_GateMutex_Object__create__S)
                  007ff0a0    00000080     mmw_dss_pe674.oe674 (.text:ti_sysbios_heaps_HeapMem_Object__create__S)
                  007ff120    00000080     sysbios.ae674 : BIOS.obj (.text:ti_sysbios_heaps_HeapMem_init__I)
                  007ff1a0    00000080     mmw_dss_pe674.oe674 (.text:ti_sysbios_knl_Clock_doTick__I)
                  007ff220    00000080     sysbios.ae674 : BIOS.obj (.text:ti_sysbios_knl_Idle_run__E)
                  007ff2a0    00000080     mmw_dss_pe674.oe674 (.text:ti_sysbios_knl_Semaphore_create)
                  007ff320    00000080     sysbios.ae674 : BIOS.obj (.text:ti_sysbios_knl_Swi_post__E)
                  007ff3a0    00000080                   : BIOS.obj (.text:ti_sysbios_knl_Swi_startup__E)
                  007ff420    00000080                   : BIOS.obj (.text:ti_sysbios_knl_Task_processVitalTaskFlag__I)
                  007ff4a0    00000080                   : BIOS.obj (.text:ti_sysbios_knl_Task_restore__E)
                  007ff520    00000080                   : BIOS.obj (.text:ti_sysbios_knl_Task_sleepTimeout__I)
                  007ff5a0    00000080     mmw_dss_pe674.oe674 (.text:ti_sysbios_rts_MemAlloc_alloc)
                  007ff620    00000080     sysbios.ae674 : BIOS.obj (.text:ti_sysbios_timers_rti_Timer_setPeriod__E)
                  007ff6a0    00000080                   : BIOS.obj (.text:ti_sysbios_timers_rti_Timer_stop__E)
                  007ff720    00000080     rts6740_elf.lib : unlink.c.obj (.text:unlink)
                  007ff7a0    00000080     sysbios.ae674 : BIOS.obj (.text:xdc_runtime_System_avprintf__E)
                  007ff820    00000080                   : BIOS.obj (.text:xdc_runtime_System_vprintf__E)
                  007ff8a0    00000060     libcfarcaproc_dsp_xwr68xx.ae674 : cfarcaprocdsp.oe674 (.text:CFARCADSP_waitEDMATransComplete)
                  007ff900    00000060     objectdetection.oe674 (.text:DPC_ObjDetDSP_MemPoolAlloc)
                  007ff960    00000060     libdpm_xwr68xx.ae674 : dpm_listlib.oe674 (.text:DPM_listCat)
                  007ff9c0    00000060                          : dpm_mailbox.oe674 (.text:DPM_mboxDeinit)
                  007ffa20    00000060                          : dpm_msg.oe674 (.text:DPM_msgInitHeader)
                  007ffa80    00000060     libaoaproc_dsp_xwr68xx.ae674 : aoaprocdsp.oe674 (.text:DPU_AoAProcDSP_deinit)
                  007ffae0    00000060                                  : aoaprocdsp.oe674 (.text:DPU_AoAProcDSP_init)
                  007ffb40    00000060     libcfarcaproc_dsp_xwr68xx.ae674 : cfarcaprocdsp.oe674 (.text:DPU_CFARCAProcDSP_deinit)
                  007ffba0    00000060     libdopplerproc_dsp_xwr68xx.ae674 : dopplerprocdsp.oe674 (.text:DPU_DopplerProcDSP_deinit)
                  007ffc00    00000060                                      : dopplerprocdsp.oe674 (.text:DPU_DopplerProcDSP_waitInData)
                  007ffc60    00000060                                      : dopplerprocdsp.oe674 (.text:DPU_DopplerProcDSP_waitTransDetMatrix)
                  007ffcc0    00000060     libstaticdetproc_dsp_isk_xwr68xx.ae674 : staticdetprocdsp.oe674 (.text:DPU_StaticDetProcDSP_deinit)
                  007ffd20    00000060                                            : staticdetprocdsp.oe674 (.text:DPU_StaticDetProcDSP_waitInData)
                  007ffd80    00000060     libedma_xwr68xx.ae674 : edma_low_level.oe674 (.text:EDMA3ClrEvt)
                  007ffde0    00000060                           : edma_low_level.oe674 (.text:EDMA3ClrIntr)
                  007ffe40    00000060                           : edma_low_level.oe674 (.text:EDMA3ClrMissEvt)
                  007ffea0    00000060                           : edma_low_level.oe674 (.text:EDMA3DisableDmaEvt)
                  007fff00    00000060                           : edma_low_level.oe674 (.text:EDMA3DisableEvtIntr)
                  007fff60    00000060                           : edma_low_level.oe674 (.text:EDMA3EnableDmaEvt)
                  007fffc0    00000040     libsoc_xwr68xx.ae674 : soc.oe674 (.text:CSL_FEXTR)

.text.2    0    00800000    00002aa0     
                  00800000    00000060     libedma_xwr68xx.ae674 : edma_low_level.oe674 (.text:EDMA3EnableEvtIntr)
                  00800060    00000060                           : edma_low_level.oe674 (.text:EDMA3SetEvt)
                  008000c0    00000060                           : edma.oe674 (.text:EDMA_configTransferControllerError)
                  00800120    00000060                           : edma.oe674 (.text:EDMA_isError)
                  00800180    00000060                           : edma.oe674 (.text:EDMA_setSourceAddress)
                  008001e0    00000060                           : edma.oe674 (.text:EDMA_validate_channelIdchannelType)
                  00800240    00000060     libmailbox_xwr68xx.ae674 : mailbox.oe674 (.text:Mailbox_Config_init)
                  008002a0    00000060     libsoc_xwr68xx.ae674 : soc_xwr68xx.oe674 (.text:SOC_setDSSLinkState)
                  00800300    00000060                          : soc.oe674 (.text:SOC_unhaltBSS)
                  00800360    00000060     rts6740_elf.lib : trgmsg.c.obj (.text:__TI_writemsg)
                  008003c0    00000060                     : llshift.c.obj (.text:__c6xabi_llshru)
                  00800420    00000060                     : imath64.c.obj (.text:_subcull)
                  00800480    00000060     sysbios.ae674 : c64p_Hwi_asm_switch.obj (.text:_ti_sysbios_family_c64p_Hwi_switchAndDispatch__I)
                  008004e0    00000060                   : c64p_Hwi_asm_switch.obj (.text:_ti_sysbios_family_xxx_Hwi_switchAndRunFunc)
                  00800540    00000060     rts6740_elf.lib : lseek.c.obj (.text:lseek)
                  008005a0    00000060     libmmwavealg_xwr68xx.ae674 : mmwavelib_accum.oe674 (.text:mmwavelib_accum16shift)
                  00800600    00000060                                : mmwavelib_vecsubc.oe674 (.text:mmwavelib_vecsubc)
                  00800660    00000060     mmw_dss_pe674.oe674 (.text:ti_sysbios_BIOS_errorRaiseHook__I)
                  008006c0    00000060     mmw_dss_pe674.oe674 (.text:ti_sysbios_BIOS_removeRTSLock__I)
                  00800720    00000060     mmw_dss_pe674.oe674 (.text:ti_sysbios_BIOS_startFunc__I)
                  00800780    00000060     sysbios.ae674 : BIOS.obj (.text:ti_sysbios_family_c62_TaskSupport_stackUsed__E)
                  008007e0    00000060                   : BIOS.obj (.text:ti_sysbios_family_c62_TaskSupport_start__E)
                  00800840    00000060                   : BIOS.obj (.text:ti_sysbios_family_c64p_Cache_setMar__E)
                  008008a0    00000060                   : BIOS.obj (.text:ti_sysbios_family_c64p_EventCombiner_Module_startup__E)
                  00800900    00000060                   : BIOS.obj (.text:ti_sysbios_family_c64p_EventCombiner_unused__E)
                  00800960    00000060     mmw_dss_pe674.oe674 (.text:ti_sysbios_gates_GateMutex_Object__delete__S)
                  008009c0    00000060     sysbios.ae674 : BIOS.obj (.text:ti_sysbios_hal_Hwi_initStack)
                  00800a20    00000060                   : BIOS.obj (.text:ti_sysbios_heaps_HeapMem_free__E)
                  00800a80    00000060                   : BIOS.obj (.text:ti_sysbios_knl_Clock_Module_startup__E)
                  00800ae0    00000060     mmw_dss_pe674.oe674 (.text:ti_sysbios_knl_Queue_construct)
                  00800b40    00000060     mmw_dss_pe674.oe674 (.text:ti_sysbios_knl_Semaphore_Object__delete__S)
                  00800ba0    00000060     mmw_dss_pe674.oe674 (.text:ti_sysbios_knl_Semaphore_construct)
                  00800c00    00000060     sysbios.ae674 : BIOS.obj (.text:ti_sysbios_knl_Swi_Module_startup__E)
                  00800c60    00000060                   : BIOS.obj (.text:ti_sysbios_knl_Task_enter__I)
                  00800cc0    00000060     rts6740_elf.lib : write.c.obj (.text:write)
                  00800d20    00000060     mmw_dss_pe674.oe674 (.text:xdc_runtime_LoggerBuf_Object__delete__S)
                  00800d80    00000060     sysbios.ae674 : BIOS.obj (.text:xdc_runtime_SysStd_abort__E)
                  00800de0    00000040     libsoc_xwr68xx.ae674 : soc_xwr68xx.oe674 (.text:CSL_FEXTR)
                  00800e20    00000040     libmailbox_xwr68xx.ae674 : mailbox.oe674 (.text:CSL_FINSR)
                  00800e60    00000040     libsoc_xwr68xx.ae674 : soc.oe674 (.text:CSL_FINSR)
                  00800ea0    00000040                          : soc_xwr68xx.oe674 (.text:CSL_FINSR)
                  00800ee0    00000040                          : soc_xwr68xx_dss.oe674 (.text:CSL_FINSR)
                  00800f20    00000040     objectdetection.oe674 (.text:DPC_ObjectDetection_dataInjection)
                  00800f60    00000040     libdpm_xwr68xx.ae674 : dpm_listlib.oe674 (.text:DPM_listAdd)
                  00800fa0    00000040                          : dpm_listlib.oe674 (.text:DPM_listRemove)
                  00800fe0    00000040                          : dpm_mailbox.oe674 (.text:DPM_mboxMsgSend)
                  00801020    00000040                          : dpm_msg.oe674 (.text:DPM_msgAssertHandler)
                  00801060    00000040                          : dpm_msg.oe674 (.text:DPM_msgBSSFaultHandler)
                  008010a0    00000040                          : dpm_msg.oe674 (.text:DPM_msgDPCInfoHandler)
                  008010e0    00000040                          : dpm_pipe.oe674 (.text:DPM_pipeDequeue)
                  00801120    00000040     libedma_xwr68xx.ae674 : edma_low_level.oe674 (.text:EDMA3MapQdmaChToPaRAM)
                  00801160    00000040                           : edma_low_level.oe674 (.text:EDMA3SetPaRAM)
                  008011a0    00000040                           : edma_low_level.oe674 (.text:EDMA3SetQdmaTrigWord)
                  008011e0    00000040     libosal_xwr68xx.ae674 : HwiP_tirtos.oe674 (.text:HwiP_create)
                  00801220    00000040                           : HwiP_tirtos.oe674 (.text:HwiP_delete)
                  00801260    00000040     libmailbox_xwr68xx.ae674 : mailbox.oe674 (.text:Mailbox_boxEmptyISRBss)
                  008012a0    00000040                              : mailbox.oe674 (.text:Mailbox_boxEmptyISRMssDss)
                  008012e0    00000040                              : mailbox.oe674 (.text:Mailbox_boxFullISRBss)
                  00801320    00000040     dss_main.oe674 (.text:MmwDemo_DPC_ObjectDetection_processInterFrameBeginCallBackFxn)
                  00801360    00000040     dss_main.oe674 (.text:MmwDemo_EDMA_errorCallbackFxn)
                  008013a0    00000040     dss_main.oe674 (.text:MmwDemo_EDMA_transferControllerErrorCallbackFxn)
                  008013e0    00000040     libsoc_xwr68xx.ae674 : soc_xwr68xx_dss.oe674 (.text:SOC_getInAddr_LUTType)
                  00801420    00000040                          : soc_xwr68xx_dss.oe674 (.text:SOC_getOutAddr_LUTType)
                  00801460    00000040                          : soc_xwr68xx.oe674 (.text:SOC_isMSSOperational)
                  008014a0    00000040     rts6740_elf.lib : frcmpyd_div.c.obj (.text:__TI_frcmpyd_div)
                  008014e0    00000040                     : strasg.asm.obj (.text:__strasgi_64plus)
                  00801520    00000040                     : args_main.c.obj (.text:_args_main)
                  00801560    00000040     sysbios.ae674 : c62_TaskSupport_asm.obj (.text:_ti_sysbios_family_c62_TaskSupport_buildTaskStack)
                  008015a0    00000040     mmw_dss_pe674.oe674 (.text:free)
                  008015e0    00000040     libmathutils.ae674 : mathutils.oe674 (.text:mathUtils_floorLog2)
                  00801620    00000040     libmmwavealg_xwr68xx.ae674 : mmwavelib_vecmul.oe674 (.text:mmwavelib_vecmul16x32_anylen)
                  00801660    00000040     mmw_dss_pe674.oe674 (.text:ti_sysbios_BIOS_exitFunc__I)
                  008016a0    00000040     mmw_dss_pe674.oe674 (.text:ti_sysbios_BIOS_rtsLock__I)
                  008016e0    00000040     mmw_dss_pe674.oe674 (.text:ti_sysbios_BIOS_rtsUnlock__I)
                  00801720    00000040     sysbios.ae674 : BIOS.obj (.text:ti_sysbios_family_c64p_Hwi_disableInterrupt__E)
                  00801760    00000040                   : BIOS.obj (.text:ti_sysbios_family_c64p_Hwi_enableInterrupt__E)
                  008017a0    00000040     mmw_dss_pe674.oe674 (.text:ti_sysbios_gates_GateHwi_Handle__label__S)
                  008017e0    00000040     mmw_dss_pe674.oe674 (.text:ti_sysbios_gates_GateHwi_Object__delete__S)
                  00801820    00000040     mmw_dss_pe674.oe674 (.text:ti_sysbios_gates_GateMutex_Handle__label__S)
                  00801860    00000040     sysbios.ae674 : BIOS.obj (.text:ti_sysbios_gates_GateMutex_Instance_init__E)
                  008018a0    00000040                   : BIOS.obj (.text:ti_sysbios_gates_GateMutex_leave__E)
                  008018e0    00000040     mmw_dss_pe674.oe674 (.text:ti_sysbios_heaps_HeapMem_Handle__label__S)
                  00801920    00000040     mmw_dss_pe674.oe674 (.text:ti_sysbios_heaps_HeapMem_Object__delete__S)
                  00801960    00000040     mmw_dss_pe674.oe674 (.text:ti_sysbios_heaps_HeapMem_Object__get__S)
                  008019a0    00000040     mmw_dss_pe674.oe674 (.text:ti_sysbios_knl_Semaphore_destruct)
                  008019e0    00000040     mmw_dss_pe674.oe674 (.text:ti_sysbios_knl_Swi_Object__get__S)
                  00801a20    00000040     mmw_dss_pe674.oe674 (.text:ti_sysbios_knl_Task_Object__get__S)
                  00801a60    00000040     sysbios.ae674 : BIOS.obj (.text:ti_sysbios_timers_rti_Timer_periodicStub__E)
                  00801aa0    00000040                   : BIOS.obj (.text:xdc_runtime_Error_init__E)
                  00801ae0    00000040     mmw_dss_pe674.oe674 (.text:xdc_runtime_LoggerBuf_Handle__label__S)
                  00801b20    00000040     sysbios.ae674 : BIOS.obj (.text:xdc_runtime_LoggerBuf_Instance_finalize__E)
                  00801b60    00000040     mmw_dss_pe674.oe674 (.text:xdc_runtime_LoggerBuf_Object__get__S)
                  00801ba0    00000040     sysbios.ae674 : BIOS.obj (.text:xdc_runtime_LoggerBuf_write0__E)
                  00801be0    00000040                   : BIOS.obj (.text:xdc_runtime_LoggerBuf_write1__E)
                  00801c20    00000040                   : BIOS.obj (.text:xdc_runtime_LoggerBuf_write2__E)
                  00801c60    00000040     mmw_dss_pe674.oe674 (.text:xdc_runtime_System_aprintf__E)
                  00801ca0    00000040     mmw_dss_pe674.oe674 (.text:xdc_runtime_System_printf__E)
                  00801ce0    00000020     libcfarcaproc_dsp_xwr68xx.ae674 : cfarcaprocdsp.oe674 (.text:CFARCADSP_adjustCfarCfg)
                  00801d00    00000020     objectdetection.oe674 (.text:DPC_ObjDetDSP_GetDopplerWinGenLen)
                  00801d20    00000020     objectdetection.oe674 (.text:DPC_ObjDetDSP_MemPoolGet)
                  00801d40    00000020     objectdetection.oe674 (.text:DPC_ObjDetDSP_MemPoolSet)
                  00801d60    00000020     libdpm_xwr68xx.ae674 : dpm_core.oe674 (.text:DPM_chirpISR)
                  00801d80    00000020                          : dpm_core.oe674 (.text:DPM_frameStartISR)
                  00801da0    00000020                          : dpm_mailbox.oe674 (.text:DPM_mboxSynch)
                  00801dc0    00000020     libedma_xwr68xx.ae674 : edma_low_level.oe674 (.text:EDMA3ChannelToParamMap)
                  00801de0    00000020                           : edma_low_level.oe674 (.text:EDMA3ClrCCErr)
                  00801e00    00000020                           : edma_low_level.oe674 (.text:EDMA3DisableQdmaEvt)
                  00801e20    00000020                           : edma_low_level.oe674 (.text:EDMA3EnableQdmaEvt)
                  00801e40    00000020                           : edma_low_level.oe674 (.text:EDMA3ErrIntrHighStatusGet)
                  00801e60    00000020                           : edma_low_level.oe674 (.text:EDMA3GetCCErrStatus)
                  00801e80    00000020                           : edma_low_level.oe674 (.text:EDMA3GetErrIntrStatus)
                  00801ea0    00000020                           : edma_low_level.oe674 (.text:EDMA3GetIntrStatus)
                  00801ec0    00000020                           : edma_low_level.oe674 (.text:EDMA3IntrStatusHighGet)
                  00801ee0    00000020                           : edma_low_level.oe674 (.text:EDMA3QdmaClrMissEvt)
                  00801f00    00000020                           : edma_low_level.oe674 (.text:EDMA3QdmaGetErrIntrStatus)
                  00801f20    00000020                           : edma_low_level.oe674 (.text:EDMAsetRegion)
                  00801f40    00000020     libosal_xwr68xx.ae674 : HwiP_tirtos.oe674 (.text:HwiP_Params_init)
                  00801f60    00000020                           : HwiP_tirtos.oe674 (.text:HwiP_disable)
                  00801f80    00000020                           : HwiP_tirtos.oe674 (.text:HwiP_disableInterrupt)
                  00801fa0    00000020                           : HwiP_tirtos.oe674 (.text:HwiP_enableInterrupt)
                  00801fc0    00000020                           : HwiP_tirtos.oe674 (.text:HwiP_restore)
                  00801fe0    00000020                           : MemoryP_tirtos.oe674 (.text:MemoryP_ctrlAlloc)
                  00802000    00000020                           : MemoryP_tirtos.oe674 (.text:MemoryP_ctrlFree)
                  00802020    00000020                           : MemoryP_tirtos.oe674 (.text:MemoryP_getStats)
                  00802040    00000020     dss_main.oe674 (.text:MmwDemo_DPC_ObjectDetection_processFrameBeginCallBackFxn)
                  00802060    00000020     dss_main.oe674 (.text:MmwDemo_sleep)
                  00802080    00000020     libosal_xwr68xx.ae674 : SemaphoreP_tirtos.oe674 (.text:SemaphoreP_Params_init)
                  008020a0    00000020                           : SemaphoreP_tirtos.oe674 (.text:SemaphoreP_delete)
                  008020c0    00000020                           : SemaphoreP_tirtos.oe674 (.text:SemaphoreP_pend)
                  008020e0    00000020                           : SemaphoreP_tirtos.oe674 (.text:SemaphoreP_post)
                  00802100    00000020                           : DebugP_tirtos.oe674 (.text:_DebugP_assert)
                  00802120    00000020     rts6740_elf.lib : errno.c.obj (.text:__c6xabi_errno_addr)
                  00802140    00000020                     : trunc.c.obj (.text:__c6xabi_trunc)
                  00802160    00000020                     : push.asm.obj (.text:__pop_rts)
                  00802180    00000020                     : push.asm.obj (.text:__push_rts)
                  008021a0    00000020                     : _lock.c.obj (.text:_nop)
                  008021c0    00000020                     : _lock.c.obj (.text:_register_lock)
                  008021e0    00000020                     : _lock.c.obj (.text:_register_unlock)
                  00802200    00000020     sysbios.ae674 : c62_TaskSupport_asm.obj (.text:_ti_sysbios_family_c62_TaskSupport_glue)
                  00802220    00000020     rts6740_elf.lib : exit.c.obj (.text:abort)
                  00802240    00000020     libmathutils.ae674 : mathutils.oe674 (.text:mathUtils_ceilLog2)
                  00802260    00000020     rts6740_elf.lib : fputc.c.obj (.text:putchar)
                  00802280    00000020     mmw_dss_pe674.oe674 (.text:ti_sysbios_BIOS_RtsGateProxy_enter__E)
                  008022a0    00000020     mmw_dss_pe674.oe674 (.text:ti_sysbios_BIOS_RtsGateProxy_leave__E)
                  008022c0    00000020     sysbios.ae674 : BIOS.obj (.text:ti_sysbios_BIOS_getCpuFreq__E)
                  008022e0    00000020                   : BIOS.obj (.text:ti_sysbios_BIOS_linkedWithIncorrectBootLibrary__E)
                  00802300    00000020     mmw_dss_pe674.oe674 (.text:ti_sysbios_BIOS_nullFunc__I)
                  00802320    00000020     sysbios.ae674 : BIOS.obj (.text:ti_sysbios_BIOS_setThreadType__E)
                  00802340    00000020                   : BIOS.obj (.text:ti_sysbios_BIOS_start__E)
                  00802360    00000020     mmw_dss_pe674.oe674 (.text:ti_sysbios_family_c62_TaskSupport_Module__startupDone__S)
                  00802380    00000020     sysbios.ae674 : BIOS.obj (.text:ti_sysbios_family_c62_TaskSupport_checkStack__E)
                  008023a0    00000020                   : BIOS.obj (.text:ti_sysbios_family_c62_TaskSupport_getStackAlignment__E)
                  008023c0    00000020     mmw_dss_pe674.oe674 (.text:ti_sysbios_family_c64p_Hwi_Module__startupDone__F)
                  008023e0    00000020     sysbios.ae674 : BIOS.obj (.text:ti_sysbios_family_c64p_Hwi_clearInterrupt__E)
                  00802400    00000020                   : BIOS.obj (.text:ti_sysbios_family_c64p_Hwi_startup__E)
                  00802420    00000020                   : BIOS.obj (.text:ti_sysbios_family_c64p_Hwi_switchFromBootStack__E)
                  00802440    00000020                   : BIOS.obj (.text:ti_sysbios_family_c64p_TimestampProvider_Module_startup__E)
                  00802460    00000020                   : BIOS.obj (.text:ti_sysbios_family_c64p_TimestampProvider_get32__E)
                  00802480    00000020                   : BIOS.obj (.text:ti_sysbios_family_c64p_TimestampProvider_get64__E)
                  008024a0    00000020                   : BIOS.obj (.text:ti_sysbios_gates_GateHwi_Instance_init__E)
                  008024c0    00000020                   : BIOS.obj (.text:ti_sysbios_gates_GateHwi_enter__E)
                  008024e0    00000020                   : BIOS.obj (.text:ti_sysbios_gates_GateHwi_leave__E)
                  00802500    00000020                   : BIOS.obj (.text:ti_sysbios_gates_GateHwi_query__E)
                  00802520    00000020                   : BIOS.obj (.text:ti_sysbios_gates_GateMutex_Instance_finalize__E)
                  00802540    00000020                   : BIOS.obj (.text:ti_sysbios_gates_GateMutex_query__E)
                  00802560    00000020                   : BIOS.obj (.text:ti_sysbios_hal_Hwi_Module_startup__E)
                  00802580    00000020     mmw_dss_pe674.oe674 (.text:ti_sysbios_heaps_HeapBuf_Object__get__S)
                  008025a0    00000020     mmw_dss_pe674.oe674 (.text:ti_sysbios_heaps_HeapMem_Module_GateProxy_enter__E)
                  008025c0    00000020     mmw_dss_pe674.oe674 (.text:ti_sysbios_heaps_HeapMem_Module_GateProxy_leave__E)
                  008025e0    00000020     sysbios.ae674 : BIOS.obj (.text:ti_sysbios_heaps_HeapMem_isBlocking__E)
                  00802600    00000020     mmw_dss_pe674.oe674 (.text:ti_sysbios_knl_Clock_TimerProxy_getMaxTicks__E)
                  00802620    00000020     sysbios.ae674 : BIOS.obj (.text:ti_sysbios_knl_Clock_logTick__E)
                  00802640    00000020                   : BIOS.obj (.text:ti_sysbios_knl_Idle_loop__E)
                  00802660    00000020                   : BIOS.obj (.text:ti_sysbios_knl_Queue_Instance_init__E)
                  00802680    00000020     mmw_dss_pe674.oe674 (.text:ti_sysbios_knl_Queue_Object__get__S)
                  008026a0    00000020     mmw_dss_pe674.oe674 (.text:ti_sysbios_knl_Queue_destruct)
                  008026c0    00000020     sysbios.ae674 : BIOS.obj (.text:ti_sysbios_knl_Queue_empty__E)
                  008026e0    00000020                   : BIOS.obj (.text:ti_sysbios_knl_Semaphore_Instance_finalize__E)
                  00802700    00000020     mmw_dss_pe674.oe674 (.text:ti_sysbios_knl_Semaphore_Params__init__S)
                  00802720    00000020     mmw_dss_pe674.oe674 (.text:ti_sysbios_knl_Semaphore_delete)
                  00802740    00000020     sysbios.ae674 : BIOS.obj (.text:ti_sysbios_knl_Swi_disable__E)
                  00802760    00000020     mmw_dss_pe674.oe674 (.text:ti_sysbios_knl_Task_Params__init__S)
                  00802780    00000020     sysbios.ae674 : BIOS.obj (.text:ti_sysbios_knl_Task_disable__E)
                  008027a0    00000020                   : BIOS.obj (.text:ti_sysbios_knl_Task_startup__E)
                  008027c0    00000020     mmw_dss_pe674.oe674 (.text:ti_sysbios_timers_rti_Timer_Module__startupDone__F)
                  008027e0    00000020     sysbios.ae674 : BIOS.obj (.text:ti_sysbios_timers_rti_Timer_getMaxTicks__E)
                  00802800    00000020                   : BIOS.obj (.text:ti_sysbios_utils_Load_getCPULoad__E)
                  00802820    00000020                   : BIOS.obj (.text:ti_sysbios_utils_Load_taskRegHook__E)
                  00802840    00000020     mmw_dss_pe674.oe674 (.text:xdc_runtime_IHeap_alloc)
                  00802860    00000020     mmw_dss_pe674.oe674 (.text:xdc_runtime_IHeap_free)
                  00802880    00000020     mmw_dss_pe674.oe674 (.text:xdc_runtime_IHeap_getStats)
                  008028a0    00000020     mmw_dss_pe674.oe674 (.text:xdc_runtime_LoggerBuf_Module_GateProxy_enter__E)
                  008028c0    00000020     mmw_dss_pe674.oe674 (.text:xdc_runtime_LoggerBuf_Module_GateProxy_leave__E)
                  008028e0    00000020     sysbios.ae674 : BIOS.obj (.text:xdc_runtime_LoggerBuf_disable__E)
                  00802900    00000020                   : BIOS.obj (.text:xdc_runtime_LoggerBuf_enable__E)
                  00802920    00000020                   : BIOS.obj (.text:xdc_runtime_Memory_free__E)
                  00802940    00000020                   : BIOS.obj (.text:xdc_runtime_Memory_getStats__E)
                  00802960    00000020     mmw_dss_pe674.oe674 (.text:xdc_runtime_Startup_exec__I)
                  00802980    00000020     mmw_dss_pe674.oe674 (.text:xdc_runtime_Startup_reset__I)
                  008029a0    00000020     sysbios.ae674 : BIOS.obj (.text:xdc_runtime_Startup_rtsDone__E)
                  008029c0    00000020                   : BIOS.obj (.text:xdc_runtime_SysStd_exit__E)
                  008029e0    00000020                   : BIOS.obj (.text:xdc_runtime_SysStd_putch__E)
                  00802a00    00000020                   : BIOS.obj (.text:xdc_runtime_SysStd_ready__E)
                  00802a20    00000020     mmw_dss_pe674.oe674 (.text:xdc_runtime_System_Module_GateProxy_enter__E)
                  00802a40    00000020     mmw_dss_pe674.oe674 (.text:xdc_runtime_System_Module_GateProxy_leave__E)
                  00802a60    00000020     sysbios.ae674 : BIOS.obj (.text:xdc_runtime_System_Module_startup__E)
                  00802a80    00000020     mmw_dss_pe674.oe674 (.text:xdc_runtime_Text_visitRope__I)

.dpc_l2Heap 
*          0    00802aa0    0000e000     UNINITIALIZED
                  00802aa0    0000e000     dss_main.oe674 (.dpc_l2Heap)

systemHeap 
*          0    00810aa0    00008000     UNINITIALIZED
                  00810aa0    00008000     mmw_dss_pe674.oe674 (systemHeap)

.const     0    00818aa0    00003518     
                  00818aa0    00001a59     mmw_dss_pe674.oe674 (.const:xdc_runtime_Text_charTab__A)
                  0081a4f9    00000001     --HOLE-- [fill = 0]
                  0081a4fa    00000002     mmw_dss_pe674.oe674 (.const:ti_sysbios_family_c64p_Cache_Module__id__C)
                  0081a4fc    00000004     mmw_dss_pe674.oe674 (.const:ti_sysbios_family_c62_TaskSupport_stackAlignment__C)
                  0081a500    00000800     libmmwavealg_xwr68xx.ae674 : mmwavelib_ffttwiddle_gen.oe674 (.const:mmwavelib_twiddleTableCommon)
                  0081ad00    00000630     sysbios.ae674 : BIOS.obj (.const:.string)
                  0081b330    00000330     dss_main.oe674 (.const:.string)
                  0081b660    000000e0     mmw_dss_pe674.oe674 (.const:xdc_runtime_Text_nodeTab__A)
                  0081b740    0000007c     objectdetection.oe674 (.const:.string)
                  0081b7bc    00000074     mmw_dss_pe674.oe674 (.const:.string)
                  0081b830    00000058     libedma_xwr68xx.ae674 : edma.oe674 (.const:.string)
                  0081b888    0000004c     libmailbox_xwr68xx.ae674 : mailbox.oe674 (.const:.string)
                  0081b8d4    00000044     mmw_dss_pe674.oe674 (.const:ti_sysbios_knl_Task_Object__PARAMS__C)
                  0081b918    00000040     libmmwavealg_xwr68xx.ae674 : mmwavelib_log2abs.oe674 (.const:.string:c_Log2LookUp)
                  0081b958    0000003c     libsoc_xwr68xx.ae674 : soc_xwr68xx_dss.oe674 (.const:.string)
                  0081b994    0000003c     mmw_dss_pe674.oe674 (.const:xdc_runtime_LoggerBuf_Module__FXNS__C)
                  0081b9d0    00000038     libedma_xwr68xx.ae674 : edma_xwr1xxx.oe674 (.const:gEdmaHwAttrs)
                  0081ba08    00000034     mmw_dss_pe674.oe674 (.const:xdc_runtime_Startup_sfxnTab__A)
                  0081ba3c    00000004     mmw_dss_pe674.oe674 (.const:ti_sysbios_family_c64p_Cache_E_invalidL1CacheSize__C)
                  0081ba40    00000028     libdpm_xwr68xx.ae674 : dpm_msg.oe674 (.const:gDPMMessageFxnTable)
                  0081ba68    00000028     mmw_dss_pe674.oe674 (.const:ti_sysbios_heaps_HeapMem_Module__FXNS__C)
                  0081ba90    00000028     mmw_dss_pe674.oe674 (.const:xdc_runtime_LoggerBuf_Object__PARAMS__C)
                  0081bab8    00000024     libmailbox_xwr68xx.ae674 : mailbox.oe674 (.const:Mailbox_defaultCfg)
                  0081badc    00000004     mmw_dss_pe674.oe674 (.const:ti_sysbios_family_c64p_Cache_E_invalidL2CacheSize__C)
                  0081bae0    00000024     libmmwavealg_xwr68xx.ae674 : mmwavelib_dftsinglebin.oe674 (.const:mmwavelib_dftHalfBinExpValue)
                  0081bb04    00000024     mmw_dss_pe674.oe674 (.const:ti_sysbios_gates_GateHwi_Module__FXNS__C)
                  0081bb28    00000024     mmw_dss_pe674.oe674 (.const:ti_sysbios_gates_GateMutex_Module__FXNS__C)
                  0081bb4c    00000024     mmw_dss_pe674.oe674 (.const:ti_sysbios_heaps_HeapMem_Object__PARAMS__C)
                  0081bb70    00000024     mmw_dss_pe674.oe674 (.const:ti_sysbios_knl_Semaphore_Object__PARAMS__C)
                  0081bb94    00000020     libosal_xwr68xx.ae674 : SemaphoreP_tirtos.oe674 (.const:.string)
                  0081bbb4    00000020     mmw_dss_pe674.oe674 (.const:ti_sysbios_gates_GateHwi_Object__DESC__C)
                  0081bbd4    00000020     mmw_dss_pe674.oe674 (.const:ti_sysbios_gates_GateMutex_Object__DESC__C)
                  0081bbf4    00000020     mmw_dss_pe674.oe674 (.const:ti_sysbios_heaps_HeapMem_Object__DESC__C)
                  0081bc14    00000020     mmw_dss_pe674.oe674 (.const:ti_sysbios_knl_Queue_Object__DESC__C)
                  0081bc34    00000020     mmw_dss_pe674.oe674 (.const:ti_sysbios_knl_Semaphore_Object__DESC__C)
                  0081bc54    00000020     mmw_dss_pe674.oe674 (.const:ti_sysbios_knl_Task_Object__DESC__C)
                  0081bc74    00000020     mmw_dss_pe674.oe674 (.const:xdc_runtime_LoggerBuf_Object__DESC__C)
                  0081bc94    0000001c     libosal_xwr68xx.ae674 : HwiP_tirtos.oe674 (.const:.string)
                  0081bcb0    0000001a     mmw_dss_pe674.oe674 (.const:xdc_runtime_Startup_sfxnRts__A)
                  0081bcca    00000002     mmw_dss_pe674.oe674 (.const:ti_sysbios_family_c64p_EventCombiner_Module__id__C)
                  0081bccc    00000018     mmw_dss_pe674.oe674 (.const:ti_sysbios_gates_GateHwi_Object__PARAMS__C)
                  0081bce4    00000018     mmw_dss_pe674.oe674 (.const:ti_sysbios_gates_GateMutex_Object__PARAMS__C)
                  0081bcfc    00000018     mmw_dss_pe674.oe674 (.const:ti_sysbios_knl_Queue_Object__PARAMS__C)
                  0081bd14    00000004     mmw_dss_pe674.oe674 (.const:ti_sysbios_family_c64p_Cache_MAR0_31__C)
                  0081bd18    00000018     mmw_dss_pe674.oe674 (.const:ti_sysbios_knl_Task_hooks__A)
                  0081bd30    00000014     libdpm_xwr68xx.ae674 : dpm_mailbox.oe674 (.const:.string)
                  0081bd44    00000010                          : dpm_core.oe674 (.const:.string)
                  0081bd54    00000010                          : dpm_msg.oe674 (.const:.string)
                  0081bd64    00000010                          : dpm_pipe.oe674 (.const:.string)
                  0081bd74    00000004     mmw_dss_pe674.oe674 (.const:ti_sysbios_family_c64p_Cache_MAR128_159__C)
                  0081bd78    00000010     libedma_xwr68xx.ae674 : edma.oe674 (.const:EDMA_config$1)
                  0081bd88    00000010     mmw_dss_pe674.oe674 (.const:ti_sysbios_family_c64p_EventCombiner_EVTMASK__C)
                  0081bd98    0000000c     mmw_dss_pe674.oe674 (.const:ti_sysbios_knl_Idle_funcList__A)
                  0081bda4    00000008     mmw_dss_pe674.oe674 (.const:ti_sysbios_knl_Idle_funcList__C)
                  0081bdac    00000008     mmw_dss_pe674.oe674 (.const:ti_sysbios_knl_Task_hooks__C)
                  0081bdb4    00000004     mmw_dss_pe674.oe674 (.const:ti_sysbios_family_c64p_Cache_MAR160_191__C)
                  0081bdb8    00000008     mmw_dss_pe674.oe674 (.const:xdc_runtime_Startup_firstFxns__A)
                  0081bdc0    00000008     mmw_dss_pe674.oe674 (.const:xdc_runtime_Startup_firstFxns__C)
                  0081bdc8    00000008     mmw_dss_pe674.oe674 (.const:xdc_runtime_Startup_lastFxns__C)
                  0081bdd0    00000004     mmw_dss_pe674.oe674 (.const:ti_sysbios_family_c64p_Cache_MAR192_223__C)
                  0081bdd4    00000004     mmw_dss_pe674.oe674 (.const:ti_sysbios_family_c64p_Cache_MAR224_255__C)
                  0081bdd8    00000004     mmw_dss_pe674.oe674 (.const:ti_sysbios_family_c64p_Cache_MAR32_63__C)
                  0081bddc    00000004     mmw_dss_pe674.oe674 (.const:ti_sysbios_family_c64p_Cache_MAR64_95__C)
                  0081bde0    00000004     mmw_dss_pe674.oe674 (.const:ti_sysbios_family_c64p_Cache_MAR96_127__C)
                  0081bde4    00000004     mmw_dss_pe674.oe674 (.const:ti_sysbios_family_c64p_EventCombiner_A_invalidEventId__C)
                  0081bde8    00000004     mmw_dss_pe674.oe674 (.const:ti_sysbios_family_c64p_EventCombiner_EVTRegs__C)
                  0081bdec    00000004     mmw_dss_pe674.oe674 (.const:ti_sysbios_family_c64p_EventCombiner_E_unpluggedEvent__C)
                  0081bdf0    00000004     mmw_dss_pe674.oe674 (.const:ti_sysbios_family_c64p_EventCombiner_Module__diagsEnabled__C)
                  0081bdf4    00000004     mmw_dss_pe674.oe674 (.const:ti_sysbios_family_c64p_EventCombiner_Module__diagsIncluded__C)
                  0081bdf8    00000004     mmw_dss_pe674.oe674 (.const:ti_sysbios_family_c64p_EventCombiner_Module__diagsMask__C)
                  0081bdfc    00000004     mmw_dss_pe674.oe674 (.const:ti_sysbios_family_c64p_Exception_E_exceptionMax__C)
                  0081be00    00000004     mmw_dss_pe674.oe674 (.const:ti_sysbios_family_c64p_Exception_exceptionHook__C)
                  0081be04    00000004     mmw_dss_pe674.oe674 (.const:ti_sysbios_family_c64p_Exception_externalHook__C)
                  0081be08    00000004     mmw_dss_pe674.oe674 (.const:ti_sysbios_family_c64p_Exception_internalHook__C)
                  0081be0c    00000004     mmw_dss_pe674.oe674 (.const:ti_sysbios_family_c64p_Exception_nmiHook__C)
                  0081be10    00000004     mmw_dss_pe674.oe674 (.const:ti_sysbios_family_c64p_Hwi_INTRMUX1Address__C)
                  0081be14    00000004     mmw_dss_pe674.oe674 (.const:ti_sysbios_gates_GateMutex_A_badContext__C)
                  0081be18    00000004     mmw_dss_pe674.oe674 (.const:ti_sysbios_gates_GateMutex_Instance_State_sem__O)
                  0081be1c    00000004     mmw_dss_pe674.oe674 (.const:ti_sysbios_gates_GateMutex_Module__diagsEnabled__C)
                  0081be20    00000004     mmw_dss_pe674.oe674 (.const:ti_sysbios_gates_GateMutex_Module__diagsIncluded__C)
                  0081be24    00000004     mmw_dss_pe674.oe674 (.const:ti_sysbios_gates_GateMutex_Module__diagsMask__C)
                  0081be28    00000004     mmw_dss_pe674.oe674 (.const:ti_sysbios_hal_Hwi_E_stackOverflow__C)
                  0081be2c    00000004     mmw_dss_pe674.oe674 (.const:ti_sysbios_heaps_HeapBuf_Instance_State_freeList__O)
                  0081be30    00000004     mmw_dss_pe674.oe674 (.const:ti_sysbios_heaps_HeapBuf_Object__count__C)
                  0081be34    00000004     mmw_dss_pe674.oe674 (.const:ti_sysbios_heaps_HeapBuf_numConstructedHeaps__C)
                  0081be38    00000004     mmw_dss_pe674.oe674 (.const:ti_sysbios_heaps_HeapMem_A_align__C)
                  0081be3c    00000004     mmw_dss_pe674.oe674 (.const:ti_sysbios_heaps_HeapMem_A_heapSize__C)
                  0081be40    00000004     mmw_dss_pe674.oe674 (.const:ti_sysbios_heaps_HeapMem_A_invalidFree__C)
                  0081be44    00000004     mmw_dss_pe674.oe674 (.const:ti_sysbios_heaps_HeapMem_A_zeroBlock__C)
                  0081be48    00000004     mmw_dss_pe674.oe674 (.const:ti_sysbios_heaps_HeapMem_E_memory__C)
                  0081be4c    00000004     mmw_dss_pe674.oe674 (.const:ti_sysbios_heaps_HeapMem_Module__diagsEnabled__C)
                  0081be50    00000004     mmw_dss_pe674.oe674 (.const:ti_sysbios_heaps_HeapMem_Module__diagsIncluded__C)
                  0081be54    00000004     mmw_dss_pe674.oe674 (.const:ti_sysbios_heaps_HeapMem_Module__diagsMask__C)
                  0081be58    00000004     mmw_dss_pe674.oe674 (.const:ti_sysbios_heaps_HeapMem_Module__gateObj__C)
                  0081be5c    00000004     mmw_dss_pe674.oe674 (.const:ti_sysbios_heaps_HeapMem_Object__count__C)
                  0081be60    00000004     mmw_dss_pe674.oe674 (.const:ti_sysbios_heaps_HeapMem_reqAlign__C)
                  0081be64    00000004     mmw_dss_pe674.oe674 (.const:ti_sysbios_knl_Clock_Module_State_clockQ__O)
                  0081be68    00000004     mmw_dss_pe674.oe674 (.const:ti_sysbios_knl_Semaphore_A_badContext__C)
                  0081be6c    00000004     mmw_dss_pe674.oe674 (.const:ti_sysbios_knl_Semaphore_A_noEvents__C)
                  0081be70    00000004     mmw_dss_pe674.oe674 (.const:ti_sysbios_knl_Semaphore_A_overflow__C)
                  0081be74    00000004     mmw_dss_pe674.oe674 (.const:ti_sysbios_knl_Semaphore_A_pendTaskDisabled__C)
                  0081be78    00000004     mmw_dss_pe674.oe674 (.const:ti_sysbios_knl_Semaphore_Instance_State_pendQ__O)
                  0081be7c    00000004     mmw_dss_pe674.oe674 (.const:ti_sysbios_knl_Semaphore_Module__diagsEnabled__C)
                  0081be80    00000004     mmw_dss_pe674.oe674 (.const:ti_sysbios_knl_Semaphore_Module__diagsIncluded__C)
                  0081be84    00000004     mmw_dss_pe674.oe674 (.const:ti_sysbios_knl_Semaphore_Module__diagsMask__C)
                  0081be88    00000004     mmw_dss_pe674.oe674 (.const:ti_sysbios_knl_Swi_Object__count__C)
                  0081be8c    00000004     mmw_dss_pe674.oe674 (.const:ti_sysbios_knl_Task_A_badPriority__C)
                  0081be90    00000004     mmw_dss_pe674.oe674 (.const:ti_sysbios_knl_Task_A_badTaskState__C)
                  0081be94    00000004     mmw_dss_pe674.oe674 (.const:ti_sysbios_knl_Task_A_badThreadType__C)
                  0081be98    00000004     mmw_dss_pe674.oe674 (.const:ti_sysbios_knl_Task_A_badTimeout__C)
                  0081be9c    00000004     mmw_dss_pe674.oe674 (.const:ti_sysbios_knl_Task_A_noPendElem__C)
                  0081bea0    00000004     mmw_dss_pe674.oe674 (.const:ti_sysbios_knl_Task_A_sleepTaskDisabled__C)
                  0081bea4    00000004     mmw_dss_pe674.oe674 (.const:ti_sysbios_knl_Task_E_spOutOfBounds__C)
                  0081bea8    00000004     mmw_dss_pe674.oe674 (.const:ti_sysbios_knl_Task_E_stackOverflow__C)
                  0081beac    00000004     mmw_dss_pe674.oe674 (.const:ti_sysbios_knl_Task_Module_State_inactiveQ__O)
                  0081beb0    00000004     mmw_dss_pe674.oe674 (.const:ti_sysbios_knl_Task_Module__diagsEnabled__C)
                  0081beb4    00000004     mmw_dss_pe674.oe674 (.const:ti_sysbios_knl_Task_Module__diagsIncluded__C)
                  0081beb8    00000004     mmw_dss_pe674.oe674 (.const:ti_sysbios_knl_Task_Module__diagsMask__C)
                  0081bebc    00000004     mmw_dss_pe674.oe674 (.const:ti_sysbios_knl_Task_Object__count__C)
                  0081bec0    00000004     mmw_dss_pe674.oe674 (.const:ti_sysbios_knl_Task_Object__heap__C)
                  0081bec4    00000004     mmw_dss_pe674.oe674 (.const:ti_sysbios_knl_Task_allBlockedFunc__C)
                  0081bec8    00000004     mmw_dss_pe674.oe674 (.const:ti_sysbios_knl_Task_defaultStackHeap__C)
                  0081becc    00000004     mmw_dss_pe674.oe674 (.const:ti_sysbios_knl_Task_defaultStackSize__C)
                  0081bed0    00000004     mmw_dss_pe674.oe674 (.const:ti_sysbios_knl_Task_numConstructedTasks__C)
                  0081bed4    00000004     mmw_dss_pe674.oe674 (.const:ti_sysbios_timers_rti_Timer_E_cannotSupport__C)
                  0081bed8    00000004     mmw_dss_pe674.oe674 (.const:ti_sysbios_timers_rti_Timer_Module__diagsEnabled__C)
                  0081bedc    00000004     mmw_dss_pe674.oe674 (.const:ti_sysbios_timers_rti_Timer_Module__diagsIncluded__C)
                  0081bee0    00000004     mmw_dss_pe674.oe674 (.const:ti_sysbios_timers_rti_Timer_Module__diagsMask__C)
                  0081bee4    00000004     mmw_dss_pe674.oe674 (.const:ti_sysbios_timers_rti_Timer_numTimerDevices__C)
                  0081bee8    00000004     mmw_dss_pe674.oe674 (.const:ti_sysbios_timers_rti_Timer_startupNeeded__C)
                  0081beec    00000004     mmw_dss_pe674.oe674 (.const:ti_sysbios_utils_Load_Module_State_taskList__O)
                  0081bef0    00000004     mmw_dss_pe674.oe674 (.const:ti_sysbios_utils_Load_Module__diagsEnabled__C)
                  0081bef4    00000004     mmw_dss_pe674.oe674 (.const:ti_sysbios_utils_Load_Module__diagsIncluded__C)
                  0081bef8    00000004     mmw_dss_pe674.oe674 (.const:ti_sysbios_utils_Load_Module__diagsMask__C)
                  0081befc    00000004     mmw_dss_pe674.oe674 (.const:ti_sysbios_utils_Load_postUpdate__C)
                  0081bf00    00000004     mmw_dss_pe674.oe674 (.const:ti_sysbios_utils_Load_windowInMs__C)
                  0081bf04    00000004     mmw_dss_pe674.oe674 (.const:xdc_runtime_Assert_E_assertFailed__C)
                  0081bf08    00000004     mmw_dss_pe674.oe674 (.const:xdc_runtime_Core_A_initializedParams__C)
                  0081bf0c    00000004     mmw_dss_pe674.oe674 (.const:xdc_runtime_Core_Module__diagsEnabled__C)
                  0081bf10    00000004     mmw_dss_pe674.oe674 (.const:xdc_runtime_Core_Module__diagsIncluded__C)
                  0081bf14    00000004     mmw_dss_pe674.oe674 (.const:xdc_runtime_Core_Module__diagsMask__C)
                  0081bf18    00000004     mmw_dss_pe674.oe674 (.const:xdc_runtime_Error_E_memory__C)
                  0081bf1c    00000004     mmw_dss_pe674.oe674 (.const:xdc_runtime_Error_policyFxn__C)
                  0081bf20    00000004     mmw_dss_pe674.oe674 (.const:xdc_runtime_Error_policy__C)
                  0081bf24    00000004     mmw_dss_pe674.oe674 (.const:xdc_runtime_Error_raiseHook__C)
                  0081bf28    00000004     mmw_dss_pe674.oe674 (.const:xdc_runtime_IFilterLogger_Interface__BASE__C)
                  0081bf2c    00000004     mmw_dss_pe674.oe674 (.const:xdc_runtime_IGateProvider_Interface__BASE__C)
                  0081bf30    00000004     mmw_dss_pe674.oe674 (.const:xdc_runtime_IHeap_Interface__BASE__C)
                  0081bf34    00000004     mmw_dss_pe674.oe674 (.const:xdc_runtime_ILogger_Interface__BASE__C)
                  0081bf38    00000004     mmw_dss_pe674.oe674 (.const:xdc_runtime_IModule_Interface__BASE__C)
                  0081bf3c    00000004     mmw_dss_pe674.oe674 (.const:xdc_runtime_LoggerBuf_E_badLevel__C)
                  0081bf40    00000004     mmw_dss_pe674.oe674 (.const:xdc_runtime_LoggerBuf_Module__gateObj__C)
                  0081bf44    00000004     mmw_dss_pe674.oe674 (.const:xdc_runtime_LoggerBuf_Object__count__C)
                  0081bf48    00000004     mmw_dss_pe674.oe674 (.const:xdc_runtime_LoggerBuf_statusLogger__C)
                  0081bf4c    00000004     mmw_dss_pe674.oe674 (.const:xdc_runtime_Memory_defaultHeapInstance__C)
                  0081bf50    00000004     mmw_dss_pe674.oe674 (.const:xdc_runtime_Startup_execImpl__C)
                  0081bf54    00000004     mmw_dss_pe674.oe674 (.const:xdc_runtime_Startup_maxPasses__C)
                  0081bf58    00000004     mmw_dss_pe674.oe674 (.const:xdc_runtime_Startup_sfxnRts__C)
                  0081bf5c    00000004     mmw_dss_pe674.oe674 (.const:xdc_runtime_Startup_sfxnTab__C)
                  0081bf60    00000004     mmw_dss_pe674.oe674 (.const:xdc_runtime_System_Module__gateObj__C)
                  0081bf64    00000004     mmw_dss_pe674.oe674 (.const:xdc_runtime_System_abortFxn__C)
                  0081bf68    00000004     mmw_dss_pe674.oe674 (.const:xdc_runtime_System_exitFxn__C)
                  0081bf6c    00000004     mmw_dss_pe674.oe674 (.const:xdc_runtime_System_extendFxn__C)
                  0081bf70    00000004     mmw_dss_pe674.oe674 (.const:xdc_runtime_System_maxAtexitHandlers__C)
                  0081bf74    00000004     mmw_dss_pe674.oe674 (.const:xdc_runtime_Text_charTab__C)
                  0081bf78    00000004     mmw_dss_pe674.oe674 (.const:xdc_runtime_Text_nameEmpty__C)
                  0081bf7c    00000004     mmw_dss_pe674.oe674 (.const:xdc_runtime_Text_nameStatic__C)
                  0081bf80    00000004     mmw_dss_pe674.oe674 (.const:xdc_runtime_Text_nameUnknown__C)
                  0081bf84    00000004     mmw_dss_pe674.oe674 (.const:xdc_runtime_Text_nodeTab__C)
                  0081bf88    00000004     mmw_dss_pe674.oe674 (.const:xdc_runtime_Text_visitRopeFxn__C)
                  0081bf8c    00000002     mmw_dss_pe674.oe674 (.const:ti_sysbios_family_c64p_Exception_Module__id__C)
                  0081bf8e    00000002     mmw_dss_pe674.oe674 (.const:ti_sysbios_family_c64p_Exception_useInternalBuffer__C)
                  0081bf90    00000002     mmw_dss_pe674.oe674 (.const:ti_sysbios_gates_GateMutex_Module__id__C)
                  0081bf92    00000002     mmw_dss_pe674.oe674 (.const:ti_sysbios_hal_Hwi_Module__id__C)
                  0081bf94    00000002     mmw_dss_pe674.oe674 (.const:ti_sysbios_heaps_HeapMem_Module__id__C)
                  0081bf96    00000002     mmw_dss_pe674.oe674 (.const:ti_sysbios_knl_Semaphore_Module__id__C)
[...]
00818aa0  xdc_runtime_Text_charTab__A                                  
0081a4fa  ti_sysbios_family_c64p_Cache_Module__id__C                   
0081a4fc  ti_sysbios_family_c62_TaskSupport_stackAlignment__C          
0081a500  mmwavelib_twiddleTableCommon                                 
0081b660  xdc_runtime_Text_nodeTab__A                                  
0081b8d4  ti_sysbios_knl_Task_Object__PARAMS__C                        
0081b994  xdc_runtime_LoggerBuf_Module__FXNS__C                        
0081b9d0  gEdmaHwAttrs                                                 
0081ba08  xdc_runtime_Startup_sfxnTab__A                               
0081ba3c  ti_sysbios_family_c64p_Cache_E_invalidL1CacheSize__C         
0081ba40  gDPMMessageFxnTable                                          
0081ba68  ti_sysbios_heaps_HeapMem_Module__FXNS__C                     
0081ba90  xdc_runtime_LoggerBuf_Object__PARAMS__C                      
0081bab8  Mailbox_defaultCfg                                           
0081badc  ti_sysbios_family_c64p_Cache_E_invalidL2CacheSize__C         
0081bae0  mmwavelib_dftHalfBinExpValue                                 
0081bb04  ti_sysbios_gates_GateHwi_Module__FXNS__C                     
0081bb28  ti_sysbios_gates_GateMutex_Module__FXNS__C                   
0081bb4c  ti_sysbios_heaps_HeapMem_Object__PARAMS__C                   
0081bb70  ti_sysbios_knl_Semaphore_Object__PARAMS__C                   
0081bbb4  ti_sysbios_gates_GateHwi_Object__DESC__C                     
0081bbd4  ti_sysbios_gates_GateMutex_Object__DESC__C                   
0081bbf4  ti_sysbios_heaps_HeapMem_Object__DESC__C                     
0081bc14  ti_sysbios_knl_Queue_Object__DESC__C                         
0081bc34  ti_sysbios_knl_Semaphore_Object__DESC__C                     
0081bc54  ti_sysbios_knl_Task_Object__DESC__C                          
0081bc74  xdc_runtime_LoggerBuf_Object__DESC__C                        
0081bcb0  xdc_runtime_Startup_sfxnRts__A                               
0081bcca  ti_sysbios_family_c64p_EventCombiner_Module__id__C           
0081bccc  ti_sysbios_gates_GateHwi_Object__PARAMS__C                   
0081bce4  ti_sysbios_gates_GateMutex_Object__PARAMS__C                 
0081bcfc  ti_sysbios_knl_Queue_Object__PARAMS__C                       
0081bd14  ti_sysbios_family_c64p_Cache_MAR0_31__C                      
0081bd18  ti_sysbios_knl_Task_hooks__A                                 
0081bd74  ti_sysbios_family_c64p_Cache_MAR128_159__C                   
0081bd88  ti_sysbios_family_c64p_EventCombiner_EVTMASK__C              
0081bd98  ti_sysbios_knl_Idle_funcList__A                              
0081bda4  ti_sysbios_knl_Idle_funcList__C                              
0081bdac  ti_sysbios_knl_Task_hooks__C                                 
0081bdb4  ti_sysbios_family_c64p_Cache_MAR160_191__C                   
0081bdb8  xdc_runtime_Startup_firstFxns__A                             
0081bdc0  xdc_runtime_Startup_firstFxns__C                             
0081bdc8  xdc_runtime_Startup_lastFxns__C                              
0081bdd0  ti_sysbios_family_c64p_Cache_MAR192_223__C                   
0081bdd4  ti_sysbios_family_c64p_Cache_MAR224_255__C                   
0081bdd8  ti_sysbios_family_c64p_Cache_MAR32_63__C                     
0081bddc  ti_sysbios_family_c64p_Cache_MAR64_95__C                     
0081bde0  ti_sysbios_family_c64p_Cache_MAR96_127__C                    
0081bde4  ti_sysbios_family_c64p_EventCombiner_A_invalidEventId__C     
0081bde8  ti_sysbios_family_c64p_EventCombiner_EVTRegs__C              
0081bdec  ti_sysbios_family_c64p_EventCombiner_E_unpluggedEvent__C     
0081bdf0  ti_sysbios_family_c64p_EventCombiner_Module__diagsEnabled__C 
0081bdf4  ti_sysbios_family_c64p_EventCombiner_Module__diagsIncluded__C
0081bdf8  ti_sysbios_family_c64p_EventCombiner_Module__diagsMask__C    
0081bdfc  ti_sysbios_family_c64p_Exception_E_exceptionMax__C           
0081be00  ti_sysbios_family_c64p_Exception_exceptionHook__C            
0081be04  ti_sysbios_family_c64p_Exception_externalHook__C             
0081be08  ti_sysbios_family_c64p_Exception_internalHook__C             
0081be0c  ti_sysbios_family_c64p_Exception_nmiHook__C                  
0081be10  ti_sysbios_family_c64p_Hwi_INTRMUX1Address__C                
0081be14  ti_sysbios_gates_GateMutex_A_badContext__C                   
0081be18  ti_sysbios_gates_GateMutex_Instance_State_sem__O             
0081be1c  ti_sysbios_gates_GateMutex_Module__diagsEnabled__C           
0081be20  ti_sysbios_gates_GateMutex_Module__diagsIncluded__C          
0081be24  ti_sysbios_gates_GateMutex_Module__diagsMask__C              
0081be28  ti_sysbios_hal_Hwi_E_stackOverflow__C                        
0081be2c  ti_sysbios_heaps_HeapBuf_Instance_State_freeList__O          
0081be30  ti_sysbios_heaps_HeapBuf_Object__count__C                    
0081be34  ti_sysbios_heaps_HeapBuf_numConstructedHeaps__C              
0081be38  ti_sysbios_heaps_HeapMem_A_align__C                          
0081be3c  ti_sysbios_heaps_HeapMem_A_heapSize__C                       
0081be40  ti_sysbios_heaps_HeapMem_A_invalidFree__C                    
0081be44  ti_sysbios_heaps_HeapMem_A_zeroBlock__C                      
0081be48  ti_sysbios_heaps_HeapMem_E_memory__C                         
0081be4c  ti_sysbios_heaps_HeapMem_Module__diagsEnabled__C             
0081be50  ti_sysbios_heaps_HeapMem_Module__diagsIncluded__C            
0081be54  ti_sysbios_heaps_HeapMem_Module__diagsMask__C                
0081be58  ti_sysbios_heaps_HeapMem_Module__gateObj__C                  
0081be5c  ti_sysbios_heaps_HeapMem_Object__count__C                    
0081be60  ti_sysbios_heaps_HeapMem_reqAlign__C                         
0081be64  ti_sysbios_knl_Clock_Module_State_clockQ__O                  
0081be68  ti_sysbios_knl_Semaphore_A_badContext__C                     
0081be6c  ti_sysbios_knl_Semaphore_A_noEvents__C                       
0081be70  ti_sysbios_knl_Semaphore_A_overflow__C                       
0081be74  ti_sysbios_knl_Semaphore_A_pendTaskDisabled__C               
0081be78  ti_sysbios_knl_Semaphore_Instance_State_pendQ__O             
0081be7c  ti_sysbios_knl_Semaphore_Module__diagsEnabled__C             
0081be80  ti_sysbios_knl_Semaphore_Module__diagsIncluded__C            
0081be84  ti_sysbios_knl_Semaphore_Module__diagsMask__C                
0081be88  ti_sysbios_knl_Swi_Object__count__C                          
0081be8c  ti_sysbios_knl_Task_A_badPriority__C                         
0081be90  ti_sysbios_knl_Task_A_badTaskState__C                        
0081be94  ti_sysbios_knl_Task_A_badThreadType__C                       
0081be98  ti_sysbios_knl_Task_A_badTimeout__C                          
0081be9c  ti_sysbios_knl_Task_A_noPendElem__C                          
0081bea0  ti_sysbios_knl_Task_A_sleepTaskDisabled__C                   
0081bea4  ti_sysbios_knl_Task_E_spOutOfBounds__C                       
0081bea8  ti_sysbios_knl_Task_E_stackOverflow__C                       
0081beac  ti_sysbios_knl_Task_Module_State_inactiveQ__O                
0081beb0  ti_sysbios_knl_Task_Module__diagsEnabled__C                  
0081beb4  ti_sysbios_knl_Task_Module__diagsIncluded__C                 
0081beb8  ti_sysbios_knl_Task_Module__diagsMask__C                     
0081bebc  ti_sysbios_knl_Task_Object__count__C                         
0081bec0  ti_sysbios_knl_Task_Object__heap__C                          
0081bec4  ti_sysbios_knl_Task_allBlockedFunc__C                        
0081bec8  ti_sysbios_knl_Task_defaultStackHeap__C                      
0081becc  ti_sysbios_knl_Task_defaultStackSize__C                      
0081bed0  ti_sysbios_knl_Task_numConstructedTasks__C                   
0081bed4  ti_sysbios_timers_rti_Timer_E_cannotSupport__C               
0081bed8  ti_sysbios_timers_rti_Timer_Module__diagsEnabled__C          
0081bedc  ti_sysbios_timers_rti_Timer_Module__diagsIncluded__C         
0081bee0  ti_sysbios_timers_rti_Timer_Module__diagsMask__C             
0081bee4  ti_sysbios_timers_rti_Timer_numTimerDevices__C               
0081bee8  ti_sysbios_timers_rti_Timer_startupNeeded__C                 
0081beec  ti_sysbios_utils_Load_Module_State_taskList__O               
0081bef0  ti_sysbios_utils_Load_Module__diagsEnabled__C                
0081bef4  ti_sysbios_utils_Load_Module__diagsIncluded__C               
0081bef8  ti_sysbios_utils_Load_Module__diagsMask__C                   
0081befc  ti_sysbios_utils_Load_postUpdate__C                          
0081bf00  ti_sysbios_utils_Load_windowInMs__C                          
0081bf04  xdc_runtime_Assert_E_assertFailed__C                         
0081bf08  xdc_runtime_Core_A_initializedParams__C                      
0081bf0c  xdc_runtime_Core_Module__diagsEnabled__C                     
0081bf10  xdc_runtime_Core_Module__diagsIncluded__C                    
0081bf14  xdc_runtime_Core_Module__diagsMask__C                        
0081bf18  xdc_runtime_Error_E_memory__C                                
0081bf1c  xdc_runtime_Error_policyFxn__C                               
0081bf20  xdc_runtime_Error_policy__C                                  
0081bf24  xdc_runtime_Error_raiseHook__C                               
0081bf28  xdc_runtime_IFilterLogger_Interface__BASE__C                 
0081bf2c  xdc_runtime_IGateProvider_Interface__BASE__C                 
0081bf30  xdc_runtime_IHeap_Interface__BASE__C                         
0081bf34  xdc_runtime_ILogger_Interface__BASE__C                       
0081bf38  xdc_runtime_IModule_Interface__BASE__C                       
0081bf3c  xdc_runtime_LoggerBuf_E_badLevel__C                          
0081bf40  xdc_runtime_LoggerBuf_Module__gateObj__C                     
0081bf44  xdc_runtime_LoggerBuf_Object__count__C                       
0081bf48  xdc_runtime_LoggerBuf_statusLogger__C                        
0081bf4c  xdc_runtime_Memory_defaultHeapInstance__C                    
0081bf50  xdc_runtime_Startup_execImpl__C                              
0081bf54  xdc_runtime_Startup_maxPasses__C                             
0081bf58  xdc_runtime_Startup_sfxnRts__C                               
0081bf5c  xdc_runtime_Startup_sfxnTab__C                               
0081bf60  xdc_runtime_System_Module__gateObj__C                        
0081bf64  xdc_runtime_System_abortFxn__C                               
0081bf68  xdc_runtime_System_exitFxn__C                                
0081bf6c  xdc_runtime_System_extendFxn__C                              
0081bf70  xdc_runtime_System_maxAtexitHandlers__C                      
0081bf74  xdc_runtime_Text_charTab__C                                  
0081bf78  xdc_runtime_Text_nameEmpty__C                                
0081bf7c  xdc_runtime_Text_nameStatic__C                               
0081bf80  xdc_runtime_Text_nameUnknown__C                              
0081bf84  xdc_runtime_Text_nodeTab__C                                  
0081bf88  xdc_runtime_Text_visitRopeFxn__C                             
0081bf8c  ti_sysbios_family_c64p_Exception_Module__id__C               
0081bf8e  ti_sysbios_family_c64p_Exception_useInternalBuffer__C        
0081bf90  ti_sysbios_gates_GateMutex_Module__id__C                     
0081bf92  ti_sysbios_hal_Hwi_Module__id__C                             
0081bf94  ti_sysbios_heaps_HeapMem_Module__id__C                       
0081bf96  ti_sysbios_knl_Semaphore_Module__id__C                       
0081bf98  ti_sysbios_knl_Task_Module__id__C                            
0081bf9a  ti_sysbios_timers_rti_Timer_Module__id__C                    
0081bf9c  ti_sysbios_timers_rti_Timer_continueOnSuspend__C             
0081bf9e  ti_sysbios_utils_Load_Module__id__C                          
0081bfa0  ti_sysbios_utils_Load_autoAddTasks__C                        
0081bfa2  ti_sysbios_utils_Load_updateInIdle__C                        
0081bfa4  xdc_runtime_Core_Module__id__C                               
0081bfa6  xdc_runtime_Error_maxDepth__C                                
0081bfa8  xdc_runtime_LoggerBuf_Module__id__C                          
0081bfaa  xdc_runtime_LoggerBuf_filterByLevel__C                       
0081bfac  xdc_runtime_Main_Module__id__C                               
0081bfae  xdc_runtime_Memory_Module__id__C                             
0081bfb0  xdc_runtime_Text_charCnt__C                                  
0081bfb2  xdc_runtime_Text_isLoaded__C                                 
0081bfb4  xdc_runtime_Text_registryModsLastId__C                       
0081bfb6  xdc_runtime_Text_unnamedModsLastId__C                        
0081bfb8  xdc_runtime_LoggerBuf_Instance_State_0_entryArr__A           
0081dd90  ti_sysbios_knl_Task_Instance_State_0_stack__A                
0081e0b0  __TI_tmpnams                                                 
0081e1f0  gMmwDssMCB                                                   
0081e2c8  resultBuffer                                                 
0081e2e0  edmaDbg                                                      
0081e2f0  parmbuf                                                      
0081e2f8  ti_sysbios_knl_Task_Instance_State_0_hookEnv__A              
0081e2fc  __TI_STATIC_BASE                                             
0081e2fc  gObjDetObj                                                   
0081e300  ti_sysbios_family_c64p_EventCombiner_Module__state__V        
0081e700  _ftable                                                      
0081e8e0  _stream                                                      
0081e980  ti_sysbios_utils_Load_Module__state__V                       
0081ea18  ti_sysbios_knl_Swi_Module_State_0_readyQ__A                  
0081ea98  ti_sysbios_knl_Task_Module_State_0_readyQ__A                 
0081eb18  _device                                                      
0081eb90  ti_sysbios_family_c64p_Hwi_Object__table__V                  
0081ec08  ti_sysbios_family_c64p_Hwi_Module__state__V                  
0081ec74  _lock                                                        
0081ecd8  ti_sysbios_knl_Task_Object__table__V                         
0081ed34  gMailboxMCB                                                  
0081ed84  ti_sysbios_knl_Task_Module__state__V                         
0081edcc  _unlock                                                      
0081ee50  SOC_TranslateAddr_LUT                                        
0081eed0  eDOA_indList                                                 
0081ef10  ti_sysbios_gates_GateMutex_Object__table__V                  
0081ef50  ti_sysbios_timers_rti_Timer_Object__table__V                 
0081ef8c  ti_sysbios_family_c64p_Exception_Module__state__V            
0081efbc  __TI_ft_end                                                  
0081efc0  ti_sysbios_knl_Swi_Object__table__V                          
0081eff0  ti_sysbios_knl_Clock_Module__state__V                        
0081f01c  gDPC_ObjectDetectionCfg                                      
0081f040  ti_sysbios_BIOS_Module__state__V                             
0081f064  __errno                                                      
0081f064  errno                                                        
0081f068  xdc_runtime_LoggerBuf_Object__table__V                       
0081f08c  ti_sysbios_family_c64p_Cache_Module__state__V                
0081f0b0  aDOA_indList                                                 
0081f0d0  gSOCHwAttrib                                                 
0081f0f0  xdc_runtime_Error_IgnoreBlock                                
0081f110  xdc_runtime_System_Module_State_0_atexitHandlers__A          
0081f130  ti_sysbios_knl_Swi_Module__state__V                          
0081f14c  ti_sysbios_heaps_HeapBuf_Module__state__V                    
0081f150  ti_sysbios_utils_Load_Module_State_0_taskEnv__A              
0081f16c  gMailboxDssBssHwCfg                                          
0081f184  gMailboxDssMssHwCfg                                          
0081f19c  xdc_runtime_Memory_Module__state__V                          
0081f1a0  ti_sysbios_heaps_HeapMem_Object__table__V                    
0081f1b8  ti_sysbios_timers_rti_Timer_Module_State_0_device__A         
0081f1d0  gDPMRemoteTable                                              
0081f1e4  xdc_runtime_Error_Module__state__V                           
0081f1e8  ti_sysbios_timers_rti_Timer_Module_State_0_intFreqs__A       
0081f1f8  ti_sysbios_timers_rti_Timer_Module__state__V                 
0081f208  __TI_cleanup_ptr                                             
0081f20c  __TI_dtors_ptr                                               
0081f210  __TI_enable_exit_profile_output                              
0081f214  ti_sysbios_knl_Task_Module__root__V                          
0081f220  gDPMHwAttrib                                                 
0081f228  ti_sysbios_gates_GateHwi_Module__root__V                     
0081f230  ti_sysbios_gates_GateMutex_Module__root__V                   
0081f238  ti_sysbios_hal_Hwi_Object__table__V                          
0081f240  ti_sysbios_heaps_HeapMem_Module__root__V                     
0081f248  ti_sysbios_knl_Queue_Module__root__V                         
0081f250  ti_sysbios_knl_Semaphore_Module__root__V                     
0081f258  ti_sysbios_timers_rti_Timer_Module_State_0_handles__A        
0081f260  xdc_runtime_LoggerBuf_Module__root__V                        
0081f268  xdc_runtime_Registry_Module__state__V                        
0081f270  xdc_runtime_Startup_Module__state__V                         
0081f278  xdc_runtime_System_Module__state__V                          
0081f280  xdc_runtime_LoggerBuf_Module__state__V                       
0081f288  ti_sysbios_gates_GateHwi_Object__table__V                    
0081f290  ti_sysbios_knl_Task_Module_State_0_idleTask__A               
0081f298  ti_sysbios_utils_Load_Module_State_0_runningTask__A          
0081f2a0  ti_sysbios_utils_Load_Module_State_0_taskStartTime__A        
0081f2a8  _stack                                                       
0081faa8  __CIOBUF_                                                    
0081faa8  __TI_STACK_END                                               
0081fc90  gDPM                                                         
0081fc94  regionId                                                     
00f00000  gDPC_ObjDetL1Heap                                            
20000000  gMmwL3                                                       
21080000  gHSRAM                                                       
ffffffff  __TI_pprof_out_hndl                                          
ffffffff  __TI_prof_data_size                                          
ffffffff  __TI_prof_data_start                                         
ffffffff  __binit__                                                    
ffffffff  __c_args__                                                   
ffffffff  binit                                                        
UNDEFED   __TI_CINIT_Base                                              
UNDEFED   __TI_CINIT_Limit                                             
UNDEFED   __TI_Handler_Table_Base                                      
UNDEFED   __TI_Handler_Table_Limit                                     
UNDEFED   __TI_INITARRAY_Base                                          
UNDEFED   __TI_INITARRAY_Limit                                         
UNDEFED   __TI_TLS_INIT_Base                                           
UNDEFED   __TI_TLS_INIT_Limit                                          

[800 symbols]
