******************************************************************************
                  TI ARM Linker PC v16.9.6                     
******************************************************************************
>> Linked Sun Oct 31 16:22:45 2021

OUTPUT FILE NAME:   <area_scanner_68xx_mss_isk.xer4f>
ENTRY POINT SYMBOL: "_c_int00"  address: 0001f30c


MEMORY CONFIGURATION

         name            origin    length      used     unused   attr    fill
----------------------  --------  ---------  --------  --------  ----  --------
PAGE 0:
  VECTORS               00000000   00000100  0000003c  000000c4     X
  PROG_RAM              00000100   0007ff00  000280c6  00057e3a  R  X
  DATA_RAM              08000000   00030000  000229f4  0000d60c  RW  
  L3_RAM                51000000   000bff00  000bff00  00000000  RW  
  L3SRAM_CODE           510bff00   00000100  00000000  00000100  R   
  HWA_RAM               52030000   00010000  00000000  00010000  RW  
  HS_RAM                52080000   00008000  00000000  00008000  RW  

PAGE 1:
  L3_RAM                51000000   000bff00  00000000  000bff00  RW  


SEGMENT ALLOCATION MAP

run origin  load origin   length   init length attrs members
----------  ----------- ---------- ----------- ----- -------
00000000    00000000    0000003c   0000003c    r--
  00000000    00000000    0000003c   0000003c    r-- .vecs
00000100    00000100    000280d0   000280d0    r-x
  00000100    00000100    00025762   00025762    r-x .text
  00025868    00025868    0000230c   0000230c    r-- .const
  00027b78    00027b78    00000658   00000658    r-- .cinit
08000000    08000000    000229f8   00000000    rw-
  08000000    08000000    0001b000   00000000    rw- systemHeap
  0801b000    0801b000    0000381c   00000000    rw- .bss
  0801e820    0801e820    000021d8   00000000    rw- .data
  080209f8    080209f8    00001000   00000000    rw- .dpcLocalRam
  080219f8    080219f8    00000800   00000000    rw- .myFiqStack
  080221f8    080221f8    00000800   00000000    rw- .stack
51000000    51000000    000bff00   00000000    rw-
  51000000    51000000    000bff00   00000000    rw- .l3ram


SECTION ALLOCATION MAP

 output                                  attributes/
section   page    origin      length       input sections
--------  ----  ----------  ----------   ----------------
systemHeap 
*          0    08000000    0001b000     UNINITIALIZED
                  08000000    0001b000     mmw_mss_per4ft.oer4ft (systemHeap)

.dpcLocalRam 
*          0    080209f8    00001000     UNINITIALIZED
                  080209f8    00001000     mss_main.oer4f (.dpcLocalRam)

.vecs      0    00000000    0000003c     
                  00000000    0000003c     mmw_mss_per4ft.oer4ft (.vecs)

.text      0    00000100    00025762     
                  00000100    0000107a     rtsv7R4_T_le_v3D16_eabi.lib : _printfi.obj (.text)
                  0000117a    00000002     libadcbuf_xwr68xx.aer4f : adcbuf_mmwave.oer4f (.text:ADCBUF_MMWave_init)
                  0000117c    00000c3c     libgtrack3D.aer4f : gtrack_unit_update.oer4f (.text:gtrack_unitUpdate)
                  00001db8    000009f8     mss_main.oer4f (.text:MmwDemo_dataPathConfig)
                  000027b0    000008ce     mmw_cli.oer4f (.text:MmwDemo_CLIInit)
                  0000307e    00000002     libhwa_xwr68xx.aer4f : hwa.oer4f (.text:HWA_init)
                  00003080    00000680     mss_main.oer4f (.text:MmwDemo_initTask)
                  00003700    00000658     libhwa_xwr68xx.aer4f : hwa.oer4f (.text:HWA_configParamSet)
                  00003d58    000005fc     rtsv7R4_T_le_v3D16_eabi.lib : k_rem_pio2.obj (.text)
                  00004354    000005d4     mss_main.oer4f (.text:MmwDemo_handleObjectDetResult)
                  00004928    00000590     rtsv7R4_T_le_v3D16_eabi.lib : e_powf.obj (.text)
                  00004eb8    00000564     librangeproc_hwa_xwr68xx.aer4f : rangeprochwa.oer4f (.text:DPU_RangeProcHWA_process)
                  0000541c    00000558     mss_main.oer4f (.text:MmwDemo_transmitProcessedOutput)
                  00005974    00000518     libgtrack3D.aer4f : gtrack_create.oer4f (.text:gtrack_create)
                  00005e8c    00000004     libosal_xwr68xx.aer4f : HwiP_tirtos.oer4f (.text:HwiP_disableInterrupt)
                  00005e90    000004e1     sysbios.aer4ft : BIOS.obj (.text:xdc_runtime_System_doPrint__I)
                  00006371    00000001     --HOLE-- [fill = 0]
                  00006372    00000002     libmmwave_xwr68xx.aer4f : mmwave_link.oer4f (.text:MMWave_maskHostIRQ)
                  00006374    000004a8     libadcbuf_xwr68xx.aer4f : adcbuf_mmwave.oer4f (.text:ADCBUF_MMWave_control)
                  0000681c    00000465     libgtrack3D.aer4f : gtrack_unit_update.oer4f (.text:gtrack_velocityStateHandling)
                  00006c81    00000001     --HOLE-- [fill = 0]
                  00006c82    00000002     libqspiflash_xwr68xx.aer4f : qspiflash.oer4f (.text:QSPIFlash_init)
                  00006c84    0000044c     mmw_cli.oer4f (.text:MmwDemo_CLISensorStart)
                  000070d0    0000043c     librangeproc_hwa_xwr68xx.aer4f : rangeprochwa.oer4f (.text:DPU_RangeProcHWA_config)
                  0000750c    0000043c     mmwdemo_rfparser.oer4f (.text:MmwDemo_RFParser_parseCtrlConfig)
                  00007948    00000410     libcli_xwr68xx.aer4f : cli_mmwave.oer4f (.text:CLI_MMWaveVersion)
                  00007d58    000003f4     rtsv7R4_T_le_v3D16_eabi.lib : s_cos.obj (.text)
                  0000814c    00000388     mss_main.oer4f (.text:MmwDemo_DPC_ObjectDetection_reportFxn)
                  000084d4    00000332     libgtrack3D.aer4f : gtrack_utilities_3d.oer4f (.text:gtrack_matrixInv)
                  00008806    00000002     libqspi_xwr68xx.aer4f : qspi.oer4f (.text:QSPI_init)
                  00008808    00000328     mss_main.oer4f (.text:MmwDemo_processPendingDynamicCfgCommands)
                  00008b30    00000314     libsoc_xwr68xx.aer4f : soc_xwr68xx_mss.oer4f (.text:SOC_deviceInit)
                  00008e44    00000314     rtsv7R4_T_le_v3D16_eabi.lib : s_tanf.obj (.text)
                  00009158    00000304     librangeproc_hwa_xwr68xx.aer4f : rangeprochwa.oer4f (.text:rangeProcHWA_ConfigEDMA_DataOut_nonInterleave)
                  0000945c    000002f8     libcbuff_xwr68xx.aer4f : cbuff.oer4f (.text:CBUFF_createSession)
                  00009754    0000000c     libedma_xwr68xx.aer4f : edma_low_level.oer4f (.text:EDMA3ChannelToParamMap)
                  00009760    000002f4     sysbios.aer4ft : BIOS.obj (.text:ti_sysbios_knl_Semaphore_pend__E)
                  00009a54    0000000c     libedma_xwr68xx.aer4f : edma_low_level.oer4f (.text:EDMAsetRegion)
                  00009a60    000002cc     sysbios.aer4ft : BIOS.obj (.text:ti_sysbios_knl_Task_Instance_finalize__E)
                  00009d2c    000002c8     mss_main.oer4f (.text:MmwDemo_sensorStopEpilog)
                  00009ff4    000002c4     libhwa_xwr68xx.aer4f : hwa.oer4f (.text:HWA_configCommon)
                  0000a2b8    000002b8     rtsv7R4_T_le_v3D16_eabi.lib : ull_div32.obj (.text)
                  0000a570    000002a8     objdetrangehwa.oer4f (.text:DPC_ObjDetRangeHwa_rangeConfig)
                  0000a818    00000008     libosal_xwr68xx.aer4f : HwiP_tirtos.oer4f (.text:HwiP_disable)
                  0000a820    000002a4     sysbios.aer4ft : BIOS.obj (.text:ti_sysbios_heaps_HeapMem_freeUnprotected__E)
                  0000aac4    00000288     objdetrangehwa.oer4f (.text:DPC_ObjectDetection_ioctl)
                  0000ad4c    00000288     mmw_lvds_stream.oer4f (.text:MmwDemo_LVDSStreamHwConfig)
                  0000afd4    00000284     libmmwave_xwr68xx.aer4f : mmwave_dualcore.oer4f (.text:MMWave_deviceExecuteFxn)
                  0000b258    00000280     libhsiheader_xwr68xx.aer4f : hsiheader.oer4f (.text:HSIHeader_createHeader)
                  0000b4d8    00000008     libmmwave_xwr68xx.aer4f : mmwave.oer4f (.text:MMWave_decodeErrorLevel)
                  0000b4e0    00000280     sysbios.aer4ft : BIOS.obj (.text:ti_sysbios_family_arm_exc_Exception_excDumpContext__I)
                  0000b760    0000026c     libqspiflash_xwr68xx.aer4f : qspiflash.oer4f (.text:QSPIFlash_open)
                  0000b9cc    00000264     libcbuff_xwr68xx.aer4f : cbuff.oer4f (.text:CBUFF_init)
                  0000bc30    00000264     mss_main.oer4f (.text:MmwDemo_openSensor)
                  0000be94    00000260     libmailbox_xwr68xx.aer4f : mailbox.oer4f (.text:Mailbox_open)
                  0000c0f4    00000260     mss_main.oer4f (.text:MmwDemo_eventCallbackFxn)
                  0000c354    0000025a     libgtrack3D.aer4f : gtrack_module.oer4f (.text:gtrack_moduleAllocate)
                  0000c5ae    00000002     libuart_xwr68xx.aer4f : uartsci.oer4f (.text:UartSci_init)
                  0000c5b0    00000254     libcli_xwr68xx.aer4f : cli_mmwave.oer4f (.text:CLI_MMWaveProfileCfg)
                  0000c804    00000250     mss_main.oer4f (.text:MmwDemo_stopSensor)
                  0000ca54    0000022c     libcbuff_xwr68xx.aer4f : cbuff_lvds.oer4f (.text:CBUFF_openLVDS)
                  0000cc80    0000022c     librangeproc_hwa_xwr68xx.aer4f : rangeprochwa.oer4f (.text:rangeProcHWA_ConfigHWA)
                  0000ceac    00000004     libosal_xwr68xx.aer4f : HwiP_tirtos.oer4f (.text:HwiP_enableInterrupt)
                  0000ceb0    00000228     sysbios.aer4ft : BIOS.obj (.text:ti_sysbios_heaps_HeapMem_allocUnprotected__E)
                  0000d0d8    00000008     libmmwave_xwr68xx.aer4f : mmwave_link.oer4f (.text:MMWave_mboxCallbackFxn)
                  0000d0e0    00000224     sysbios.aer4ft : BIOS.obj (.text:ti_sysbios_timers_rti_Timer_Module_startup__E)
                  0000d304    00000214     libuart_xwr68xx.aer4f : uartsci.oer4f (.text:UartSci_open)
                  0000d518    0000020a     libcbuff_xwr68xx.aer4f : cbuff_transfer.oer4f (.text:CBUFF_addLinkedList)
                  0000d722    00000002     rtsv7R4_T_le_v3D16_eabi.lib : i_div0.obj (.text)
                  0000d724    00000204     libcli_xwr68xx.aer4f : cli_mmwave.oer4f (.text:CLI_MMWaveChirpCfg)
                  0000d928    00000008     libosal_xwr68xx.aer4f : MemoryP_tirtos.oer4f (.text:MemoryP_getStats)
                  0000d930    00000204     sysbios.aer4ft : BIOS.obj (.text:ti_sysbios_knl_Task_sleep__E)
                  0000db34    00000200     libcrc_xwr68xx.aer4f : crc.oer4f (.text:CRC_open)
                  0000dd34    00000200     mss_main.oer4f (.text:MmwDemo_startSensor)
                  0000df34    0000000c     libmmwave_xwr68xx.aer4f : mmwave_dualcore.oer4f (.text:MMWave_deviceMailboxCallbackFxn)
                  0000df40    00000200     sysbios.aer4ft : BIOS.obj (.text:ti_sysbios_knl_Task_Instance_init__E)
                  0000e140    000001fc     libgtrack3D.aer4f : gtrack_step.oer4f (.text:gtrack_step)
                  0000e33c    000001fa                       : gtrack_unit_predict.oer4f (.text:gtrack_unitPredict)
                  0000e536    00000002     mmw_mss_per4ft.oer4ft (.text:ti_sysbios_BIOS_nullFunc__I)
                  0000e538    000001f0     libdma_xwr68xx.aer4f : dma.oer4f (.text:DMA_setChannelParams)
                  0000e728    000001e8     mss_main.oer4f (.text:MmwDemo_transferLVDSUserData)
                  0000e910    000001e4     libgtrack3D.aer4f : gtrack_utilities.oer4f (.text:gtrack_computeJacobian)
                  0000eaf4    000001e4     rtsv7R4_T_le_v3D16_eabi.lib : e_logf.obj (.text)
                  0000ecd8    000001e4                                 : strtod.obj (.text)
                  0000eebc    000001d5     libgtrack3D.aer4f : gtrack_unit_score.oer4f (.text:gtrack_unitScore)
                  0000f091    00000001     --HOLE-- [fill = 0]
                  0000f092    00000002     mmw_mss_per4ft.oer4ft (.text:xdc_runtime_Startup_reset__I)
                  0000f094    000001d4     libcbuff_xwr68xx.aer4f : cbuff_edma.oer4f (.text:CBUFF_configEDMA)
                  0000f268    000001d0     objdetrangehwa.oer4f (.text:DPC_ObjectDetection_init)
                  0000f438    000001cc     mss_main.oer4f (.text:main)
                  0000f604    0000000c     libmmwave_xwr68xx.aer4f : mmwave_osal.oer4f (.text:MMWave_osalMutexUnlock)
                  0000f610    000001cc     sysbios.aer4ft : BIOS.obj (.text:ti_sysbios_family_arm_v7r_vim_Hwi_dispatchIRQC__I)
                  0000f7dc    000001c8     libcbuff_xwr68xx.aer4f : cbuff_lvds.oer4f (.text:CBUFF_initLVDS)
                  0000f9a4    000001c8     libmmwavelink_xwr68xx.aer4f : rl_driver.oer4f (.text:rlDriverRxHdrRead)
                  0000fb6c    000001c8     rtsv7R4_T_le_v3D16_eabi.lib : fopen.obj (.text)
                  0000fd34    000001c2     objdetrangehwa.oer4f (.text:DPC_ObjectDetection_execute)
                  0000fef6    00000002     --HOLE-- [fill = 0]
                  0000fef8    000001c0     libedma_xwr68xx.aer4f : edma.oer4f (.text:EDMA_open)
                  000100b8    000001b0     mmw_lvds_stream.oer4f (.text:MmwDemo_LVDSStreamInit)
                  00010268    000001b0     libmmwavelink_xwr68xx.aer4f : rl_driver.oer4f (.text:rlDriverMsgRead)
                  00010418    000001ac     libgtrack3D.aer4f : gtrack_unit_start.oer4f (.text:gtrack_unitStart)
                  000105c4    000001a8     mss_main.oer4f (.text:MmwDemo_bpmConfig)
                  0001076c    000001a4     libcbuff_xwr68xx.aer4f : cbuff.oer4f (.text:CBUFF_activateSession)
                  00010910    000001a4     libcli_xwr68xx.aer4f : cli_mmwave.oer4f (.text:CLI_MMWaveSubFrameCfg)
                  00010ab4    000001a4     libmmwave_xwr68xx.aer4f : mmwave_dualcore.oer4f (.text:MMWave_serializeCfg)
                  00010c58    0000019c     tracker_utils.oer4f (.text:MmwDemo_CLITrackingCfg)
                  00010df4    0000000c     libmmwave_xwr68xx.aer4f : mmwave_osal.oer4f (.text:MMWave_osalSemSignal)
                  00010e00    0000019c     sysbios.aer4ft : BIOS.obj (.text:xdc_runtime_Error_policyDefault__E)
                  00010f9c    0000019b     libgtrack3D.aer4f : gtrack_unit_event.oer4f (.text:gtrack_unitEvent)
                  00011137    00000001     --HOLE-- [fill = 0]
                  00011138    00000194     libmmwave_xwr68xx.aer4f : mmwave_link.oer4f (.text:MMWave_openLink)
                  000112cc    00000190     libmmwavelink_xwr68xx.aer4f : rl_driver.oer4f (.text:rlDriverCmdInvoke)
                  0001145c    00000188     libtrackerproc_xwr68xx.aer4f : trackerproc_3d.oer4f (.text:DPU_TrackerProc_process)
                  000115e4    00000188     libedma_xwr68xx.aer4f : edma.oer4f (.text:EDMA_configChannel)
                  0001176c    00000188     libhwa_xwr68xx.aer4f : hwa.oer4f (.text:HWA_open)
                  000118f4    00000188     mmw_lvds_stream.oer4f (.text:MmwDemo_LVDSStreamDeleteHwSession)
                  00011a7c    00000184     libtrackerproc_xwr68xx.aer4f : trackerproc_3d.oer4f (.text:DPU_TrackerProc_config)
                  00011c00    00000184     sysbios.aer4ft : BIOS.obj (.text:xdc_runtime_LoggerBuf_write8__E)
                  00011d84    00000180     libdpm_xwr68xx.aer4f : dpm_core.oer4f (.text:DPM_init)
                  00011f04    00000180                          : dpm_msg.oer4f (.text:DPM_msgRecv)
                  00012084    00000180     mmwdemo_rfparser.oer4f (.text:MmwDemo_RFParser_setAoAParams)
                  00012204    0000017c     mmw_lvds_stream.oer4f (.text:MmwDemo_LVDSStreamDeleteSwSession)
                  00012380    00000170     libgpio_xwr68xx.aer4f : gpio.oer4f (.text:GPIO_setConfig)
                  000124f0    0000016c     sysbios.aer4ft : BIOS.obj (.text:ti_sysbios_knl_Semaphore_post__E)
                  0001265c    00000004     libmmwave_xwr68xx.aer4f : mmwave_link.oer4f (.text:MMWave_disableDevice)
                  00012660    00000168     sysbios.aer4ft : BIOS.obj (.text:ti_sysbios_family_arm_exc_Exception_excHandler__I)
                  000127c8    00000164     mmw_lvds_stream.oer4f (.text:MmwDemo_LVDSStreamSwConfig)
                  0001292c    00000160     libqspi_xwr68xx.aer4f : qspi.oer4f (.text:QSPI_open)
                  00012a8c    00000004     libmmwave_xwr68xx.aer4f : mmwave_link.oer4f (.text:MMWave_enableDevice)
                  00012a90    00000160     sysbios.aer4ft : BIOS.obj (.text:ti_sysbios_family_arm_v7r_vim_Hwi_reconfig__E)
                  00012bf0    00000158                    : BIOS.obj (.text:ti_sysbios_knl_Task_postInit__I)
                  00012d48    00000154     rtsv7R4_T_le_v3D16_eabi.lib : s_atanf.obj (.text)
                  00012e9c    0000014c     libcli_xwr68xx.aer4f : cli_mmwave.oer4f (.text:CLI_MMWaveFrameCfg)
                  00012fe8    0000014c                          : cli.oer4f (.text:CLI_task)
                  00013134    0000014c     libmmwave_xwr68xx.aer4f : mmwave_link.oer4f (.text:MMWave_initMMWaveLink)
                  00013280    0000014a     libuart_xwr68xx.aer4f : uartsci.oer4f (.text:UartSci_ISR)
                  000133ca    00000002     --HOLE-- [fill = 0]
                  000133cc    00000149     mss_main.oer4f (.text:MmwDemo_setSubFramePendingState)
                  00013515    00000003     --HOLE-- [fill = 0]
                  00013518    00000148     libhsiheader_xwr68xx.aer4f : hsiheader.oer4f (.text:HSIHeader_init)
                  00013660    00000148     mmw_cli.oer4f (.text:MmwDemo_CLILvdsStreamCfg)
                  000137a8    00000148     libmmwavelink_xwr68xx.aer4f : rl_driver.oer4f (.text:rlDriverCmdSendRetry)
                  000138f0    00000144     mmw_lvds_stream.oer4f (.text:MmwDemo_configLVDSHwData)
                  00013a34    00000144     mss_main.oer4f (.text:MmwDemo_configSensor)
                  00013b78    00000008     libosal_xwr68xx.aer4f : SemaphoreP_tirtos.oer4f (.text:SemaphoreP_Params_init)
                  00013b80    00000140     sysbios.aer4ft : BIOS.obj (.text:ti_sysbios_heaps_HeapMem_Instance_init__E)
                  00013cc0    00000140                    : BIOS.obj (.text:xdc_runtime_Core_createObject__I)
                  00013e00    0000013c                    : BIOS.obj (.text:ti_sysbios_knl_Clock_workFunc__E)
                  00013f3c    00000134     libadcbuf_xwr68xx.aer4f : adcbuf_mmwave.oer4f (.text:ADCBUF_MMWave_open)
                  00014070    00000134     sysbios.aer4ft : BIOS.obj (.text:xdc_runtime_Startup_startMods__I)
                  000141a4    00000130     libgtrack3D.aer4f : gtrack_utilities.oer4f (.text:gtrack_cartesian2spherical)
                  000142d4    0000012c     mmw_cli.oer4f (.text:MmwDemo_CLIBpmCfg)
                  00014400    0000012c     librangeproc_hwa_xwr68xx.aer4f : rangeprochwa.oer4f (.text:rangeProcHWA_ConfigEDMADummyThreeLinks)
                  0001452c    00000128     libmathutils.aer4f : mathutils.oer4f (.text:mathUtils_genWindow)
                  00014654    0000000c     libuart_xwr68xx.aer4f : UART.oer4f (.text:UART_Params_init)
                  00014660    00000128     sysbios.aer4ft : BIOS.obj (.text:ti_sysbios_utils_Load_updateThreadContexts__E)
                  00014788    00000124     libcli_xwr68xx.aer4f : cli_mmwave.oer4f (.text:CLI_MMWaveAdvFrameCfg)
                  000148ac    00000124                          : cli_mmwave.oer4f (.text:CLI_MMWaveContModeCfg)
                  000149d0    00000124     libedma_xwr68xx.aer4f : edma.oer4f (.text:EDMA_init)
                  00014af4    00000124     mss_main.oer4f (.text:init_qspiflash)
                  00014c18    00000008     libgtrack3D.aer4f : gtrack_unit_delete.oer4f (.text:gtrack_unitDelete)
                  00014c20    00000120     sysbios.aer4ft : BIOS.obj (.text:xdc_runtime_LoggerBuf_write4__E)
                  00014d40    00000118                    : BIOS.obj (.text:ti_sysbios_family_arm_v7r_vim_Hwi_Instance_init__E)
                  00014e58    00000116     mmw_cli.oer4f (.text:MmwDemo_CLICalibDcRangeSig)
                  00014f6e    00000002     --HOLE-- [fill = 0]
                  00014f70    00000114     libedma_xwr68xx.aer4f : edma.oer4f (.text:EDMA_configErrorMonitoring)
                  00015084    00000114     mmw_cli.oer4f (.text:MmwDemo_staticDetectionCfg)
                  00015198    00000110     libedma_xwr68xx.aer4f : edma.oer4f (.text:EDMA_transferComplete_isr)
                  000152a8    00000110     mmw_cli.oer4f (.text:MmwDemo_CLIAnalogMonitorCfg)
                  000153b8    0000010c     libdpedma_hwa_xwr68xx.aer4f : dpedma.oer4f (.text:DPEDMA_configSyncAB)
                  000154c4    0000010c     libdpm_xwr68xx.aer4f : dpm_msg.oer4f (.text:DPM_msgResultHandler)
                  000155d0    0000010c     libmmwave_xwr68xx.aer4f : mmwave_link.oer4f (.text:MMWave_asyncEventHandler)
                  000156dc    0000010c                             : mmwave_dualcore.oer4f (.text:MMWave_deviceInitFxn)
                  000157e8    00000008     librangeproc_hwa_xwr68xx.aer4f : rangeprochwa.oer4f (.text:rangeProcHWADoneIsrCallback)
                  000157f0    0000010c     sysbios.aer4ft : BIOS.obj (.text:ti_sysbios_knl_Task_schedule__I)
                  000158fc    00000004     libmmwave_xwr68xx.aer4f : mmwave_listlib.oer4f (.text:MMWave_listGetHead)
                  00015900    0000010c     sysbios.aer4ft : BIOS.obj (.text:xdc_runtime_Core_constructObject__I)
                  00015a0c    00000108     libdma_xwr68xx.aer4f : dma.oer4f (.text:DMA_disableInterrupt)
                  00015b14    00000108     libmailbox_xwr68xx.aer4f : mailbox.oer4f (.text:Mailbox_write)
                  00015c1c    00000108     mmw_cli.oer4f (.text:MmwDemo_CLICfarCfg)
                  00015d24    00000104     libcbuff_xwr68xx.aer4f : cbuff.oer4f (.text:CBUFF_deinit)
                  00015e28    00000104     libdpedma_hwa_xwr68xx.aer4f : dpedma.oer4f (.text:DPEDMA_configSyncA_singleFrame)
                  00015f2c    00000104     libmmwave_xwr68xx.aer4f : mmwave_link.oer4f (.text:MMWave_startLink)
                  00016030    00000104     mmw_cli.oer4f (.text:MmwDemo_CLIChirpQualityRxSatMonCfg)
                  00016134    00000104     mmw_cli.oer4f (.text:MmwDemo_CLICompRangeBiasAndRxChanPhaseCfg)
                  00016238    00000008     libmmwavelink_xwr68xx.aer4f : rl_driver.oer4f (.text:rlDriverConstructOutMsg)
                  00016240    00000104     sysbios.aer4ft : BIOS.obj (.text:ti_sysbios_timers_rti_Timer_getFreq__E)
                  00016344    00000100     libcli_xwr68xx.aer4f : cli_mmwave.oer4f (.text:CLI_MMWaveBPMCfgAdvanced)
                  00016444    00000100     libdma_xwr68xx.aer4f : dma.oer4f (.text:DMA_clearChannelInterruptFlag)
                  00016544    00000100     libgtrack3D.aer4f : gtrack_utilities.oer4f (.text:gtrack_spherical2cartesian)
                  00016644    00000100     libmmwavelink_xwr68xx.aer4f : rl_driver.oer4f (.text:rlDriverInit)
                  00016744    000000fc     libcbuff_xwr68xx.aer4f : cbuff.oer4f (.text:CBUFF_deleteSession)
                  00016840    000000fc     libcrc_xwr68xx.aer4f : crc.oer4f (.text:CRC_computeSignature)
                  0001693c    000000fc     mmw_cli.oer4f (.text:MmwDemo_CLIADCBufCfg)
                  00016a38    000000fc     mss_main.oer4f (.text:MmwDemo_edmaOpen)
                  00016b34    0000000c     libuart_xwr68xx.aer4f : uartsci_dma.oer4f (.text:UartSci_isDMAEnabled)
                  00016b40    000000fc     sysbios.aer4ft : BIOS.obj (.text:ti_sysbios_knl_Task_exit__E)
                  00016c3c    000000f8     libmmwavelink_xwr68xx.aer4f : rl_driver.oer4f (.text:rlDriverRdVerifyMsg)
                  00016d34    000000f8     mmw_mss_per4ft.oer4ft (.text:xdc_runtime_System_printfExtend__I)
                  00016e2c    00000004     libmmwave_xwr68xx.aer4f : mmwave_listlib.oer4f (.text:MMWave_listGetNext)
                  00016e30    000000f0     sysbios.aer4ft : BIOS.obj (.text:ti_sysbios_family_arm_v7r_vim_Hwi_Module_startup__E)
                  00016f20    000000f0                    : BIOS.obj (.text:ti_sysbios_knl_Task_startCore__E)
                  00017010    000000f0                    : BIOS.obj (.text:ti_sysbios_utils_Load_taskCreateHook__E)
                  00017100    000000ed     objdetrangehwa.oer4f (.text:DPC_ObjectDetection_frameStart)
                  000171ed    00000003     --HOLE-- [fill = 0]
                  000171f0    000000ec     rtsv7R4_T_le_v3D16_eabi.lib : s_scalbn.obj (.text)
                  000172dc    00000004     libmmwave_xwr68xx.aer4f : mmwave_link.oer4f (.text:MMWave_mboxClose)
                  000172e0    000000ec     sysbios.aer4ft : BIOS.obj (.text:ti_sysbios_heaps_HeapBuf_Module_startup__E)
                  000173cc    000000ea     libdpedma_hwa_xwr68xx.aer4f : dpedmahwa.oer4f (.text:DPEDMAHWA_configTwoHotSignature)
                  000174b6    00000002     --HOLE-- [fill = 0]
                  000174b8    000000e8     mmw_cli.oer4f (.text:MmwDemo_CLIChirpQualitySigImgMonCfg)
                  000175a0    000000e4     libmmwavelink_xwr68xx.aer4f : rl_sensor.oer4f (.text:rlRfPhShiftCalibDataRestore)
                  00017684    000000e2     libedma_xwr68xx.aer4f : edma.oer4f (.text:EDMA_paramConfig_assist)
                  00017766    00000002     --HOLE-- [fill = 0]
                  00017768    000000e0     libcli_xwr68xx.aer4f : cli.oer4f (.text:CLI_open)
                  00017848    000000e0     libdma_xwr68xx.aer4f : dma.oer4f (.text:DMA_enableInterrupt)
                  00017928    000000e0     libgtrack3D.aer4f : gtrack_unit_create.oer4f (.text:gtrack_unitCreate)
                  00017a08    000000e0     rtsv7R4_T_le_v3D16_eabi.lib : s_floor.obj (.text)
                  00017ae8    000000dc     libmmwave_xwr68xx.aer4f : mmwave.oer4f (.text:MMWave_init)
                  00017bc4    000000dc     libmmwavelink_xwr68xx.aer4f : rl_driver.oer4f (.text:rlDriverMsgCmdReply)
                  00017ca0    000000dc     rtsv7R4_T_le_v3D16_eabi.lib : setvbuf.obj (.text)
                  00017d7c    000000d9     objdetrangehwa.oer4f (.text:DPC_ObjectDetection_start)
                  00017e55    00000003     --HOLE-- [fill = 0]
                  00017e58    000000d4     libmailbox_xwr68xx.aer4f : mailbox.oer4f (.text:Mailbox_read)
                  00017f2c    000000d4     librangeproc_hwa_xwr68xx.aer4f : rangeprochwa.oer4f (.text:rangeProcHWA_ConfigEDMA_DataIn)
                  00018000    000000d4     libmmwavelink_xwr68xx.aer4f : rl_sensor.oer4f (.text:rlSetMultiBpmChirpConfig)
                  000180d4    000000d4     rtsv7R4_T_le_v3D16_eabi.lib : s_scalbnf.obj (.text)
                  000181a8    00000008     libmmwavelink_xwr68xx.aer4f : rl_driver.oer4f (.text:rlDriverGetHandle)
                  000181b0    000000d4     sysbios.aer4ft : BIOS.obj (.text:ti_sysbios_utils_Load_logLoads__I)
                  00018284    000000d2     libgtrack3D.aer4f : gtrack_math.oer4f (.text:gtrack_matrixPrint2)
                  00018356    00000002     --HOLE-- [fill = 0]
                  00018358    000000d0     librangeproc_hwa_xwr68xx.aer4f : rangeprochwa.oer4f (.text:DPU_RangeProcHWA_control)
                  00018428    000000d0     libsoc_xwr68xx.aer4f : soc_xwr68xx_mss.oer4f (.text:SOC_controlSecureFirewall)
                  000184f8    000000d0     sysbios.aer4ft : exc_Exception_asm.obj (.text:ti_sysbios_family_arm_exc_Exception_excHandlerAsm__I)
                  000185c8    00000008                    : BIOS.obj (.text:ti_sysbios_family_arm_v7a_Pmu_getEnabled__E)
                  000185d0    000000d0                    : BIOS.obj (.text:ti_sysbios_utils_Load_idleFxn__E)
                  000186a0    000000d0                    : BIOS.obj (.text:xdc_runtime_LoggerBuf_Instance_init__E)
                  00018770    000000cc     libhwa_xwr68xx.aer4f : hwa.oer4f (.text:HWA_enableParamSetInterrupt)
                  0001883c    000000cc     libmmwavelink_xwr68xx.aer4f : rl_sensor.oer4f (.text:rlRfCalibDataRestore)
                  00018908    000000cc                                 : rl_sensor.oer4f (.text:rlSetChirpConfig)
                  000189d4    000000cc     rtsv7R4_T_le_v3D16_eabi.lib : fflush.obj (.text)
                  00018aa0    000000cc     sysbios.aer4ft : BIOS.obj (.text:ti_sysbios_knl_Task_checkStacks__E)
                  00018b6c    000000c8     libmmwave_xwr68xx.aer4f : mmwave_fullcfg.oer4f (.text:MMWave_addChirp)
                  00018c34    000000c8                             : mmwave_link.oer4f (.text:MMWave_configBPM)
                  00018cfc    000000c8                             : mmwave_fullcfg.oer4f (.text:MMWave_flushCfg)
                  00018dc4    000000c8                             : mmwave_fullcfg.oer4f (.text:MMWave_getChirpHandle)
                  00018e8c    000000c8     mmw_lvds_stream.oer4f (.text:MmwDemo_LVDSStream_SwTriggerFrameDone)
                  00018f54    000000c8     libsoc_xwr68xx.aer4f : soc_xwr68xx.oer4f (.text:SOC_ungateClock)
                  0001901c    000000c8     libmmwavelink_xwr68xx.aer4f : rl_sensor.oer4f (.text:rlSetFrameConfig)
                  000190e4    000000c4     libcbuff_xwr68xx.aer4f : cbuff_transfer.oer4f (.text:CBUFF_setupNonInterleaved_CP_ADC_CQ)
                  000191a8    000000c4     libdpm_xwr68xx.aer4f : dpm_core.oer4f (.text:DPM_deinit)
                  0001926c    000000c4                          : dpm_core.oer4f (.text:DPM_ioctl)
                  00019330    000000c4     sysbios.aer4ft : BIOS.obj (.text:ti_sysbios_family_arm_v7a_Pmu_configureCounter__E)
                  000193f4    000000c0     librangeproc_hwa_xwr68xx.aer4f : rangeprochwa.oer4f (.text:DPU_RangeProcHWA_init)
                  000194b4    000000c0     mmw_cli.oer4f (.text:MmwDemo_heatmapGenCfg)
                  00019574    000000c0     mss_main.oer4f (.text:MmwDemo_isAllCfgInPendingState)
                  00019634    000000c0     libmmwavelink_xwr68xx.aer4f : rl_driver.oer4f (.text:rlDriverMsgWrite)
                  000196f4    0000000c     sysbios.aer4ft : arm_IntrinsicsSupport_asm.obj (.text:_ti_sysbios_family_arm_IntrinsicsSupport_maxbitA)
                  00019700    000000c0                    : BIOS.obj (.text:ti_sysbios_timers_rti_Timer_startup__E)
                  000197c0    000000bc     libcli_xwr68xx.aer4f : cli.oer4f (.text:CLI_help)
                  0001987c    000000bc     libgpio_xwr68xx.aer4f : gpio.oer4f (.text:GPIO_write)
                  00019938    000000bc     libmmwave_xwr68xx.aer4f : mmwave_link.oer4f (.text:MMWave_computeCRC)
                  000199f4    000000bc     mmw_lvds_stream.oer4f (.text:MmwDemo_LVDSStream_EDMAInit)
                  00019ab0    000000bc     rtsv7R4_T_le_v3D16_eabi.lib : open.obj (.text)
                  00019b6c    000000b8     libcbuff_xwr68xx.aer4f : cbuff.oer4f (.text:CBUFF_ISR)
                  00019c24    000000b8                            : cbuff_transfer.oer4f (.text:CBUFF_setupTransfer)
                  00019cdc    000000b8     libdma_xwr68xx.aer4f : dma.oer4f (.text:DMA_getChannelInterruptFlag)
                  00019d94    000000b8     mmw_lvds_stream.oer4f (.text:MmwDemo_LVDSStream_EDMAFreeCBUFFHwChannel)
                  00019e4c    000000b8     mmw_lvds_stream.oer4f (.text:MmwDemo_LVDSStream_EDMAFreeCBUFFSwChannel)
                  00019f04    000000b8     mmw_lvds_stream.oer4f (.text:MmwDemo_LVDSStream_HwTriggerFrameDone)
                  00019fbc    000000b8     rtsv7R4_T_le_v3D16_eabi.lib : k_cos.obj (.text)
                  0001a074    000000b6     libsoc_xwr68xx.aer4f : soc_mpu.o (.text)
                  0001a12a    00000006     libosal_xwr68xx.aer4f : CycleprofilerP_tirtos.oer4f (.text:CycleprofilerP_getTimeStamp)
                  0001a130    000000b4     sysbios.aer4ft : BIOS.obj (.text:ti_sysbios_gates_GateMutex_enter__E)
                  0001a1e4    0000000c     rtsv7R4_T_le_v3D16_eabi.lib : copy_zero_init.obj (.text:decompress:ZI)
                  0001a1f0    000000b4     sysbios.aer4ft : BIOS.obj (.text:xdc_runtime_LoggerBuf_setFilterLevel__E)
                  0001a2a4    000000b2     libuart_xwr68xx.aer4f : uartsci_dma.oer4f (.text:UartSci_openDMA)
                  0001a356    00000002     --HOLE-- [fill = 0]
                  0001a358    000000b0     libcbuff_xwr68xx.aer4f : cbuff.oer4f (.text:CBUFF_deactivateSession)
                  0001a408    000000b0     libmmwave_xwr68xx.aer4f : mmwave_fullcfg.oer4f (.text:MMWave_addProfile)
                  0001a4b8    000000b0     tracker_utils.oer4f (.text:MmwDemo_CLIBoundaryBoxCfg)
                  0001a568    000000b0     tracker_utils.oer4f (.text:MmwDemo_CLIStaticBoundaryBoxCfg)
                  0001a618    000000b0     mss_main.oer4f (.text:MmwDemo_isAllCfgInNonPendingState)
                  0001a6c8    000000b0     libgtrack3D.aer4f : gtrack_utilities_3d.oer4f (.text:gtrack_calcMeasurementLimits)
                  0001a778    000000b0     libmmwavelink_xwr68xx.aer4f : rl_sensor.oer4f (.text:rlSetProfileConfig)
                  0001a828    00000008     mmw_mss_per4ft.oer4ft (.text:xdc_runtime_Text_visitRope__I)
                  0001a830    000000b0     sysbios.aer4ft : BIOS.obj (.text:ti_sysbios_utils_Load_updateLoads__E)
                  0001a8e0    000000b0                    : BIOS.obj (.text:xdc_runtime_Text_putMod__E)
                  0001a990    000000ae     mmwdemo_adcconfig.oer4f (.text:MmwDemo_ADCBufConfig)
                  0001aa3e    000000ae     rtsv7R4_T_le_v3D16_eabi.lib : _io_perm.obj (.text)
                  0001aaec    000000ac     libesm_xwr68xx.aer4f : esm.oer4f (.text:ESM_processInterrupt)
                  0001ab98    000000ac     mss_main.oer4f (.text:MmwDemo_mmWaveCtrlTask)
                  0001ac44    0000000c     libmmwavelink_xwr68xx.aer4f : rl_driver.oer4f (.text:rlDriverGetPlatformId)
                  0001ac50    000000ac     sysbios.aer4ft : BIOS.obj (.text:ti_sysbios_knl_Task_Module_startup__E)
                  0001acfc    00000004     libmmwave_xwr68xx.aer4f : mmwave_link.oer4f (.text:MMWave_mboxRead)
                  0001ad00    000000ac     sysbios.aer4ft : BIOS.obj (.text:ti_sysbios_utils_Load_startup__E)
                  0001adac    000000a9     objdetrangehwa.oer4f (.text:DPC_ObjectDetection_stop)
                  0001ae55    00000003     --HOLE-- [fill = 0]
                  0001ae58    000000a8     libadcbuf_xwr68xx.aer4f : adcbuf_mmwave.oer4f (.text:ADCBUF_MMWave_getChanBufAddr)
                  0001af00    000000a8     libcli_xwr68xx.aer4f : cli_mmwave.oer4f (.text:CLI_MMWaveExtensionHelp)
                  0001afa8    000000a8     libedma_xwr68xx.aer4f : edma_low_level.oer4f (.text:EDMA3Init)
                  0001b050    000000a8     libmmwave_xwr68xx.aer4f : mmwave_link.oer4f (.text:MMWave_configureProfileChirp)
                  0001b0f8    000000a8                             : mmwave_fullcfg.oer4f (.text:MMWave_getBpmChirpHandle)
                  0001b1a0    000000a8     tracker_utils.oer4f (.text:MmwDemo_CLIAllocationParamCfg)
                  0001b248    000000a8     mss_main.oer4f (.text:MmwDemo_EDMA_errorCallbackFxn)
                  0001b2f0    000000a8     mss_main.oer4f (.text:MmwDemo_EDMA_transferControllerErrorCallbackFxn)
                  0001b398    000000a8     libpinmux_xwr68xx.aer4f : pinmux.oer4f (.text:Pinmux_Set_OverrideCtrl)
                  0001b440    000000a8     libsoc_xwr68xx.aer4f : soc.oer4f (.text:SOC_deregisterSysIntListener)
                  0001b4e8    000000a8     libgtrack3D.aer4f : gtrack_delete.oer4f (.text:gtrack_delete)
                  0001b590    000000a8     libmmwavelink_xwr68xx.aer4f : rl_driver.oer4f (.text:rlDriverWaitForResponse)
                  0001b638    000000a8                                 : rl_sensor.oer4f (.text:rlSetAdvFrameConfig)
                  0001b6e0    000000a6     libgtrack3D.aer4f : gtrack_utilities_3d.oer4f (.text:gtrack_computeMahalanobis)
                  0001b786    00000002     --HOLE-- [fill = 0]
                  0001b788    000000a4     libdma_xwr68xx.aer4f : dma.oer4f (.text:DMA_assignChannel)
                  0001b82c    000000a4     libesm_xwr68xx.aer4f : esm.oer4f (.text:ESM_init)
                  0001b8d0    000000a4     libmmwave_xwr68xx.aer4f : mmwave_fullcfg.oer4f (.text:MMWave_addBpmChirp)
                  0001b974    000000a4                             : mmwave.oer4f (.text:MMWave_start)
                  0001ba18    000000a4     libsoc_xwr68xx.aer4f : soc_xwr68xx_mss.oer4f (.text:SOC_unhaltDSS)
                  0001babc    000000a4     rtsv7R4_T_le_v3D16_eabi.lib : k_sin.obj (.text)
                  0001bb60    000000a2     sysbios.aer4ft : BIOS.obj (.text:xdc_runtime_Text_putSite__E)
                  0001bc02    00000002     --HOLE-- [fill = 0]
                  0001bc04    000000a0     libqspiflash_xwr68xx.aer4f : qspiflash_device_macronix.oer4f (.text:QSPIFlash_macronix_progQuadRead)
                  0001bca4    000000a0     libsoc_xwr68xx.aer4f : soc.oer4f (.text:SOC_registerSysIntListener)
                  0001bd44    000000a0     auto_init.aer4ft : auto_init.oer4ft (.text)
                  0001bde4    0000000c     sysbios.aer4ft : BIOS.obj (.text:ti_sysbios_family_arm_v7a_Pmu_configureCounterI__I)
                  0001bdf0    000000a0                    : BIOS.obj (.text:ti_sysbios_knl_Task_blockI__E)
                  0001be90    0000009c     libmmwave_xwr68xx.aer4f : mmwave_link.oer4f (.text:MMWave_configLink)
                  0001bf2c    0000009c                             : mmwave_fullcfg.oer4f (.text:MMWave_getProfileHandle)
                  0001bfc8    0000009c     tracker_utils.oer4f (.text:MmwDemo_CLIGatingParamCfg)
                  0001c064    0000009c     mmw_cli.oer4f (.text:MmwDemo_CLIMeasureRangeBiasAndRxChanPhaseCfg)
                  0001c100    0000009c     libqspiflash_xwr68xx.aer4f : qspiflash_device_spansion.oer4f (.text:QSPIFlash_spansion_progQuadRead)
                  0001c19c    0000009c     libuart_xwr68xx.aer4f : uartsci.oer4f (.text:UartSci_write)
                  0001c238    0000009c     libgtrack3D.aer4f : gtrack_unit_stop.oer4f (.text:gtrack_unitStop)
                  0001c2d4    0000009c     rtsv7R4_T_le_v3D16_eabi.lib : memcpy_t2.obj (.text)
                  0001c370    0000009c     sysbios.aer4ft : BIOS.obj (.text:ti_sysbios_family_arm_v7r_vim_Hwi_initIntController__I)
                  0001c40c    00000004     libmmwave_xwr68xx.aer4f : mmwave_link.oer4f (.text:MMWave_registerInterruptHandler)
                  0001c410    0000009c     sysbios.aer4ft : BIOS.obj (.text:ti_sysbios_family_arm_v7r_vim_Hwi_mapChannel__I)
                  0001c4ac    00000004     libmmwave_xwr68xx.aer4f : mmwave_link.oer4f (.text:MMWave_unmaskHostIRQ)
                  0001c4b0    0000009c     sysbios.aer4ft : BIOS.obj (.text:ti_sysbios_knl_Semaphore_Instance_init__E)
                  0001c54c    0000009a     libdpm_xwr68xx.aer4f : dpm_msg.oer4f (.text:DPM_msgResponseHandler)
                  0001c5e6    0000009a     libgtrack3D.aer4f : gtrack_math.oer4f (.text:gtrack_matrixMakeSymmetrical)
                  0001c680    00000098     libmmwave_xwr68xx.aer4f : mmwave_fullcfg.oer4f (.text:MMWave_getChirpCfg)
                  0001c718    00000098     mmw_lvds_stream.oer4f (.text:MmwDemo_LVDSStream_EDMAAllocateCBUFFChannel)
                  0001c7b0    00000098     mmwdemo_rfparser.oer4f (.text:MmwDemo_RFParser_parseConfig)
                  0001c848    00000098     rtsv7R4_T_le_v3D16_eabi.lib : fclose.obj (.text)
                  0001c8e0    00000098                                 : fputc.obj (.text)
                  0001c978    00000098     sysbios.aer4ft : vim_Hwi_asm_switch.obj (.text)
                  0001ca10    00000098                    : BIOS.obj (.text:ti_sysbios_utils_Load_taskDeleteHook__E)
                  0001caa8    00000096     libedma_xwr68xx.aer4f : edma.oer4f (.text:EDMA_getErrorStatusInfo)
                  0001cb3e    00000096     libhwa_xwr68xx.aer4f : hwa.oer4f (.text:HWA_configRam)
                  0001cbd4    00000096     libuart_xwr68xx.aer4f : uartsci.oer4f (.text:UartSci_readChar)
                  0001cc6a    00000094     libcbuff_xwr68xx.aer4f : cbuff_transfer.oer4f (.text:CBUFF_setupNonInterleaved_ADC)
                  0001ccfe    00000002     --HOLE-- [fill = 0]
                  0001cd00    00000094     mmw_lvds_stream.oer4f (.text:MmwDemo_LVDSStream_EDMAAllocateCBUFFHwChannel)
                  0001cd94    00000094     mmw_lvds_stream.oer4f (.text:MmwDemo_LVDSStream_EDMAAllocateCBUFFSwChannel)
                  0001ce28    00000094     libsoc_xwr68xx.aer4f : soc_xwr68xx.oer4f (.text:SOC_gateClock)
                  0001cebc    00000094     libgtrack3D.aer4f : gtrack_utilities_3d.oer4f (.text:gtrack_calcDistance)
                  0001cf50    00000094                       : gtrack_math.oer4f (.text:gtrack_matrixCovFilter)
                  0001cfe4    00000094     libmmwavelink_xwr68xx.aer4f : rl_driver.oer4f (.text:rlDriverDeInit)
                  0001d078    00000094                                 : rl_driver.oer4f (.text:rlDriverMsgReadCmdCtx)
                  0001d10c    00000094                                 : rl_driver.oer4f (.text:rlDriverProcRdMsg)
                  0001d1a0    00000094     sysbios.aer4ft : vim_Hwi_asm.obj (.text:ti_sysbios_family_arm_v7r_vim_Hwi_dispatchIRQ__I)
                  0001d234    00000090     libgpio_xwr68xx.aer4f : gpio.oer4f (.text:GPIO_init)
                  0001d2c4    00000090     libmailbox_xwr68xx.aer4f : mailbox.oer4f (.text:Mailbox_close)
                  0001d354    00000090     libuart_xwr68xx.aer4f : uartsci_dma.oer4f (.text:UartSci_initiateTxDMA)
                  0001d3e4    00000090                           : uartsci.oer4f (.text:UartSci_read)
                  0001d474    0000000c     sysbios.aer4ft : BIOS.obj (.text:ti_sysbios_family_arm_v7a_Pmu_getCountI__E)
                  0001d480    00000090                    : BIOS.obj (.text:ti_sysbios_family_arm_v7a_Pmu_startCounter__E)
                  0001d510    00000090                    : BIOS.obj (.text:ti_sysbios_knl_Task_unblockI__E)
                  0001d5a0    00000090                    : BIOS.obj (.text:xdc_runtime_LoggerBuf_getFilterLevel__E)
                  0001d630    0000008e     libgtrack3D.aer4f : gtrack_utilities_3d.oer4f (.text:gtrack_matrixComputePJT)
                  0001d6be    00000002     --HOLE-- [fill = 0]
                  0001d6c0    0000008c     libcli_xwr68xx.aer4f : cli_mmwave.oer4f (.text:CLI_MMWaveDataOutputMode)
                  0001d74c    0000008c     libsoc_xwr68xx.aer4f : soc.oer4f (.text:SOC_init)
                  0001d7d8    0000008c                          : soc_xwr68xx.oer4f (.text:SOC_translateAddress)
                  0001d864    0000008c     libuart_xwr68xx.aer4f : uartsci_dma.oer4f (.text:UartSci_initiateRxDMA)
                  0001d8f0    0000008c     libgtrack3D.aer4f : gtrack_math.oer4f (.text:gtrack_matrixMultiply)
                  0001d97c    0000008c     libmmwavelink_xwr68xx.aer4f : rl_device.oer4f (.text:rlDevicePowerOn)
                  0001da08    0000008c                                 : rl_driver.oer4f (.text:rlDriverMsgReadSpawnCtx)
                  0001da94    0000000c     mmw_mss_per4ft.oer4ft (.text:ti_sysbios_knl_Queue_Object__get__S)
                  0001daa0    0000008c     sysbios.aer4ft : BIOS.obj (.text:ti_sysbios_family_arm_v7a_Pmu_getCount__E)
                  0001db2c    00000004     libmmwave_xwr68xx.aer4f : mmwave_link.oer4f (.text:MMWave_waitIRQStatus)
                  0001db30    0000008c     sysbios.aer4ft : BIOS.obj (.text:ti_sysbios_family_arm_v7r_vim_Hwi_Instance_finalize__E)
                  0001dbbc    00000004     mss_main.oer4f (.text:MmwDemo_sleep)
                  0001dbc0    0000008c     sysbios.aer4ft : BIOS.obj (.text:xdc_runtime_Memory_alloc__E)
                  0001dc4c    00000088     libhwa_xwr68xx.aer4f : hwa.oer4f (.text:HWA_disableParamSetInterrupt)
                  0001dcd4    00000088     libmmwave_xwr68xx.aer4f : mmwave_fullcfg.oer4f (.text:MMWave_getProfileCfg)
                  0001dd5c    00000088     libgtrack3D.aer4f : gtrack_math.oer4f (.text:gtrack_matrixTransposeMultiply)
                  0001dde4    00000088     rtsv7R4_T_le_v3D16_eabi.lib : vsnprintf.obj (.text)
                  0001de6c    00000086     libcbuff_xwr68xx.aer4f : cbuff_edma.oer4f (.text:CBUFF_closeEDMA)
                  0001def2    00000002     --HOLE-- [fill = 0]
                  0001def4    00000084     libmmwave_xwr68xx.aer4f : mmwave_dualcore.oer4f (.text:MMWave_deviceCfgAsyncEvent)
                  0001df78    00000084                             : mmwave_dualcore.oer4f (.text:MMWave_deviceEventFxn)
                  0001dffc    00000084                             : mmwave_fullcfg.oer4f (.text:MMWave_getNumBpmChirp)
                  0001e080    00000084                             : mmwave.oer4f (.text:MMWave_open)
                  0001e104    00000084     libgtrack3D.aer4f : gtrack_math.oer4f (.text:gtrack_sincosd)
                  0001e188    00000082     libhwa_xwr68xx.aer4f : hwa.oer4f (.text:HWA_paramDoneISR)
                  0001e20a    00000002     --HOLE-- [fill = 0]
                  0001e20c    00000081     libcbuff_xwr68xx.aer4f : cbuff_edma.oer4f (.text:CBUFF_setupEDMAShadowLink)
                  0001e28d    00000003     --HOLE-- [fill = 0]
                  0001e290    00000080     libcli_xwr68xx.aer4f : cli_mmwave.oer4f (.text:CLI_MMWaveChannelCfg)
                  0001e310    00000080     libdpm_xwr68xx.aer4f : dpm_mailbox.oer4f (.text:DPM_mboxRemoteMailboxCallbackFxn)
                  0001e390    00000080     libmmwave_xwr68xx.aer4f : mmwave_fullcfg.oer4f (.text:MMWave_getBpmChirpCfg)
                  0001e410    00000080     mmw_cli.oer4f (.text:MmwDemo_CLIAoAFovCfg)
                  0001e490    00000080     libsoc_xwr68xx.aer4f : soc.oer4f (.text:SOC_getDeviceRFFreqScaleFactor)
                  0001e510    00000080     libuart_xwr68xx.aer4f : uartsci.oer4f (.text:UartSci_writePolling)
                  0001e590    00000080     libgtrack3D.aer4f : gtrack_module.oer4f (.text:gtrack_moduleUpdate)
                  0001e610    00000080                       : gtrack_utilities_3d.oer4f (.text:gtrack_sph2cart)
                  0001e690    00000080     libmmwavelink_xwr68xx.aer4f : rl_driver.oer4f (.text:rlDriverExecuteGetApi)
                  0001e710    00000080     sysbios.aer4ft : BIOS.obj (.text:ti_sysbios_timers_rti_Timer_initDevice__I)
                  0001e790    0000007e     libosal_xwr68xx.aer4f : HwiP_tirtos.oer4f (.text:HwiP_create)
                  0001e80e    00000002     --HOLE-- [fill = 0]
                  0001e810    0000007e     libgtrack3D.aer4f : gtrack_math.oer4f (.text:gtrack_matrixPrint)
                  0001e88e    00000002     --HOLE-- [fill = 0]
                  0001e890    0000007d     libcbuff_xwr68xx.aer4f : cbuff_lvds.oer4f (.text:CBUFF_initLVDSLinkListParams)
                  0001e90d    00000003     --HOLE-- [fill = 0]
                  0001e910    0000007c     libdpm_xwr68xx.aer4f : dpm_pipe.oer4f (.text:DPM_pipeSend)
                  0001e98c    0000007c     libedma_xwr68xx.aer4f : edma.oer4f (.text:EDMA_clearErrors)
                  0001ea08    0000007c     libmmwave_xwr68xx.aer4f : mmwave_dualcore.oer4f (.text:MMWave_deviceOpenFxn)
                  0001ea84    0000007c     libmailbox_xwr68xx.aer4f : mailbox.oer4f (.text:Mailbox_init)
                  0001eb00    0000007c     tracker_utils.oer4f (.text:MmwDemoCLIMaxAccelerationParamCfg)
                  0001eb7c    0000007c     tracker_utils.oer4f (.text:MmwDemo_CLIStateParamCfg)
                  0001ebf8    0000007c     libuart_xwr68xx.aer4f : uartsci.oer4f (.text:UartSci_readPolling)
                  0001ec74    0000007c     sysbios.aer4ft : arm_TaskSupport_asm.obj (.text:_ti_sysbios_family_arm_TaskSupport_buildTaskStack)
                  0001ecf0    0000007c                    : BIOS.obj (.text:xdc_runtime_Core_deleteObject__I)
                  0001ed6c    0000007b     mmw_cli.oer4f (.text:MmwDemo_CLIGetSubframe)
                  0001ede7    00000001     --HOLE-- [fill = 0]
                  0001ede8    0000007a     libgtrack3D.aer4f : gtrack_math.oer4f (.text:gtrack_matrixCovAcc)
                  0001ee62    0000007a     rtsv7R4_T_le_v3D16_eabi.lib : memset_t2.obj (.text)
                  0001eedc    00000078     libadcbuf_xwr68xx.aer4f : adcbuf_mmwave.oer4f (.text:ADCBUF_MMWave_getCQBufAddr)
                  0001ef54    00000078     libcbuff_xwr68xx.aer4f : cbuff_transfer.oer4f (.text:CBUFF_configUserBufferEDMA)
                  0001efcc    00000078                            : cbuff.oer4f (.text:CBUFF_setVC)
                  0001f044    00000078     libcli_xwr68xx.aer4f : cli_mmwave.oer4f (.text:CLI_MMWaveADCCfg)
                  0001f0bc    00000078     libedma_xwr68xx.aer4f : edma.oer4f (.text:EDMA_configParamSet)
                  0001f134    00000078     libmmwave_xwr68xx.aer4f : mmwave_fullcfg.oer4f (.text:MMWave_getNumChirps)
                  0001f1ac    00000078     libqspi_xwr68xx.aer4f : qspi.oer4f (.text:QSPI_cfgRead)
                  0001f224    00000074     libmmwave_xwr68xx.aer4f : mmwave.oer4f (.text:MMWave_config)
                  0001f298    00000074                             : mmwave_dualcore.oer4f (.text:MMWave_deviceStartFxn)
                  0001f30c    00000074     boot.aer4ft : boot.oer4ft (.text)
                  0001f380    00000074     libmmwavelink_xwr68xx.aer4f : rl_driver.oer4f (.text:rlDriverAsyncEventHandler)
                  0001f3f4    00000074     rtsv7R4_T_le_v3D16_eabi.lib : getdevice.obj (.text)
                  0001f468    00000074                                 : s_frexp.obj (.text)
                  0001f4dc    00000072     libgtrack3D.aer4f : gtrack_listlib.oer4f (.text:gtrack_listRemoveElement)
                  0001f54e    00000072     libmmwavelink_xwr68xx.aer4f : rl_driver.oer4f (.text:rlDriverClientCbCheck)
                  0001f5c0    00000070     libhsiheader_xwr68xx.aer4f : hsiheader.oer4f (.text:HSIHeader_deleteHeader)
                  0001f630    00000070     libhwa_xwr68xx.aer4f : hwa.oer4f (.text:HWA_getDriverAccess)
                  0001f6a0    00000070     libmmwave_xwr68xx.aer4f : mmwave_dualcore.oer4f (.text:MMWave_deviceCfgFxn)
                  0001f710    00000070     mmw_cli.oer4f (.text:MmwDemo_CLIGuiMonSel)
                  0001f780    00000070     sysbios.aer4ft : BIOS.obj (.text:xdc_runtime_Error_print__E)
                  0001f7f0    0000006c     libdma_xwr68xx.aer4f : dma.oer4f (.text:DMA_disableChannel)
                  0001f85c    0000006c                          : dma.oer4f (.text:DMA_enableChannel)
                  0001f8c8    0000006c     libdpm_xwr68xx.aer4f : dpm_core.oer4f (.text:DPM_relayResult)
                  0001f934    0000006c     libmmwave_xwr68xx.aer4f : mmwave_link.oer4f (.text:MMWave_spawn)
                  0001f9a0    0000006c                             : mmwave_link.oer4f (.text:MMWave_stopLink)
                  0001fa0c    0000006c     libpinmux_xwr68xx.aer4f : pinmux.oer4f (.text:Pinmux_Set_FuncSel)
                  0001fa78    0000006c     libqspiflash_xwr68xx.aer4f : qspiflash.oer4f (.text:QSPIFlashReadSFDP)
                  0001fae4    0000006c     libqspi_xwr68xx.aer4f : qspi.oer4f (.text:QSPI_cfgWrite)
                  0001fb50    0000006c     rtsv7R4_T_le_v3D16_eabi.lib : copy_decompress_lzss.obj (.text:decompress:lzss)
                  0001fbbc    0000006c     libgtrack3D.aer4f : gtrack_math.oer4f (.text:gtrack_matrixCovNormalize)
                  0001fc28    0000006c     rtsv7R4_T_le_v3D16_eabi.lib : trgmsg.obj (.text)
                  0001fc94    0000006a     libuart_xwr68xx.aer4f : uartsci.oer4f (.text:UartSci_control)
                  0001fcfe    00000002     --HOLE-- [fill = 0]
                  0001fd00    00000068     libdpm_xwr68xx.aer4f : dpm_msg.oer4f (.text:DPM_msgDPCCfgHandler)
                  0001fd68    00000068     libmmwave_xwr68xx.aer4f : mmwave_dualcore.oer4f (.text:MMWave_deviceStopFxn)
                  0001fdd0    00000068     libmailbox_xwr68xx.aer4f : mailbox.oer4f (.text:Mailbox_readFlush)
                  0001fe38    00000068     mss_main.oer4f (.text:MmwDemo_convertCfarToLinear)
                  0001fea0    00000068     libgtrack3D.aer4f : gtrack_utilities_3d.oer4f (.text:gtrack_isPointInsideBox)
                  0001ff08    00000068     librangeproc_hwa_xwr68xx.aer4f : rangeprochwa.oer4f (.text:rangeProcHWA_ConfigEDMATranspose)
                  0001ff70    00000068                                    : rangeprochwa.oer4f (.text:rangeProcHWA_ConfigHWACommon)
                  0001ffd8    00000068     libmmwavelink_xwr68xx.aer4f : rl_driver.oer4f (.text:rlDriverExecuteSetApi)
                  00020040    00000068                                 : rl_driver.oer4f (.text:rlDriverHostIrqHandler)
                  000200a8    00000068     rtsv7R4_T_le_v3D16_eabi.lib : hostlseek.obj (.text)
                  00020110    00000068                                 : hostrename.obj (.text)
                  00020178    00000066     libgtrack3D.aer4f : gtrack_utilities_3d.oer4f (.text:gtrack_computeMahalanobisPartial)
                  000201de    00000066     libmmwavelink_xwr68xx.aer4f : rl_device.oer4f (.text:rlDevicePowerOff)
                  00020244    00000064     libcli_xwr68xx.aer4f : cli_mmwave.oer4f (.text:CLI_MMWaveLowPowerCfg)
                  000202a8    00000064     libtrackerproc_xwr68xx.aer4f : trackerproc_3d.oer4f (.text:DPU_trackerProc_updateParamTables)
                  0002030c    00000064     libedma_xwr68xx.aer4f : edma.oer4f (.text:EDMA_getTransferControllerErrorStatusInfo)
                  00020370    00000064     libhwa_xwr68xx.aer4f : hwa.oer4f (.text:HWA_getDMAChanIndex)
                  000203d4    00000064     libosal_xwr68xx.aer4f : SemaphoreP_tirtos.oer4f (.text:SemaphoreP_create)
                  00020438    00000064     rtsv7R4_T_le_v3D16_eabi.lib : fseek.obj (.text)
                  0002049c    00000064                                 : sprintf.obj (.text)
                  00020500    00000064     sysbios.aer4ft : exc_Exception_asm.obj (.text:ti_sysbios_family_arm_exc_Exception_initCore0__I)
                  00020564    0000000a     libadcbuf_xwr68xx.aer4f : ADCBuf.oer4f (.text:ADCBuf_control)
                  0002056e    00000002     --HOLE-- [fill = 0]
                  00020570    00000064     sysbios.aer4ft : BIOS.obj (.text:ti_sysbios_family_arm_v7r_vim_Hwi_phantomIntHandler__I)
                  000205d4    0000000a     libadcbuf_xwr68xx.aer4f : ADCBuf.oer4f (.text:ADCBuf_getChanBufAddr)
                  000205de    00000002     --HOLE-- [fill = 0]
                  000205e0    00000064     sysbios.aer4ft : BIOS.obj (.text:ti_sysbios_knl_Clock_logTick__E)
                  00020644    0000000a     libcbuff_xwr68xx.aer4f : cbuff_lvds.oer4f (.text:CBUFF_deinitLVDS)
                  0002064e    00000002     --HOLE-- [fill = 0]
                  00020650    00000064     sysbios.aer4ft : BIOS.obj (.text:ti_sysbios_utils_Load_logCPULoad__I)
                  000206b4    0000000a     libdpm_xwr68xx.aer4f : dpm_core.oer4f (.text:DPM_chirpISR)
                  000206be    00000002     --HOLE-- [fill = 0]
                  000206c0    00000064     sysbios.aer4ft : BIOS.obj (.text:xdc_runtime_Startup_exec__E)
                  00020724    00000062     mmw_cli.oer4f (.text:MmwDemo_CLICfarFovCfg)
                  00020786    00000002     --HOLE-- [fill = 0]
                  00020788    00000060     libcli_xwr68xx.aer4f : cli_mmwave.oer4f (.text:CLI_MMWaveExtensionHandler)
                  000207e8    00000060     libosal_xwr68xx.aer4f : DebugP_tirtos.oer4f (.text:DebugP_log2)
                  00020848    00000060                           : DebugP_tirtos.oer4f (.text:DebugP_log3)
                  000208a8    00000006     objdetrangehwa.oer4f (.text:DPC_ObjDetRangeHwa_GetRangeWinGenLen)
                  000208ae    00000002     --HOLE-- [fill = 0]
                  000208b0    00000060     sysbios.aer4ft : BIOS.obj (.text:ti_sysbios_heaps_HeapMem_alloc__E)
                  00020910    00000060                    : BIOS.obj (.text:xdc_runtime_Assert_raise__I)
                  00020970    0000005f                    : BIOS.obj (.text:xdc_runtime_Text_putLab__E)
                  000209cf    00000001     --HOLE-- [fill = 0]
                  000209d0    0000005e     libuart_xwr68xx.aer4f : uartsci.oer4f (.text:UartSci_writeChar)
                  00020a2e    0000005e     libgtrack3D.aer4f : gtrack_utilities.oer4f (.text:gtrack_unrollRadialVelocity)
                  00020a8c    0000005c     libmmwave_xwr68xx.aer4f : mmwave_link.oer4f (.text:MMWave_mboxOpen)
                  00020ae8    0000005c                             : mmwave.oer4f (.text:MMWave_stop)
                  00020b44    0000005c     libqspiflash_xwr68xx.aer4f : qspiflash.oer4f (.text:QSPIFlashGetDeviceID)
                  00020ba0    0000005c     libsoc_xwr68xx.aer4f : soc.oer4f (.text:SOC_enableLVDS)
                  00020bfc    0000005c     rtsv7R4_T_le_v3D16_eabi.lib : hostopen.obj (.text)
                  00020c58    0000005c                                 : hostread.obj (.text)
                  00020cb4    0000000a     libdpm_xwr68xx.aer4f : dpm_core.oer4f (.text:DPM_frameStartISR)
                  00020cbe    00000002     --HOLE-- [fill = 0]
                  00020cc0    0000005c     sysbios.aer4ft : BIOS.obj (.text:ti_sysbios_utils_Load_updateCurrentThreadTime__E)
                  00020d1c    0000005a     libuart_xwr68xx.aer4f : uartsci.oer4f (.text:UartSci_readCancel)
                  00020d76    0000005a     libmmwavelink_xwr68xx.aer4f : rl_driver.oer4f (.text:rlDriverCalChkSum)
                  00020dd0    00000058     libdpm_xwr68xx.aer4f : dpm_core.oer4f (.text:DPM_execute)
                  00020e28    00000058                          : dpm_mailbox.oer4f (.text:DPM_mboxInit)
                  00020e80    00000058     libosal_xwr68xx.aer4f : DebugP_tirtos.oer4f (.text:DebugP_log0)
                  00020ed8    00000058                           : DebugP_tirtos.oer4f (.text:DebugP_log1)
                  00020f30    00000058     libedma_xwr68xx.aer4f : edma_low_level.oer4f (.text:EDMA3EnableChInShadowReg)
                  00020f88    00000058     libesm_xwr68xx.aer4f : esm.oer4f (.text:ESM_highpriority_FIQ)
                  00020fe0    00000058     libhwa_xwr68xx.aer4f : hwa.oer4f (.text:HWA_getDMAconfig)
                  00021038    00000058     libmmwave_xwr68xx.aer4f : mmwave.oer4f (.text:MMWave_execute)
                  00021090    00000058                             : mmwave_link.oer4f (.text:MMWave_initCRC)
                  000210e8    00000058     mmw_cli.oer4f (.text:MmwDemo_CLISensorStop)
                  00021140    00000058     libuart_xwr68xx.aer4f : uartsci_dma.oer4f (.text:UartSci_closeDMA)
                  00021198    00000058     libgtrack3D.aer4f : gtrack_utilities_3d.oer4f (.text:gtrack_isPointBehindTarget)
                  000211f0    00000058     rtsv7R4_T_le_v3D16_eabi.lib : close.obj (.text)
                  00021248    00000058                                 : hostwrite.obj (.text)
                  000212a0    00000056     libmmwavelink_xwr68xx.aer4f : rl_driver.oer4f (.text:rlDriverOsiCbCheck)
                  000212f6    00000002     --HOLE-- [fill = 0]
                  000212f8    00000054     libcrc_xwr68xx.aer4f : crc.oer4f (.text:CRC_getTransactionId)
                  0002134c    00000054     libdma_xwr68xx.aer4f : dma.oer4f (.text:DMA_freeChannel)
                  000213a0    00000054     libedma_xwr68xx.aer4f : edma.oer4f (.text:EDMA_error_isr)
                  000213f4    00000054     libmmwave_xwr68xx.aer4f : mmwave_link.oer4f (.text:MMWave_initLink)
                  00021448    00000054     mss_main.oer4f (.text:MmwDemo_CfgUpdate)
                  0002149c    00000054     mss_main.oer4f (.text:MmwDemo_resetStaticCfgPendingState)
                  000214f0    00000054     libqspiflash_xwr68xx.aer4f : qspiflash.oer4f (.text:QSPIFlash_writeEnable)
                  00021544    00000054     rtsv7R4_T_le_v3D16_eabi.lib : ltoa.obj (.text)
                  00021598    00000054     mmw_mss_per4ft.oer4ft (.text:ti_sysbios_family_arm_v7r_vim_Hwi_create)
                  000215ec    00000004     libgtrack3D.aer4f : gtrack_listlib.oer4f (.text:gtrack_listGetCount)
                  000215f0    00000054     sysbios.aer4ft : BIOS.obj (.text:ti_sysbios_heaps_HeapMem_getStats__E)
                  00021644    0000000a     libosal_xwr68xx.aer4f : MemoryP_tirtos.oer4f (.text:MemoryP_ctrlFree)
                  0002164e    00000002     --HOLE-- [fill = 0]
                  00021650    00000054     sysbios.aer4ft : BIOS.obj (.text:xdc_runtime_Core_assignLabel__I)
                  000216a4    00000052     libdpedma_hwa_xwr68xx.aer4f : dpedma.oer4f (.text:DPEDMA_setup_shadow_link)
                  000216f6    00000052     libgtrack3D.aer4f : gtrack_utilities_3d.oer4f (.text:gtrack_calcDim)
                  00021748    00000050     libcrc_xwr68xx.aer4f : crc.oer4f (.text:CRC_getSignature)
                  00021798    00000050     libdpm_xwr68xx.aer4f : dpm_core.oer4f (.text:DPM_synch)
                  000217e8    00000050     libedma_xwr68xx.aer4f : edma_low_level.oer4f (.text:EDMA3MapChToEvtQ)
                  00021838    00000050     libmmwave_xwr68xx.aer4f : mmwave.oer4f (.text:MMWave_sync)
                  00021888    00000050     mmw_cli.oer4f (.text:MmwDemo_CLIMultiObjBeamForming)
                  000218d8    00000050     libgtrack3D.aer4f : gtrack_module.oer4f (.text:gtrack_modulePredict)
                  00021928    00000050     mss_main.oer4f (.text:mmwDemo_mssDPMTask)
                  00021978    00000050     libmmwavelink_xwr68xx.aer4f : rl_driver.oer4f (.text:rlDeviceIdentifyCmdDir)
                  000219c8    00000050                                 : rl_driver.oer4f (.text:rlDriverVerifyCRC)
                  00021a18    00000050     rtsv7R4_T_le_v3D16_eabi.lib : atoi.obj (.text)
                  00021a68    00000050                                 : exit.obj (.text)
                  00021ab8    00000050                                 : u_div32.obj (.text)
                  00021b08    00000006     libdpm_xwr68xx.aer4f : dpm_mailbox.oer4f (.text:DPM_mboxSynch)
                  00021b0e    00000002     --HOLE-- [fill = 0]
                  00021b10    00000050     sysbios.aer4ft : BIOS.obj (.text:xdc_runtime_System_exit__E)
                  00021b60    0000004c     libcli_xwr68xx.aer4f : cli.oer4f (.text:CLI_write)
                  00021bac    0000004c     libedma_xwr68xx.aer4f : edma.oer4f (.text:EDMA_disableChannel)
                  00021bf8    0000004c                           : edma.oer4f (.text:EDMA_enableChannel)
                  00021c44    0000004c     libhwa_xwr68xx.aer4f : hwa.oer4f (.text:HWA_enableDoneInterrupt)
                  00021c90    0000004c     libmailbox_xwr68xx.aer4f : mailbox.oer4f (.text:Mailbox_boxEmptyISRProcessing)
                  00021cdc    0000004c     libqspiflash_xwr68xx.aer4f : qspiflash_device_macronix.oer4f (.text:QSPIFlash_macronix_init)
                  00021d28    0000004c     libuart_xwr68xx.aer4f : uartsci.oer4f (.text:UartSci_writeCancel)
                  00021d74    0000004c     libgtrack3D.aer4f : gtrack_unit_report.oer4f (.text:gtrack_unitReport)
                  00021dc0    0000004c     rtsv7R4_T_le_v3D16_eabi.lib : cpy_tbl.obj (.text)
                  00021e0c    00000004     libgtrack3D.aer4f : gtrack_listlib.oer4f (.text:gtrack_listGetFirst)
                  00021e10    0000004c     sysbios.aer4ft : BIOS.obj (.text:ti_sysbios_family_arm_v7r_vim_Hwi_getStackInfo__E)
                  00021e5c    0000004c     mmw_mss_per4ft.oer4ft (.text:ti_sysbios_knl_Task_create)
                  00021ea8    00000006     libedma_xwr68xx.aer4f : edma_low_level.oer4f (.text:EDMA3ClrCCErr)
                  00021eae    00000002     --HOLE-- [fill = 0]
                  00021eb0    0000004c     sysbios.aer4ft : BIOS.obj (.text:ti_sysbios_knl_Task_stat__E)
                  00021efc    00000004     libgtrack3D.aer4f : gtrack_listlib.oer4f (.text:gtrack_listGetNext)
                  00021f00    0000004c     sysbios.aer4ft : BIOS.obj (.text:ti_sysbios_utils_Load_taskSwitchHook__E)
                  00021f4c    0000004a     libdpm_xwr68xx.aer4f : dpm_mailbox.oer4f (.text:DPM_mboxSendResult)
                  00021f96    0000004a     libmailbox_xwr68xx.aer4f : mailbox.oer4f (.text:Mailbox_boxFullISRProcessing)
                  00021fe0    0000004a     sysbios.aer4ft : BIOS.obj (.text:xdc_runtime_Core_assignParams__I)
                  0002202a    00000006     libedma_xwr68xx.aer4f : edma_low_level.oer4f (.text:EDMA3ErrIntrHighStatusGet)
                  00022030    0000004a     sysbios.aer4ft : BIOS.obj (.text:xdc_runtime_Text_xprintf__I)
                  0002207a    00000048     libcbuff_xwr68xx.aer4f : cbuff_transfer.oer4f (.text:CBUFF_setup_USER)
                  000220c2    00000048     libdpm_xwr68xx.aer4f : dpm_pipe.oer4f (.text:DPM_pipeRecv)
                  0002210a    00000002     --HOLE-- [fill = 0]
                  0002210c    00000048     libhwa_xwr68xx.aer4f : hwa.oer4f (.text:HWA_deleteInstance)
                  00022154    00000048     libmmwavelink_xwr68xx.aer4f : rl_device.oer4f (.text:rlDeviceGetVersion)
                  0002219c    00000048                                 : rl_driver.oer4f (.text:rlDriverOsiInit)
                  000221e4    00000048     mmw_mss_per4ft.oer4ft (.text:xdc_runtime_LoggerBuf_Object__create__S)
                  0002222c    00000046     libmailbox_xwr68xx.aer4f : mailbox.oer4f (.text:CSL_FINSR)
                  00022272    00000002     --HOLE-- [fill = 0]
                  00022274    00000044     libadcbuf_xwr68xx.aer4f : adcbuf_mmwave.oer4f (.text:ADCBUF_MMWave_close)
                  000222b8    00000044     libcrc_xwr68xx.aer4f : crc.oer4f (.text:CRC_resetSignature)
                  000222fc    00000044     libdpm_xwr68xx.aer4f : dpm_core.oer4f (.text:DPM_start)
                  00022340    00000044                          : dpm_core.oer4f (.text:DPM_stop)
                  00022384    00000044     libmailbox_xwr68xx.aer4f : mailbox.oer4f (.text:Mailbox_boxFullISRMssDss)
                  000223c8    00000044     libsoc_xwr68xx.aer4f : soc_xwr68xx_mss.oer4f (.text:SOC_resetDMA)
                  0002240c    00000044     rtsv7R4_T_le_v3D16_eabi.lib : hostclose.obj (.text)
                  00022450    00000044                                 : hostunlink.obj (.text)
                  00022494    0000000a     libosal_xwr68xx.aer4f : SemaphoreP_tirtos.oer4f (.text:SemaphoreP_post)
                  0002249e    00000002     --HOLE-- [fill = 0]
                  000224a0    00000044     sysbios.aer4ft : BIOS.obj (.text:ti_sysbios_family_arm_v7r_tms570_Core_Module_startup__E)
                  000224e4    0000000a     libuart_xwr68xx.aer4f : UART.oer4f (.text:UART_read)
                  000224ee    00000002     --HOLE-- [fill = 0]
                  000224f0    00000044     sysbios.aer4ft : BIOS.obj (.text:ti_sysbios_knl_Task_allBlockedFunction__I)
                  00022534    0000000a     libuart_xwr68xx.aer4f : UART.oer4f (.text:UART_write)
                  0002253e    00000002     --HOLE-- [fill = 0]
                  00022540    00000044     sysbios.aer4ft : BIOS.obj (.text:xdc_runtime_LoggerBuf_Module_startup__E)
                  00022584    0000000a     libuart_xwr68xx.aer4f : UART.oer4f (.text:UART_writePolling)
                  0002258e    00000002     --HOLE-- [fill = 0]
                  00022590    00000044     sysbios.aer4ft : BIOS.obj (.text:xdc_runtime_System_atexit__E)
                  000225d4    00000042     libcbuff_xwr68xx.aer4f : cbuff_lvds.oer4f (.text:CBUFF_closeLVDS)
                  00022616    00000042     libedma_xwr68xx.aer4f : edma.oer4f (.text:EDMA_transferController_error_isr)
                  00022658    00000042     libhwa_xwr68xx.aer4f : hwa.oer4f (.text:HWA_reset)
                  0002269a    00000042     libmmwave_xwr68xx.aer4f : mmwave_link.oer4f (.text:MMWave_executeLink)
                  000226dc    00000042     libgtrack3D.aer4f : gtrack_module.oer4f (.text:gtrack_moduleAssociate)
                  0002271e    00000042     libmmwavelink_xwr68xx.aer4f : rl_controller.oer4f (.text:rlGetSubBlock)
                  00022760    00000040     libedma_xwr68xx.aer4f : edma.oer4f (.text:EDMA_linkParamSets)
                  000227a0    00000040     libhwa_xwr68xx.aer4f : hwa.oer4f (.text:HWA_getHWAMemInfo)
                  000227e0    00000040     mmw_cli.oer4f (.text:MmwDemo_CLIClutterRemoval)
                  00022820    00000040     mmw_cli.oer4f (.text:MmwDemo_CLIExtendedMaxVelocity)
                  00022860    00000040     libqspiflash_xwr68xx.aer4f : qspiflash_device_spansion.oer4f (.text:QSPIFlash_spansion_init)
                  000228a0    00000040     libgtrack3D.aer4f : gtrack_math.oer4f (.text:gtrack_matrixSetDiag)
                  000228e0    00000040                       : gtrack_module.oer4f (.text:gtrack_moduleReport)
                  00022920    00000040     libmmwavelink_xwr68xx.aer4f : rl_driver.oer4f (.text:rlDriverValidateHdr)
                  00022960    00000040     rtsv7R4_T_le_v3D16_eabi.lib : strtok.obj (.text)
                  000229a0    00000040     sysbios.aer4ft : BIOS.obj (.text:ti_sysbios_timers_rti_Timer_stop__E)
                  000229e0    0000003e     libadcbuf_xwr68xx.aer4f : adcbuf_mmwave.oer4f (.text:CSL_FINSR)
                  00022a1e    0000003e     libcbuff_xwr68xx.aer4f : cbuff.oer4f (.text:CSL_FINSR)
                  00022a5c    0000003e                            : cbuff_lvds.oer4f (.text:CSL_FINSR)
                  00022a9a    0000003e     libcrc_xwr68xx.aer4f : crc.oer4f (.text:CSL_FINSR)
                  00022ad8    0000003e     libdma_xwr68xx.aer4f : dma.oer4f (.text:CSL_FINSR)
                  00022b16    0000003e     libgpio_xwr68xx.aer4f : gpio.oer4f (.text:CSL_FINSR)
                  00022b54    0000003e     libhwa_xwr68xx.aer4f : hwa.oer4f (.text:CSL_FINSR)
                  00022b92    0000003e     libpinmux_xwr68xx.aer4f : pinmux.oer4f (.text:CSL_FINSR)
                  00022bd0    0000003e     libqspi_xwr68xx.aer4f : qspi.oer4f (.text:CSL_FINSR)
                  00022c0e    0000003e     libsoc_xwr68xx.aer4f : soc.oer4f (.text:CSL_FINSR)
                  00022c4c    0000003e                          : soc_xwr68xx.oer4f (.text:CSL_FINSR)
                  00022c8a    0000003e                          : soc_xwr68xx_mss.oer4f (.text:CSL_FINSR)
                  00022cc8    0000003e     libuart_xwr68xx.aer4f : uartsci.oer4f (.text:CSL_FINSR)
                  00022d06    0000003e     libdpm_xwr68xx.aer4f : dpm_msg.oer4f (.text:DPM_msgStopHandler)
                  00022d44    0000003e     libhwa_xwr68xx.aer4f : hwa.oer4f (.text:HWA_enable)
                  00022d82    0000003e     libmmwave_xwr68xx.aer4f : mmwave.oer4f (.text:MMWave_decodeError)
                  00022dc0    0000003e     libuart_xwr68xx.aer4f : uartsci.oer4f (.text:UartSci_close)
                  00022dfe    0000003e     mmwdemo_monitor.oer4f (.text:mmwDemo_cfgAnalogMonitor)
                  00022e3c    0000003c     libcbuff_xwr68xx.aer4f : cbuff_transfer.oer4f (.text:CBUFF_configCQEDMA)
                  00022e78    0000003c     libcli_xwr68xx.aer4f : cli_mmwave.oer4f (.text:CLI_MMWaveFlushCfg)
                  00022eb4    0000003c     libedma_xwr68xx.aer4f : edma.oer4f (.text:EDMA_chainChannels)
                  00022ef0    0000003c     libmailbox_xwr68xx.aer4f : mailbox.oer4f (.text:Mailbox_writeReset)
                  00022f2c    0000003c     libsoc_xwr68xx.aer4f : soc_xwr68xx_mss.oer4f (.text:SOC_isSecureDevice)
                  00022f68    0000003c                          : soc.oer4f (.text:SOC_unhaltBSS)
                  00022fa4    0000003c     sysbios.aer4ft : vim_Hwi_asm.obj (.text:ti_sysbios_family_arm_v7r_vim_Hwi_init__I)
                  00022fe0    0000003c                    : BIOS.obj (.text:ti_sysbios_hal_Hwi_checkStack)
                  0002301c    00000004     mmw_mss_per4ft.oer4ft (.text:ti_sysbios_BIOS_RtsGateProxy_enter__E)
                  00023020    0000003c     sysbios.aer4ft : BIOS.obj (.text:ti_sysbios_heaps_HeapMem_init__I)
                  0002305c    0000003a     libhwa_xwr68xx.aer4f : hwa.oer4f (.text:HWA_setDMA2ACCManualTrig)
                  00023096    00000002     --HOLE-- [fill = 0]
                  00023098    0000003a     libosal_xwr68xx.aer4f : HwiP_tirtos.oer4f (.text:HwiP_delete)
                  000230d2    00000038     libcbuff_xwr68xx.aer4f : cbuff_transfer.oer4f (.text:CBUFF_addUserBufferLLEntry)
                  0002310a    00000038                            : cbuff_transfer.oer4f (.text:CBUFF_setupHeader)
                  00023142    00000002     --HOLE-- [fill = 0]
                  00023144    00000038     libcli_xwr68xx.aer4f : cli_mmwave.oer4f (.text:CLI_MMWaveExtensionInit)
                  0002317c    00000038     objdetrangehwa.oer4f (.text:DPC_ObjectDetection_deinit)
                  000231b4    00000038     libdpm_xwr68xx.aer4f : dpm_core.oer4f (.text:DPM_notifyExecute)
                  000231ec    00000038     libedma_xwr68xx.aer4f : edma_low_level.oer4f (.text:EDMA3ClrMissEvt)
                  00023224    00000038     libuart_xwr68xx.aer4f : UART.oer4f (.text:UART_init)
                  0002325c    00000036     libmmwavelink_xwr68xx.aer4f : rl_controller.oer4f (.text:rlAppendSubBlock)
                  00023292    00000036     rtsv7R4_T_le_v3D16_eabi.lib : strncpy.obj (.text)
                  000232c8    00000036                                 : ull_tofs_t2.obj (.text)
                  000232fe    00000002     --HOLE-- [fill = 0]
                  00023300    00000034     libadcbuf_xwr68xx.aer4f : ADCBuf.oer4f (.text:ADCBuf_open)
                  00023334    00000034     libedma_xwr68xx.aer4f : edma.oer4f (.text:EDMA_configTransferControllerError)
                  00023368    00000034     libhwa_xwr68xx.aer4f : hwa.oer4f (.text:HWA_disableDoneInterrupt)
                  0002339c    00000034     libmmwave_xwr68xx.aer4f : mmwave_link.oer4f (.text:MMWave_mboxWrite)
                  000233d0    00000034     libsoc_xwr68xx.aer4f : soc_xwr68xx.oer4f (.text:SOC_enableHWA)
                  00023404    00000034                          : soc_xwr68xx_mss.oer4f (.text:SOC_hasDSPCore)
                  00023438    00000034                          : soc_xwr68xx.oer4f (.text:SOC_setMMWaveDSSLinkState)
                  0002346c    00000034                          : soc_xwr68xx.oer4f (.text:SOC_setMMWaveMSSLinkState)
                  000234a0    00000034                          : soc_xwr68xx.oer4f (.text:SOC_setMSSLinkState)
                  000234d4    00000034     libuart_xwr68xx.aer4f : UART.oer4f (.text:UART_open)
                  00023508    00000006     libedma_xwr68xx.aer4f : edma_low_level.oer4f (.text:EDMA3GetCCErrStatus)
                  0002350e    00000002     --HOLE-- [fill = 0]
                  00023510    00000034     sysbios.aer4ft : BIOS.obj (.text:ti_sysbios_family_arm_a15_TimestampProvider_get64__E)
                  00023544    00000034     mmw_mss_per4ft.oer4ft (.text:ti_sysbios_knl_Semaphore_create)
                  00023578    00000032     libcrc_xwr68xx.aer4f : crc.oer4f (.text:CRC_getCRCDataSelectBitValue)
                  000235aa    00000002     --HOLE-- [fill = 0]
                  000235ac    00000032                          : crc.oer4f (.text:CRC_getCRCTypeBitValue)
                  000235de    00000032     libedma_xwr68xx.aer4f : edma.oer4f (.text:EDMA_configQueueThreshold)
                  00023610    00000032     libhwa_xwr68xx.aer4f : hwa.oer4f (.text:HWA_allParamDoneISR)
                  00023642    0000000e     libsoc_xwr68xx.aer4f : soc_xwr68xx_mss.oer4f (.text:SOC_microDelay)
                  00023650    00000032     sysbios.aer4ft : BIOS.obj (.text:ti_sysbios_hal_Hwi_initStack)
                  00023682    00000002     --HOLE-- [fill = 0]
                  00023684    00000030     libadcbuf_xwr68xx.aer4f : ADCBuf.oer4f (.text:ADCBuf_init)
                  000236b4    00000030     libcbuff_xwr68xx.aer4f : cbuff_transfer.oer4f (.text:CBUFF_addCQLLEntry)
                  000236e4    00000030     libmmwave_xwr68xx.aer4f : mmwave_listlib.oer4f (.text:MMWave_listRemoveNode)
                  00023714    00000030     libsoc_xwr68xx.aer4f : soc.oer4f (.text:SOC_getDevicePartNumber)
                  00023744    00000030     libgtrack3D.aer4f : gtrack_math.oer4f (.text:gtrack_matrixAdd)
                  00023774    00000030                       : gtrack_math.oer4f (.text:gtrack_matrixSub)
                  000237a4    00000030     libmmwavelink_xwr68xx.aer4f : rl_sensor.oer4f (.text:rlSensorStart)
                  000237d4    00000030     mmw_mss_per4ft.oer4ft (.text:ti_sysbios_BIOS_startFunc__I)
                  00023804    0000000a     libgtrack3D.aer4f : gtrack_listlib.oer4f (.text:gtrack_listInit)
                  0002380e    00000002     --HOLE-- [fill = 0]
                  00023810    00000030     sysbios.aer4ft : BIOS.obj (.text:ti_sysbios_family_arm_TaskSupport_start__E)
                  00023840    00000030     mmw_mss_per4ft.oer4ft (.text:ti_sysbios_gates_GateHwi_Object__create__S)
                  00023870    00000030     mmw_mss_per4ft.oer4ft (.text:ti_sysbios_gates_GateMutex_Object__create__S)
                  000238a0    00000030     mmw_mss_per4ft.oer4ft (.text:ti_sysbios_heaps_HeapMem_Object__create__S)
                  000238d0    00000030     sysbios.aer4ft : BIOS.obj (.text:ti_sysbios_heaps_HeapMem_free__E)
                  00023900    00000030     mmw_mss_per4ft.oer4ft (.text:ti_sysbios_knl_Semaphore_construct)
                  00023930    0000002f     sysbios.aer4ft : BIOS.obj (.text:xdc_runtime_Text_printVisFxn__I)
                  0002395f    00000001     --HOLE-- [fill = 0]
                  00023960    0000002e     libdpm_xwr68xx.aer4f : dpm_msg.oer4f (.text:DPM_msgStartHandler)
                  0002398e    0000002e     objdetrangehwa.oer4f (.text:_DPC_Objdet_Assert)
                  000239bc    00000004     mmw_mss_per4ft.oer4ft (.text:ti_sysbios_BIOS_RtsGateProxy_leave__E)
                  000239c0    0000002e     sysbios.aer4ft : BIOS.obj (.text:ti_sysbios_knl_Semaphore_pendTimeout__I)
                  000239ee    0000002e     mmw_mss_per4ft.oer4ft (.text:ti_sysbios_rts_MemAlloc_alloc)
                  00023a1c    0000002c     libdpm_xwr68xx.aer4f : dpm_pipe.oer4f (.text:DPM_pipeInit)
                  00023a48    0000002c     libtrackerproc_xwr68xx.aer4f : trackerproc_3d.oer4f (.text:DPU_TrackerProc_init)
                  00023a74    0000002c     libedma_xwr68xx.aer4f : edma.oer4f (.text:EDMA_validate_channelIdchannelType)
                  00023aa0    0000002c     libgpio_xwr68xx.aer4f : gpio.oer4f (.text:GPIO_HighPriorityISR)
                  00023acc    0000002c                           : gpio.oer4f (.text:GPIO_LowPriorityISR)
                  00023af8    0000002c     libmmwave_xwr68xx.aer4f : mmwave_osal.oer4f (.text:MMWave_osalMutexCreate)
                  00023b24    0000002c                             : mmwave_osal.oer4f (.text:MMWave_osalSemCreate)
                  00023b50    0000002c     libsoc_xwr68xx.aer4f : soc_xwr68xx_mss.oer4f (.text:SOC_waitBSSPowerUp)
                  00023b7c    0000002c     libmmwavelink_xwr68xx.aer4f : rl_device.oer4f (.text:rlDeviceGetMssVersion)
[...]
00027a20  ti_sysbios_knl_Task_Module__loggerObj__C                             
00027a24  ti_sysbios_knl_Task_Object__count__C                                 
00027a28  ti_sysbios_knl_Task_Object__heap__C                                  
00027a2c  ti_sysbios_knl_Task_allBlockedFunc__C                                
00027a30  ti_sysbios_knl_Task_defaultStackHeap__C                              
00027a34  ti_sysbios_knl_Task_defaultStackSize__C                              
00027a38  ti_sysbios_knl_Task_numConstructedTasks__C                           
00027a3c  ti_sysbios_timers_rti_Timer_E_cannotSupport__C                       
00027a40  ti_sysbios_timers_rti_Timer_Module__diagsEnabled__C                  
00027a44  ti_sysbios_timers_rti_Timer_Module__diagsIncluded__C                 
00027a48  ti_sysbios_timers_rti_Timer_Module__diagsMask__C                     
00027a4c  ti_sysbios_timers_rti_Timer_numTimerDevices__C                       
00027a50  ti_sysbios_timers_rti_Timer_startupNeeded__C                         
00027a54  ti_sysbios_utils_Load_LS_cpuLoad__C                                  
00027a58  ti_sysbios_utils_Load_LS_taskLoad__C                                 
00027a5c  ti_sysbios_utils_Load_Module_State_taskList__O                       
00027a60  ti_sysbios_utils_Load_Module__diagsEnabled__C                        
00027a64  ti_sysbios_utils_Load_Module__diagsIncluded__C                       
00027a68  ti_sysbios_utils_Load_Module__diagsMask__C                           
00027a6c  ti_sysbios_utils_Load_Module__loggerFxn1__C                          
00027a70  ti_sysbios_utils_Load_Module__loggerFxn4__C                          
00027a74  ti_sysbios_utils_Load_Module__loggerObj__C                           
00027a78  ti_sysbios_utils_Load_postUpdate__C                                  
00027a7c  ti_sysbios_utils_Load_windowInMs__C                                  
00027a80  xdc_runtime_Assert_E_assertFailed__C                                 
00027a84  xdc_runtime_Core_A_initializedParams__C                              
00027a88  xdc_runtime_Core_Module__diagsEnabled__C                             
00027a8c  xdc_runtime_Core_Module__diagsIncluded__C                            
00027a90  xdc_runtime_Core_Module__diagsMask__C                                
00027a94  xdc_runtime_Error_E_memory__C                                        
00027a98  xdc_runtime_Error_Module__diagsEnabled__C                            
00027a9c  xdc_runtime_Error_Module__diagsIncluded__C                           
00027aa0  xdc_runtime_Error_Module__diagsMask__C                               
00027aa4  xdc_runtime_Error_Module__loggerFxn8__C                              
00027aa8  xdc_runtime_Error_Module__loggerObj__C                               
00027aac  xdc_runtime_Error_policyFxn__C                                       
00027ab0  xdc_runtime_Error_policy__C                                          
00027ab4  xdc_runtime_Error_raiseHook__C                                       
00027ab8  xdc_runtime_IFilterLogger_Interface__BASE__C                         
00027abc  xdc_runtime_IGateProvider_Interface__BASE__C                         
00027ac0  xdc_runtime_IHeap_Interface__BASE__C                                 
00027ac4  xdc_runtime_ILogger_Interface__BASE__C                               
00027ac8  xdc_runtime_IModule_Interface__BASE__C                               
00027acc  xdc_runtime_Log_L_error__C                                           
00027ad0  xdc_runtime_LoggerBuf_E_badLevel__C                                  
00027ad4  xdc_runtime_LoggerBuf_Module__gateObj__C                             
00027ad8  xdc_runtime_LoggerBuf_Object__count__C                               
00027adc  xdc_runtime_LoggerBuf_statusLogger__C                                
00027ae0  xdc_runtime_Main_Module__diagsEnabled__C                             
00027ae4  xdc_runtime_Main_Module__diagsIncluded__C                            
00027ae8  xdc_runtime_Main_Module__diagsMask__C                                
00027aec  xdc_runtime_Main_Module__loggerFxn1__C                               
00027af0  xdc_runtime_Main_Module__loggerFxn2__C                               
00027af4  xdc_runtime_Main_Module__loggerFxn4__C                               
00027af8  xdc_runtime_Main_Module__loggerObj__C                                
00027afc  xdc_runtime_Memory_defaultHeapInstance__C                            
00027b00  xdc_runtime_Startup_execImpl__C                                      
00027b04  xdc_runtime_Startup_maxPasses__C                                     
00027b08  xdc_runtime_Startup_sfxnRts__C                                       
00027b0c  xdc_runtime_Startup_sfxnTab__C                                       
00027b10  xdc_runtime_System_Module__gateObj__C                                
00027b14  xdc_runtime_System_abortFxn__C                                       
00027b18  xdc_runtime_System_exitFxn__C                                        
00027b1c  xdc_runtime_System_extendFxn__C                                      
00027b20  xdc_runtime_System_maxAtexitHandlers__C                              
00027b24  xdc_runtime_Text_charTab__C                                          
00027b28  xdc_runtime_Text_nameEmpty__C                                        
00027b2c  xdc_runtime_Text_nameStatic__C                                       
00027b30  xdc_runtime_Text_nameUnknown__C                                      
00027b34  xdc_runtime_Text_visitRopeFxn__C                                     
00027b38  ti_sysbios_family_arm_v7r_tms570_Core_Module__id__C                  
00027b3a  ti_sysbios_family_arm_v7r_vim_Hwi_Module__id__C                      
00027b3c  ti_sysbios_family_arm_v7r_vim_Hwi_Module__loggerDefined__C           
00027b3e  ti_sysbios_gates_GateMutex_Module__id__C                             
00027b40  ti_sysbios_hal_Hwi_Module__id__C                                     
00027b42  ti_sysbios_heaps_HeapMem_Module__id__C                               
00027b44  ti_sysbios_knl_Clock_Module__id__C                                   
00027b46  ti_sysbios_knl_Clock_Module__loggerDefined__C                        
00027b48  ti_sysbios_knl_Semaphore_Module__id__C                               
00027b4a  ti_sysbios_knl_Semaphore_Module__loggerDefined__C                    
00027b4c  ti_sysbios_knl_Task_Module__id__C                                    
00027b4e  ti_sysbios_knl_Task_Module__loggerDefined__C                         
00027b50  ti_sysbios_timers_rti_Timer_Module__id__C                            
00027b52  ti_sysbios_timers_rti_Timer_continueOnSuspend__C                     
00027b54  ti_sysbios_utils_Load_Module__id__C                                  
00027b56  ti_sysbios_utils_Load_Module__loggerDefined__C                       
00027b58  ti_sysbios_utils_Load_autoAddTasks__C                                
00027b5a  ti_sysbios_utils_Load_updateInIdle__C                                
00027b5c  xdc_runtime_Core_Module__id__C                                       
00027b5e  xdc_runtime_Error_Module__loggerDefined__C                           
00027b60  xdc_runtime_Error_maxDepth__C                                        
00027b62  xdc_runtime_LoggerBuf_Module__id__C                                  
00027b64  xdc_runtime_LoggerBuf_filterByLevel__C                               
00027b66  xdc_runtime_Main_Module__id__C                                       
00027b68  xdc_runtime_Main_Module__loggerDefined__C                            
00027b6a  xdc_runtime_Memory_Module__id__C                                     
00027b6c  xdc_runtime_Text_charCnt__C                                          
00027b6e  xdc_runtime_Text_isLoaded__C                                         
00027b70  xdc_runtime_Text_registryModsLastId__C                               
00027b72  xdc_runtime_Text_unnamedModsLastId__C                                
00027b78  __TI_static_base__                                                   
00028168  __TI_Handler_Table_Base                                              
00028174  __TI_Handler_Table_Limit                                             
000281a0  __TI_CINIT_Base                                                      
000281d0  __TI_CINIT_Limit                                                     
08000000  ti_sysbios_heaps_HeapMem_Instance_State_0_buf__A                     
0801b000  xdc_runtime_LoggerBuf_Instance_State_0_entryArr__A                   
0801c900  ti_sysbios_family_arm_exc_Exception_Module_State_0_excStack_0__A     
0801d900  edmaDbg                                                              
0801dde8  ti_sysbios_knl_Task_Instance_State_0_stack__A                        
0801e108  gCLI                                                                 
0801e2b0  gGPIOMCB                                                             
0801e444  __CIOBUF_                                                            
0801e564  gMMWave_MCB                                                          
0801e664  __TI_tmpnams                                                         
0801e704  gObjDetObj                                                           
0801e708  gHSIHeaderMCB                                                        
0801e798  gEsmMCB                                                              
0801e808  gMMWave_DualcoreMCB                                                  
0801e810  parmbuf                                                              
0801e818  ti_sysbios_knl_Task_Instance_State_0_hookEnv__A                      
0801e820  qspiHandle                                                           
0801e824  qspiflashHandle                                                      
0801e828  gRFLdoBypassCfg                                                      
0801e82c  gtsIdx                                                               
0801e830  gts                                                                  
0801e9c0  gMmwMssMCB                                                           
0801f3f0  rl_txMsg                                                             
0801f4f0  rl_rxMsg                                                             
0801f7d8  gCLI_mmwave_freq_scale_factor                                        
0801f7e0  gCLIMMWaveOpenCfg                                                    
0801f808  gCLIMMWaveExtensionTable                                             
0801f8b0  gCLIMMWaveControlCfg                                                 
0801f97c  partInfoStringArray                                                  
0801fb40  appStateParamTable                                                   
0801fb68  appVariationParamTable                                               
0801fba8  appGatingParamTable                                                  
0801fbf8  appAllocationParamTable                                              
0801fc58  appSceneryParamTable                                                 
0801fdf8  ti_sysbios_family_arm_v7r_vim_Hwi_Module_State_0_dispatchTable__A    
0801fff8  _ftable                                                              
080200e8  ti_sysbios_utils_Load_Module__state__V                               
08020180  ti_sysbios_knl_Task_Module_State_0_readyQ__A                         
08020200  _device                                                              
08020278  gCBUFFHwAttribute                                                    
080202f0  ti_sysbios_knl_Task_Object__table__V                                 
0802034c  gUartSciHwCfg                                                        
080203a4  _stream                                                              
080203f4  gMailboxMCB                                                          
08020444  ti_sysbios_knl_Task_Module__state__V                                 
0802048c  SOC_TranslateAddr_LUT                                                
080204cc  ti_sysbios_gates_GateMutex_Object__table__V                          
0802050c  ti_sysbios_timers_rti_Timer_Object__table__V                         
08020548  gCBUFFInterfaceFxn                                                   
08020580  ti_sysbios_family_arm_v7r_vim_Hwi_Module__state__V                   
080205b4  gHWAHwCfg                                                            
080205e4  ti_sysbios_family_arm_v7r_vim_Hwi_Object__table__V                   
08020610  ti_sysbios_knl_Clock_Module__state__V                                
0802063c  gUartSciFxnTable                                                     
08020664  UART_config                                                          
08020688  gDPC_ObjDetRangeHWACfg                                               
080206ac  ti_sysbios_BIOS_Module__state__V                                     
080206d0  xdc_runtime_LoggerBuf_Object__table__V                               
080206f4  gHWADriverPtr                                                        
080206f8  gSOCHwAttrib                                                         
08020718  ti_sysbios_knl_Clock_Object__table__V                                
08020738  xdc_runtime_Error_IgnoreBlock                                        
08020758  xdc_runtime_System_Module_State_0_atexitHandlers__A                  
08020778  ti_sysbios_utils_Load_Module_State_0_taskEnv__A                      
08020794  ADCBuf_config                                                        
080207ac  gInterleavedTransferFxn                                              
080207c4  gMailboxMssBssHwCfg                                                  
080207dc  gMailboxMssDssHwCfg                                                  
080207f4  gMultipleChirpNonInterleavedTransferFxn                              
0802080c  gNonInterleavedTransferFxn                                           
08020824  ti_sysbios_heaps_HeapMem_Object__table__V                            
0802083c  ti_sysbios_timers_rti_Timer_Module_State_0_device__A                 
08020854  gDPMRemoteTable                                                      
08020868  ti_sysbios_family_arm_exc_Exception_Module__state__V                 
0802087c  gHwaEDMAChanMapping                                                  
0802088c  gQSPIHwCfg                                                           
0802089c  __TI_ft_end                                                          
080208a0  __aeabi_stdin                                                        
080208a4  __aeabi_stdout                                                       
080208a8  __aeabi_stderr                                                       
080208ac  ti_sysbios_timers_rti_Timer_Module_State_0_intFreqs__A               
080208bc  ti_sysbios_timers_rti_Timer_Module__state__V                         
080208cc  __TI_cleanup_ptr                                                     
080208d0  __TI_dtors_ptr                                                       
080208d4  __TI_enable_exit_profile_output                                      
080208d8  gESMHwCfgAttrs                                                       
080208e4  ti_sysbios_family_arm_v7a_Pmu_Module__state__V                       
080208f0  ti_sysbios_knl_Task_Module__root__V                                  
080208fc  _lock                                                                
08020900  _unlock                                                              
08020904  MmwDemo_RFParserHwCfg                                                
0802090c  QSPIFlash_deviceFxnTbl_macronix                                      
08020914  QSPIFlash_deviceFxnTbl_spansion                                      
0802091c  gDPMHwAttrib                                                         
08020924  gGPIOHwAtrrib                                                        
0802092c  ti_sysbios_family_arm_v7r_vim_Hwi_Module__root__V                    
08020934  ti_sysbios_gates_GateHwi_Module__root__V                             
0802093c  ti_sysbios_gates_GateMutex_Module__root__V                           
08020944  ti_sysbios_hal_Hwi_Object__table__V                                  
0802094c  ti_sysbios_heaps_HeapMem_Module__root__V                             
08020954  ti_sysbios_knl_Queue_Module__root__V                                 
0802095c  ti_sysbios_knl_Semaphore_Module__root__V                             
08020964  ti_sysbios_timers_rti_Timer_Module_State_0_handles__A                
0802096c  xdc_runtime_LoggerBuf_Module__root__V                                
08020974  xdc_runtime_Registry_Module__state__V                                
0802097c  xdc_runtime_Startup_Module__state__V                                 
08020984  xdc_runtime_System_Module__state__V                                  
0802098c  xdc_runtime_LoggerBuf_Module__state__V                               
08020992  ti_sysbios_family_arm_exc_Exception_Module_State_0_excActive__A      
08020994  gQSPIFlashHwCfg                                                      
0802099c  gCRCRegister                                                         
080209a0  gDPM                                                                 
080209a4  regionId                                                             
080209a8  gPinmuxRegs                                                          
080209ac  gQSPIDriverPtr                                                       
080209b4  errno                                                                
080209c0  main_func_sp                                                         
080209c8  ti_sysbios_family_arm_a15_TimestampProvider_Module__state__V         
080209cc  ti_sysbios_family_arm_exc_Exception_Module_State_0_excContext__A     
080209d0  ti_sysbios_family_arm_exc_Exception_Module_State_0_excStackBuffers__A
080209d4  ti_sysbios_family_arm_exc_Exception_Module_State_0_excStack__A       
080209d8  ti_sysbios_gates_GateHwi_Object__table__V                            
080209dc  ti_sysbios_heaps_HeapBuf_Module__state__V                            
080209e0  ti_sysbios_knl_Task_Module_State_0_idleTask__A                       
080209e4  ti_sysbios_utils_Load_Module_State_0_runningTask__A                  
080209e8  ti_sysbios_utils_Load_Module_State_0_taskStartTime__A                
080209ec  gGtrackMemoryUsed                                                    
080209f0  xdc_runtime_Memory_Module__state__V                                  
080209f4  xdc_runtime_Error_Module__state__V                                   
080209f6  xdc_runtime_Main_Module__root__V                                     
080209f8  gDPCTCM                                                              
080219f8  ti_sysbios_family_arm_v7r_vim_Hwi_Module_State_0_fiqStack__A         
080221f8  __stack                                                              
080229f8  __STACK_END                                                          
51000000  gMmwL3                                                               
fffffdec  ti_sysbios_family_arm_v7r_vim_Hwi_vim                                
ffffffff  __TI_pprof_out_hndl                                                  
ffffffff  __TI_prof_data_size                                                  
ffffffff  __TI_prof_data_start                                                 
ffffffff  __binit__                                                            
ffffffff  __c_args__                                                           
ffffffff  binit                                                                
UNDEFED   SHT$$INIT_ARRAY$$Base                                                
UNDEFED   SHT$$INIT_ARRAY$$Limit                                               

[1261 symbols]
